Archive member included to satisfy reference by file (symbol)

app/libapp.a(main.c.obj)      (--whole-archive)
zephyr/libzephyr.a(cbprintf_packaged.c.obj)
                              (--whole-archive)
zephyr/libzephyr.a(crc32c_sw.c.obj)
                              (--whole-archive)
zephyr/libzephyr.a(crc32_sw.c.obj)
                              (--whole-archive)
zephyr/libzephyr.a(crc16_sw.c.obj)
                              (--whole-archive)
zephyr/libzephyr.a(crc8_sw.c.obj)
                              (--whole-archive)
zephyr/libzephyr.a(crc7_sw.c.obj)
                              (--whole-archive)
zephyr/libzephyr.a(dec.c.obj)
                              (--whole-archive)
zephyr/libzephyr.a(fdtable.c.obj)
                              (--whole-archive)
zephyr/libzephyr.a(hex.c.obj)
                              (--whole-archive)
zephyr/libzephyr.a(printk.c.obj)
                              (--whole-archive)
zephyr/libzephyr.a(rb.c.obj)  (--whole-archive)
zephyr/libzephyr.a(sem.c.obj)
                              (--whole-archive)
zephyr/libzephyr.a(thread_entry.c.obj)
                              (--whole-archive)
zephyr/libzephyr.a(timeutil.c.obj)
                              (--whole-archive)
zephyr/libzephyr.a(heap.c.obj)
                              (--whole-archive)
zephyr/libzephyr.a(heap-validate.c.obj)
                              (--whole-archive)
zephyr/libzephyr.a(bitarray.c.obj)
                              (--whole-archive)
zephyr/libzephyr.a(multi_heap.c.obj)
                              (--whole-archive)
zephyr/libzephyr.a(cbprintf_complete.c.obj)
                              (--whole-archive)
zephyr/libzephyr.a(cbprintf.c.obj)
                              (--whole-archive)
zephyr/libzephyr.a(assert.c.obj)
                              (--whole-archive)
zephyr/libzephyr.a(configs.c.obj)
                              (--whole-archive)
zephyr/libzephyr.a(log_core.c.obj)
                              (--whole-archive)
zephyr/libzephyr.a(log_mgmt.c.obj)
                              (--whole-archive)
zephyr/libzephyr.a(log_cache.c.obj)
                              (--whole-archive)
zephyr/libzephyr.a(log_msg.c.obj)
                              (--whole-archive)
zephyr/libzephyr.a(log_output.c.obj)
                              (--whole-archive)
zephyr/libzephyr.a(log_backend_uart.c.obj)
                              (--whole-archive)
zephyr/libzephyr.a(tracing_none.c.obj)
                              (--whole-archive)
zephyr/arch/common/libarch__common.a(sw_isr_common.c.obj)
                              (--whole-archive)
zephyr/arch/arch/arm/core/aarch32/libarch__arm__core__aarch32.a(cpu_idle.S.obj)
                              (--whole-archive)
zephyr/arch/arch/arm/core/aarch32/libarch__arm__core__aarch32.a(fatal.c.obj)
                              (--whole-archive)
zephyr/arch/arch/arm/core/aarch32/libarch__arm__core__aarch32.a(irq_manage.c.obj)
                              (--whole-archive)
zephyr/arch/arch/arm/core/aarch32/libarch__arm__core__aarch32.a(nmi.c.obj)
                              (--whole-archive)
zephyr/arch/arch/arm/core/aarch32/libarch__arm__core__aarch32.a(nmi_on_reset.S.obj)
                              (--whole-archive)
zephyr/arch/arch/arm/core/aarch32/libarch__arm__core__aarch32.a(prep_c.c.obj)
                              (--whole-archive)
zephyr/arch/arch/arm/core/aarch32/libarch__arm__core__aarch32.a(swap.c.obj)
                              (--whole-archive)
zephyr/arch/arch/arm/core/aarch32/libarch__arm__core__aarch32.a(swap_helper.S.obj)
                              (--whole-archive)
zephyr/arch/arch/arm/core/aarch32/libarch__arm__core__aarch32.a(thread.c.obj)
                              (--whole-archive)
zephyr/arch/arch/arm/core/aarch32/libarch__arm__core__aarch32.a(isr_wrapper.S.obj)
                              (--whole-archive)
zephyr/arch/arch/arm/core/aarch32/cortex_m/libarch__arm__core__aarch32__cortex_m.a(exc_exit.S.obj)
                              (--whole-archive)
zephyr/arch/arch/arm/core/aarch32/cortex_m/libarch__arm__core__aarch32__cortex_m.a(fault.c.obj)
                              (--whole-archive)
zephyr/arch/arch/arm/core/aarch32/cortex_m/libarch__arm__core__aarch32__cortex_m.a(fault_s.S.obj)
                              (--whole-archive)
zephyr/arch/arch/arm/core/aarch32/cortex_m/libarch__arm__core__aarch32__cortex_m.a(fpu.c.obj)
                              (--whole-archive)
zephyr/arch/arch/arm/core/aarch32/cortex_m/libarch__arm__core__aarch32__cortex_m.a(irq_init.c.obj)
                              (--whole-archive)
zephyr/arch/arch/arm/core/aarch32/cortex_m/libarch__arm__core__aarch32__cortex_m.a(reset.S.obj)
                              (--whole-archive)
zephyr/arch/arch/arm/core/aarch32/cortex_m/libarch__arm__core__aarch32__cortex_m.a(scb.c.obj)
                              (--whole-archive)
zephyr/arch/arch/arm/core/aarch32/cortex_m/libarch__arm__core__aarch32__cortex_m.a(thread_abort.c.obj)
[...]
Memory Configuration

Name             Origin             Length             Attributes
BOOT_FLASH       0x0000000010000000 0x0000000000000100 r
FLASH            0x0000000010000100 0x00000000001fff00 xr
RAM              0x0000000020000000 0x0000000000042000 xw
IDT_LIST         0x00000000fffff7ff 0x0000000000000800 xw
*default*        0x0000000000000000 0xffffffffffffffff

Linker script and memory map

LOAD zephyr/CMakeFiles/zephyr_pre0.dir/misc/empty_file.c.obj
LOAD zephyr/CMakeFiles/offsets.dir/./arch/arm/core/offsets/offsets.c.obj

.boot2          0x0000000010000000      0x100
 *(SORT_BY_ALIGNMENT(.boot2))
 .boot2         0x0000000010000000      0x100 modules/hal_rpi_pico/libmodules__hal_rpi_pico.a(boot_stage2.S.obj)
                0x0000000000000004                _region_min_align = 0x4

.rel.plt        0x0000000010000100        0x0
 *(SORT_BY_ALIGNMENT(.rel.plt))
                [!provide]                        PROVIDE (__rel_iplt_start = .)
 *(SORT_BY_ALIGNMENT(.rel.iplt))
 .rel.iplt      0x0000000010000100        0x0 app/libapp.a(main.c.obj)
                [!provide]                        PROVIDE (__rel_iplt_end = .)

.rela.plt       0x0000000010000100        0x0
 *(SORT_BY_ALIGNMENT(.rela.plt))
                [!provide]                        PROVIDE (__rela_iplt_start = .)
 *(SORT_BY_ALIGNMENT(.rela.iplt))
                [!provide]                        PROVIDE (__rela_iplt_end = .)

.rel.dyn
 *(SORT_BY_ALIGNMENT(.rel.*))

.rela.dyn
 *(SORT_BY_ALIGNMENT(.rela.*))

/DISCARD/
 *(SORT_BY_ALIGNMENT(.plt))

/DISCARD/
 *(SORT_BY_ALIGNMENT(.iplt))
                0x0000000010000100                __rom_region_start = 0x10000100

rom_start       0x0000000010000100       0xa8
                0x0000000000000000                . = 0x0
                0x0000000000000000                . = ALIGN (0x4)
                0x0000000000000000                . = ALIGN (0x100)
                0x0000000000000000                . = ALIGN (0x100)
                0x0000000010000100                _vector_start = .
 *(SORT_BY_ALIGNMENT(.exc_vector_table))
 *(SORT_BY_ALIGNMENT(.exc_vector_table.*))
 .exc_vector_table._vector_table_section
                0x0000000010000100       0x40 zephyr/arch/arch/arm/core/aarch32/cortex_m/libarch__arm__core__aarch32__cortex_m.a(vector_table.S.obj)
                0x0000000010000100                _vector_table
 *(SORT_BY_ALIGNMENT(.vectors))
                0x00000000100001a8                _vector_end = .
                0x0000000010000140                . = ALIGN (0x4)
 *(SORT_BY_ALIGNMENT(.gnu.linkonce.irq_vector_table*))
 .gnu.linkonce.irq_vector_table
                0x0000000010000140       0x68 zephyr/arch/common/libisr_tables.a(isr_tables.c.obj)
                0x0000000010000140                _irq_vector_table
                0x00000000100001a8                _vector_end = .

text            0x00000000100001a8     0x53dc
                0x00000000100001a8                __text_region_start = .
 *(SORT_BY_ALIGNMENT(.text))
 .text          0x00000000100001a8       0x14 /home/tatiana/zephyr-sdk-0.15.1/arm-zephyr-eabi/bin/../lib/gcc/arm-zephyr-eabi/12.1.0/thumb/v6-m/nofp/libgcc.a(_thumb1_case_uqi.o)
                0x00000000100001a8                __gnu_thumb1_case_uqi
 .text          0x00000000100001bc       0x14 /home/tatiana/zephyr-sdk-0.15.1/arm-zephyr-eabi/bin/../lib/gcc/arm-zephyr-eabi/12.1.0/thumb/v6-m/nofp/libgcc.a(_thumb1_case_shi.o)
                0x00000000100001bc                __gnu_thumb1_case_shi
 .text          0x00000000100001d0       0x8c /home/tatiana/zephyr-sdk-0.15.1/arm-zephyr-eabi/bin/../lib/gcc/arm-zephyr-eabi/12.1.0/thumb/v6-m/nofp/libgcc.a(_udivsi3.o)
                0x00000000100001d0                __udivsi3
                0x00000000100001d0                __aeabi_uidiv
                0x0000000010000248                __aeabi_uidivmod
 .text          0x000000001000025c        0x4 /home/tatiana/zephyr-sdk-0.15.1/arm-zephyr-eabi/bin/../lib/gcc/arm-zephyr-eabi/12.1.0/thumb/v6-m/nofp/libgcc.a(_dvmd_tls.o)
                0x000000001000025c                __aeabi_ldiv0
                0x000000001000025c                __aeabi_idiv0
 .text          0x0000000010000260       0x7c /home/tatiana/zephyr-sdk-0.15.1/arm-zephyr-eabi/bin/../lib/gcc/arm-zephyr-eabi/12.1.0/thumb/v6-m/nofp/libgcc.a(_arm_cmpdf2.o)
                0x0000000010000260                __aeabi_cdrcmple
                0x0000000010000270                __aeabi_cdcmple
                0x0000000010000270                __aeabi_cdcmpeq
                0x0000000010000280                __aeabi_dcmpeq
                0x000000001000028c                __aeabi_dcmplt
                0x00000000100002a0                __aeabi_dcmple
                0x00000000100002b4                __aeabi_dcmpgt
                0x00000000100002c8                __aeabi_dcmpge
 .text          0x00000000100002dc       0x3c /home/tatiana/zephyr-sdk-0.15.1/arm-zephyr-eabi/bin/../lib/gcc/arm-zephyr-eabi/12.1.0/thumb/v6-m/nofp/libgcc.a(_clzsi2.o)
                0x00000000100002dc                __clzsi2
 .text          0x0000000010000318       0x40 /home/tatiana/zephyr-sdk-0.15.1/arm-zephyr-eabi/bin/../lib/gcc/arm-zephyr-eabi/12.1.0/thumb/v6-m/nofp/libgcc.a(_ctzsi2.o)
                0x0000000010000318                __ctzsi2
 .text          0x0000000010000358       0x40 /home/tatiana/zephyr-sdk-0.15.1/arm-zephyr-eabi/bin/../lib/gcc/arm-zephyr-eabi/12.1.0/thumb/v6-m/nofp/libgcc.a(_aeabi_uldivmod.o)
                0x0000000010000358                __aeabi_uldivmod
 .text          0x0000000010000398       0x40 /home/tatiana/zephyr-sdk-0.15.1/arm-zephyr-eabi/bin/../lib/gcc/arm-zephyr-eabi/12.1.0/thumb/v6-m/nofp/libgcc.a(_fixunssfdi.o)
                0x0000000010000398                __aeabi_f2ulz
                0x0000000010000398                __fixunssfdi
 .text          0x00000000100003d8      0x1c4 /home/tatiana/zephyr-sdk-0.15.1/arm-zephyr-eabi/bin/../lib/gcc/arm-zephyr-eabi/12.1.0/thumb/v6-m/nofp/libgcc.a(divsf3.o)
                0x00000000100003d8                __aeabi_fdiv
 .text          0x000000001000059c       0x78 /home/tatiana/zephyr-sdk-0.15.1/arm-zephyr-eabi/bin/../lib/gcc/arm-zephyr-eabi/12.1.0/thumb/v6-m/nofp/libgcc.a(floatunsisf.o)
                0x000000001000059c                __aeabi_ui2f
 .text          0x0000000010000614      0x5e0 /home/tatiana/zephyr-sdk-0.15.1/arm-zephyr-eabi/bin/../lib/gcc/arm-zephyr-eabi/12.1.0/thumb/v6-m/nofp/libgcc.a(adddf3.o)
                0x0000000010000614                __aeabi_dadd
 .text          0x0000000010000bf4       0x84 /home/tatiana/zephyr-sdk-0.15.1/arm-zephyr-eabi/bin/../lib/gcc/arm-zephyr-eabi/12.1.0/thumb/v6-m/nofp/libgcc.a(eqdf2.o)
                0x0000000010000bf4                __eqdf2
                0x0000000010000bf4                __nedf2
 .text          0x0000000010000c78       0xec /home/tatiana/zephyr-sdk-0.15.1/arm-zephyr-eabi/bin/../lib/gcc/arm-zephyr-eabi/12.1.0/thumb/v6-m/nofp/libgcc.a(gedf2.o)
                0x0000000010000c78                __gtdf2
                0x0000000010000c78                __gedf2
 .text          0x0000000010000d64       0xf0 /home/tatiana/zephyr-sdk-0.15.1/arm-zephyr-eabi/bin/../lib/gcc/arm-zephyr-eabi/12.1.0/thumb/v6-m/nofp/libgcc.a(ledf2.o)
                0x0000000010000d64                __ltdf2
                0x0000000010000d64                __ledf2
 .text          0x0000000010000e54      0x454 /home/tatiana/zephyr-sdk-0.15.1/arm-zephyr-eabi/bin/../lib/gcc/arm-zephyr-eabi/12.1.0/thumb/v6-m/nofp/libgcc.a(muldf3.o)
                0x0000000010000e54                __aeabi_dmul
 .text          0x00000000100012a8      0x628 /home/tatiana/zephyr-sdk-0.15.1/arm-zephyr-eabi/bin/../lib/gcc/arm-zephyr-eabi/12.1.0/thumb/v6-m/nofp/libgcc.a(subdf3.o)
                0x00000000100012a8                __aeabi_dsub
 .text          0x00000000100018d0       0x40 /home/tatiana/zephyr-sdk-0.15.1/arm-zephyr-eabi/bin/../lib/gcc/arm-zephyr-eabi/12.1.0/thumb/v6-m/nofp/libgcc.a(floatunsidf.o)
                0x00000000100018d0                __aeabi_ui2d
 .text          0x0000000010001910       0x84 /home/tatiana/zephyr-sdk-0.15.1/arm-zephyr-eabi/bin/../lib/gcc/arm-zephyr-eabi/12.1.0/thumb/v6-m/nofp/libgcc.a(extendsfdf2.o)
                0x0000000010001910                __aeabi_f2d
 .text          0x0000000010001994      0x118 /home/tatiana/zephyr-sdk-0.15.1/arm-zephyr-eabi/bin/../lib/gcc/arm-zephyr-eabi/12.1.0/thumb/v6-m/nofp/libgcc.a(truncdfsf2.o)
                0x0000000010001994                __aeabi_d2f
 .text          0x0000000010001aac       0x18 /home/tatiana/zephyr-sdk-0.15.1/arm-zephyr-eabi/bin/../lib/gcc/arm-zephyr-eabi/12.1.0/thumb/v6-m/nofp/libgcc.a(_lshrdi3.o)
                0x0000000010001aac                __aeabi_llsr
                0x0000000010001aac                __lshrdi3
 .text          0x0000000010001ac4       0x18 /home/tatiana/zephyr-sdk-0.15.1/arm-zephyr-eabi/bin/../lib/gcc/arm-zephyr-eabi/12.1.0/thumb/v6-m/nofp/libgcc.a(_ashldi3.o)
                0x0000000010001ac4                __ashldi3
                0x0000000010001ac4                __aeabi_llsl
 .text          0x0000000010001adc       0x18 /home/tatiana/zephyr-sdk-0.15.1/arm-zephyr-eabi/bin/../lib/gcc/arm-zephyr-eabi/12.1.0/thumb/v6-m/nofp/libgcc.a(_clzdi2.o)
                0x0000000010001adc                __clzdi2
 .text          0x0000000010001af4       0x38 /home/tatiana/zephyr-sdk-0.15.1/arm-zephyr-eabi/bin/../lib/gcc/arm-zephyr-eabi/12.1.0/thumb/v6-m/nofp/libgcc.a(_fixunsdfsi.o)
                0x0000000010001af4                __fixunsdfsi
                0x0000000010001af4                __aeabi_d2uiz
 .text          0x0000000010001b2c       0x64 /home/tatiana/zephyr-sdk-0.15.1/arm-zephyr-eabi/bin/../lib/gcc/arm-zephyr-eabi/12.1.0/thumb/v6-m/nofp/libgcc.a(fixdfsi.o)
                0x0000000010001b2c                __aeabi_d2iz
 .text          0x0000000010001b90       0x44 /home/tatiana/zephyr-sdk-0.15.1/arm-zephyr-eabi/bin/../lib/gcc/arm-zephyr-eabi/12.1.0/thumb/v6-m/nofp/libgcc.a(_muldi3.o)
                0x0000000010001b90                __aeabi_lmul
                0x0000000010001b90                __muldi3
 .text          0x0000000010001bd4       0xde /home/tatiana/zephyr-sdk-0.15.1/arm-zephyr-eabi/bin/../lib/gcc/arm-zephyr-eabi/12.1.0/thumb/v6-m/nofp/libgcc.a(_udivmoddi4.o)
                0x0000000010001bd4                __udivmoddi4
 *(SORT_BY_ALIGNMENT(.text.*))
 *fill*         0x0000000010001cb2        0x2 
 .text.gpio_pin_configure_dt.constprop.0
                0x0000000010001cb4       0x4c app/libapp.a(main.c.obj)
 .text.gpio_pin_set.constprop.0.isra.0
                0x0000000010001d00       0x2c app/libapp.a(main.c.obj)
 .text.pwm_set_dt.isra.0
                0x0000000010001d2c       0x88 app/libapp.a(main.c.obj)
 .text.inicio_motores
                0x0000000010001db4      0x164 app/libapp.a(main.c.obj)
                0x0000000010001db4                inicio_motores
 .text.velocidad
                0x0000000010001f18       0x30 app/libapp.a(main.c.obj)
                0x0000000010001f18                velocidad
 .text.distancia
                0x0000000010001f48       0x74 app/libapp.a(main.c.obj)
                0x0000000010001f48                distancia
 .text.cbvprintf_package
                0x0000000010001fbc      0x3d0 zephyr/libzephyr.a(cbprintf_packaged.c.obj)
                0x0000000010001fbc                cbvprintf_package
 .text.__printk_hook_install
                0x000000001000238c        0xc zephyr/libzephyr.a(printk.c.obj)
                0x000000001000238c                __printk_hook_install
 .text.z_cbvprintf_impl
                0x0000000010002398      0x728 zephyr/libzephyr.a(cbprintf_complete.c.obj)
                0x0000000010002398                z_cbvprintf_impl
 .text.z_log_init.isra.0
                0x0000000010002ac0       0xd0 zephyr/libzephyr.a(log_core.c.obj)
 .text.log_format_func_t_get
                0x0000000010002b90        0xc zephyr/libzephyr.a(log_core.c.obj)
                0x0000000010002b90                log_format_func_t_get
 .text.log_set_timestamp_func
                0x0000000010002b9c       0x20 zephyr/libzephyr.a(log_core.c.obj)
                0x0000000010002b9c                log_set_timestamp_func
 .text.log_core_init
                0x0000000010002bbc       0x24 zephyr/libzephyr.a(log_core.c.obj)
                0x0000000010002bbc                log_core_init
 .text.z_impl_log_panic
                0x0000000010002be0       0x40 zephyr/libzephyr.a(log_core.c.obj)
                0x0000000010002be0                z_impl_log_panic
 .text.z_log_dropped
                0x0000000010002c20       0x20 zephyr/libzephyr.a(log_core.c.obj)
                0x0000000010002c20                z_log_dropped
 .text.z_log_msg_commit
                0x0000000010002c40       0x38 zephyr/libzephyr.a(log_core.c.obj)
                0x0000000010002c40                z_log_msg_commit
 .text.log_source_name_get
                0x0000000010002c78       0x1c zephyr/libzephyr.a(log_mgmt.c.obj)
                0x0000000010002c78                log_source_name_get
 .text.log_backend_enable
                0x0000000010002c94       0x28 zephyr/libzephyr.a(log_mgmt.c.obj)
                0x0000000010002c94                log_backend_enable
 .text.z_impl_z_log_msg_runtime_vcreate
                0x0000000010002cbc       0x94 zephyr/libzephyr.a(log_msg.c.obj)
                0x0000000010002cbc                z_impl_z_log_msg_runtime_vcreate
 .text.print_formatted
                0x0000000010002d50       0x20 zephyr/libzephyr.a(log_output.c.obj)
 .text.newline_print
                0x0000000010002d70       0x20 zephyr/libzephyr.a(log_output.c.obj)
 .text.log_output_process
                0x0000000010002d90      0x29c zephyr/libzephyr.a(log_output.c.obj)
                0x0000000010002d90                log_output_process
 .text.log_output_msg_process
                0x000000001000302c       0x6c zephyr/libzephyr.a(log_output.c.obj)
                0x000000001000302c                log_output_msg_process
 .text.log_output_timestamp_freq_set
                0x0000000010003098       0x34 zephyr/libzephyr.a(log_output.c.obj)
                0x0000000010003098                log_output_timestamp_freq_set
 .text.format_set
                0x00000000100030cc        0xc zephyr/libzephyr.a(log_backend_uart.c.obj)
 .text.panic    0x00000000100030d8       0x18 zephyr/libzephyr.a(log_backend_uart.c.obj)
 .text.process  0x00000000100030f0       0x20 zephyr/libzephyr.a(log_backend_uart.c.obj)
 .text.char_out
                0x0000000010003110       0x24 zephyr/libzephyr.a(log_backend_uart.c.obj)
 .text.z_arm_cpu_idle_init
                0x0000000010003134        0xc zephyr/arch/arch/arm/core/aarch32/libarch__arm__core__aarch32.a(cpu_idle.S.obj)
                0x0000000010003134                z_arm_cpu_idle_init
 .text.arch_cpu_idle
                0x0000000010003140       0x10 zephyr/arch/arch/arm/core/aarch32/libarch__arm__core__aarch32.a(cpu_idle.S.obj)
                0x0000000010003140                arch_cpu_idle
 .text.z_arm_fatal_error
                0x0000000010003150       0xa0 zephyr/arch/arch/arm/core/aarch32/libarch__arm__core__aarch32.a(fatal.c.obj)
                0x0000000010003150                z_arm_fatal_error
 .text.arch_irq_enable
                0x00000000100031f0       0x18 zephyr/arch/arch/arm/core/aarch32/libarch__arm__core__aarch32.a(irq_manage.c.obj)
                0x00000000100031f0                arch_irq_enable
 .text.z_arm_irq_priority_set
                0x0000000010003208       0x54 zephyr/arch/arch/arm/core/aarch32/libarch__arm__core__aarch32.a(irq_manage.c.obj)
                0x0000000010003208                z_arm_irq_priority_set
 .text.z_SysNmiOnReset
                0x000000001000325c        0x4 zephyr/arch/arch/arm/core/aarch32/libarch__arm__core__aarch32.a(nmi_on_reset.S.obj)
                0x000000001000325c                z_SysNmiOnReset
 .text.z_arm_prep_c
                0x0000000010003260       0x2c zephyr/arch/arch/arm/core/aarch32/libarch__arm__core__aarch32.a(prep_c.c.obj)
                0x0000000010003260                z_arm_prep_c
 .text.arch_swap
                0x000000001000328c       0x30 zephyr/arch/arch/arm/core/aarch32/libarch__arm__core__aarch32.a(swap.c.obj)
                0x000000001000328c                arch_swap
 .text.z_arm_pendsv
                0x00000000100032bc       0x60 zephyr/arch/arch/arm/core/aarch32/libarch__arm__core__aarch32.a(swap_helper.S.obj)
                0x00000000100032bc                z_arm_pendsv
 .text.z_arm_svc
                0x000000001000331c       0x24 zephyr/arch/arch/arm/core/aarch32/libarch__arm__core__aarch32.a(swap_helper.S.obj)
                0x000000001000331c                z_arm_svc
 .text.arch_new_thread
                0x0000000010003340       0x2c zephyr/arch/arch/arm/core/aarch32/libarch__arm__core__aarch32.a(thread.c.obj)
                0x0000000010003340                arch_new_thread
 .text.arch_switch_to_main_thread
                0x000000001000336c       0x20 zephyr/arch/arch/arm/core/aarch32/libarch__arm__core__aarch32.a(thread.c.obj)
                0x000000001000336c                arch_switch_to_main_thread
 .text._isr_wrapper
                0x000000001000338c       0x28 zephyr/arch/arch/arm/core/aarch32/libarch__arm__core__aarch32.a(isr_wrapper.S.obj)
                0x000000001000338c                _isr_wrapper
 .text._HandlerModeExit
                0x00000000100033b4       0x20 zephyr/arch/arch/arm/core/aarch32/cortex_m/libarch__arm__core__aarch32__cortex_m.a(exc_exit.S.obj)
                0x00000000100033b4                z_arm_exc_exit
                0x00000000100033b4                z_arm_int_exit
 .text.z_arm_fault
                0x00000000100033d4      0x10c zephyr/arch/arch/arm/core/aarch32/cortex_m/libarch__arm__core__aarch32__cortex_m.a(fault.c.obj)
                0x00000000100033d4                z_arm_fault
 .text.__fault  0x00000000100034e0       0x14 zephyr/arch/arch/arm/core/aarch32/cortex_m/libarch__arm__core__aarch32__cortex_m.a(fault_s.S.obj)
                0x00000000100034e0                z_arm_exc_spurious
                0x00000000100034e0                z_arm_hard_fault
 .text.z_arm_interrupt_init
                0x00000000100034f4       0x30 zephyr/arch/arch/arm/core/aarch32/cortex_m/libarch__arm__core__aarch32__cortex_m.a(irq_init.c.obj)
                0x00000000100034f4                z_arm_interrupt_init
 .text._reset_section
                0x0000000010003524       0x28 zephyr/arch/arch/arm/core/aarch32/cortex_m/libarch__arm__core__aarch32__cortex_m.a(reset.S.obj)
                0x0000000010003524                z_arm_reset
                0x0000000010003524                __start
 .text.z_impl_k_thread_abort
                0x000000001000354c       0x38 zephyr/arch/arch/arm/core/aarch32/cortex_m/libarch__arm__core__aarch32__cortex_m.a(thread_abort.c.obj)
                0x000000001000354c                z_impl_k_thread_abort
 .text.__stdout_hook_install
                0x0000000010003584        0xc zephyr/lib/libc/minimal/liblib__libc__minimal.a(stdout_console.c.obj)
                0x0000000010003584                __stdout_hook_install
 .text.rp2040_init
                0x0000000010003590       0x54 zephyr/soc/arm/rpi_pico/rp2/libsoc__arm__rpi_pico__rp2.a(soc.c.obj)
 .text.uart_console_init
                0x00000000100035e4       0x2c zephyr/drivers/console/libdrivers__console.a(uart_console.c.obj)
 .text.console_out
                0x0000000010003610       0x28 zephyr/drivers/console/libdrivers__console.a(uart_console.c.obj)
 .text.gpio_rpi_isr
                0x0000000010003638       0x64 zephyr/drivers/gpio/libdrivers__gpio.a(gpio_rpi_pico.c.obj)
 .text.z_log_msg_runtime_create.constprop.0
                0x000000001000369c       0x24 zephyr/drivers/pwm/libdrivers__pwm.a(pwm_rpi_pico.c.obj)
 .text.pwm_rpi_init
                0x00000000100036c0       0xb4 zephyr/drivers/pwm/libdrivers__pwm.a(pwm_rpi_pico.c.obj)
 .text.pwm_rpi_set_cycles
                0x0000000010003774       0xa0 zephyr/drivers/pwm/libdrivers__pwm.a(pwm_rpi_pico.c.obj)
 .text.pwm_rpi_get_cycles_per_sec
                0x0000000010003814       0x64 zephyr/drivers/pwm/libdrivers__pwm.a(pwm_rpi_pico.c.obj)
 .text.uart_rpi_irq_err_disable
                0x0000000010003878       0x14 zephyr/drivers/serial/libdrivers__serial.a(uart_rpi_pico.c.obj)
 .text.uart_rpi_set_format.isra.0
                0x000000001000388c       0x58 zephyr/drivers/serial/libdrivers__serial.a(uart_rpi_pico.c.obj)
 .text.uart_rpi_init
                0x00000000100038e4       0x74 zephyr/drivers/serial/libdrivers__serial.a(uart_rpi_pico.c.obj)
 .text.elapsed  0x0000000010003958       0x38 zephyr/drivers/timer/libdrivers__timer.a(cortex_m_systick.c.obj)
 .text.sys_clock_driver_init
                0x0000000010003990       0x3c zephyr/drivers/timer/libdrivers__timer.a(cortex_m_systick.c.obj)
 .text.sys_clock_isr
                0x00000000100039cc       0x44 zephyr/drivers/timer/libdrivers__timer.a(cortex_m_systick.c.obj)
                0x00000000100039cc                sys_clock_isr
 .text.sys_clock_set_timeout
                0x0000000010003a10       0xf0 zephyr/drivers/timer/libdrivers__timer.a(cortex_m_systick.c.obj)
                0x0000000010003a10                sys_clock_set_timeout
 .text.sys_clock_elapsed
                0x0000000010003b00       0x38 zephyr/drivers/timer/libdrivers__timer.a(cortex_m_systick.c.obj)
                0x0000000010003b00                sys_clock_elapsed
 .text.clock_configure
                0x0000000010003b38       0xe8 modules/hal_rpi_pico/libmodules__hal_rpi_pico.a(clocks.c.obj)
                0x0000000010003b38                clock_configure
 .text.clocks_init
                0x0000000010003c20       0xf0 modules/hal_rpi_pico/libmodules__hal_rpi_pico.a(clocks.c.obj)
                0x0000000010003c20                clocks_init
 .text.clock_get_hz
                0x0000000010003d10        0xc modules/hal_rpi_pico/libmodules__hal_rpi_pico.a(clocks.c.obj)
                0x0000000010003d10                clock_get_hz
 .text.pll_init
                0x0000000010003d1c       0x98 modules/hal_rpi_pico/libmodules__hal_rpi_pico.a(pll.c.obj)
                0x0000000010003d1c                pll_init
 .text.xosc_init
                0x0000000010003db4       0x28 modules/hal_rpi_pico/libmodules__hal_rpi_pico.a(xosc.c.obj)
                0x0000000010003db4                xosc_init
 .text.watchdog_start_tick
                0x0000000010003ddc       0x10 modules/hal_rpi_pico/libmodules__hal_rpi_pico.a(watchdog.c.obj)
                0x0000000010003ddc                watchdog_start_tick
 .text.running_on_fpga
                0x0000000010003dec       0x10 modules/hal_rpi_pico/libmodules__hal_rpi_pico.a(platform.c.obj)
                0x0000000010003dec                running_on_fpga
 .text.gpio_set_function
                0x0000000010003dfc       0x2c modules/hal_rpi_pico/libmodules__hal_rpi_pico.a(gpio.c.obj)
                0x0000000010003dfc                gpio_set_function
 .text.gpio_set_pulls
                0x0000000010003e28       0x24 modules/hal_rpi_pico/libmodules__hal_rpi_pico.a(gpio.c.obj)
                0x0000000010003e28                gpio_set_pulls
 .text.gpio_set_input_hysteresis_enabled
                0x0000000010003e4c       0x1c modules/hal_rpi_pico/libmodules__hal_rpi_pico.a(gpio.c.obj)
                0x0000000010003e4c                gpio_set_input_hysteresis_enabled
 .text.gpio_set_slew_rate
                0x0000000010003e68       0x1c modules/hal_rpi_pico/libmodules__hal_rpi_pico.a(gpio.c.obj)
                0x0000000010003e68                gpio_set_slew_rate
 .text.gpio_set_drive_strength
                0x0000000010003e84       0x20 modules/hal_rpi_pico/libmodules__hal_rpi_pico.a(gpio.c.obj)
                0x0000000010003e84                gpio_set_drive_strength
 .text.gpio_acknowledge_irq
                0x0000000010003ea4       0x18 modules/hal_rpi_pico/libmodules__hal_rpi_pico.a(gpio.c.obj)
                0x0000000010003ea4                gpio_acknowledge_irq
 .text.gpio_set_irq_enabled
                0x0000000010003ebc       0x44 modules/hal_rpi_pico/libmodules__hal_rpi_pico.a(gpio.c.obj)
                0x0000000010003ebc                gpio_set_irq_enabled
 .text.gpio_set_input_enabled
                0x0000000010003f00       0x1c modules/hal_rpi_pico/libmodules__hal_rpi_pico.a(gpio.c.obj)
                0x0000000010003f00                gpio_set_input_enabled
 .text.uart_set_baudrate
                0x0000000010003f1c       0x5c modules/hal_rpi_pico/libmodules__hal_rpi_pico.a(uart.c.obj)
                0x0000000010003f1c                uart_set_baudrate
 .text.uart_init
                0x0000000010003f78       0x94 modules/hal_rpi_pico/libmodules__hal_rpi_pico.a(uart.c.obj)
                0x0000000010003f78                uart_init
 .text.k_sys_fatal_error_handler
                0x000000001000400c       0x2c zephyr/kernel/libkernel.a(fatal.c.obj)
                0x000000001000400c                k_sys_fatal_error_handler
 .text.z_fatal_error
                0x0000000010004038       0xcc zephyr/kernel/libkernel.a(fatal.c.obj)
                0x0000000010004038                z_fatal_error
 .text.z_sys_init_run_level
                0x0000000010004104       0x4c zephyr/kernel/libkernel.a(init.c.obj)
 .text.bg_thread_main
                0x0000000010004150       0x34 zephyr/kernel/libkernel.a(init.c.obj)
 .text.z_bss_zero
                0x0000000010004184       0x18 zephyr/kernel/libkernel.a(init.c.obj)
                0x0000000010004184                z_bss_zero
 .text.z_init_cpu
                0x000000001000419c       0x68 zephyr/kernel/libkernel.a(init.c.obj)
                0x000000001000419c                z_init_cpu
 .text.z_cstart
                0x0000000010004204       0xb4 zephyr/kernel/libkernel.a(init.c.obj)
                0x0000000010004204                z_cstart
 .text.z_setup_new_thread
                0x00000000100042b8       0x54 zephyr/kernel/libkernel.a(thread.c.obj)
                0x00000000100042b8                z_setup_new_thread
 .text.z_init_static_threads
                0x000000001000430c       0x90 zephyr/kernel/libkernel.a(thread.c.obj)
                0x000000001000430c                z_init_static_threads
 .text.z_reset_time_slice
                0x000000001000439c       0x28 zephyr/kernel/libkernel.a(sched.c.obj)
                0x000000001000439c                z_reset_time_slice
 .text.update_cache
                0x00000000100043c4       0x44 zephyr/kernel/libkernel.a(sched.c.obj)
 .text.move_thread_to_end_of_prio_q
                0x0000000010004408       0x78 zephyr/kernel/libkernel.a(sched.c.obj)
 .text.ready_thread
                0x0000000010004480       0x6c zephyr/kernel/libkernel.a(sched.c.obj)
 .text.unready_thread
                0x00000000100044ec       0x2c zephyr/kernel/libkernel.a(sched.c.obj)
 .text.k_sched_time_slice_set
                0x0000000010004518       0x44 zephyr/kernel/libkernel.a(sched.c.obj)
                0x0000000010004518                k_sched_time_slice_set
 .text.z_time_slice
                0x000000001000455c       0x7c zephyr/kernel/libkernel.a(sched.c.obj)
                0x000000001000455c                z_time_slice
 .text.z_reschedule
                0x00000000100045d8       0x2c zephyr/kernel/libkernel.a(sched.c.obj)
                0x00000000100045d8                z_reschedule
 .text.z_sched_start
                0x0000000010004604       0x34 zephyr/kernel/libkernel.a(sched.c.obj)
                0x0000000010004604                z_sched_start
 .text.z_impl_k_thread_suspend
                0x0000000010004638       0x58 zephyr/kernel/libkernel.a(sched.c.obj)
                0x0000000010004638                z_impl_k_thread_suspend
 .text.k_sched_lock
                0x0000000010004690       0x20 zephyr/kernel/libkernel.a(sched.c.obj)
                0x0000000010004690                k_sched_lock
 .text.k_sched_unlock
                0x00000000100046b0       0x2c zephyr/kernel/libkernel.a(sched.c.obj)
                0x00000000100046b0                k_sched_unlock
 .text.z_sched_init
                0x00000000100046dc       0x1c zephyr/kernel/libkernel.a(sched.c.obj)
                0x00000000100046dc                z_sched_init
 .text.z_impl_k_yield
                0x00000000100046f8       0x78 zephyr/kernel/libkernel.a(sched.c.obj)
                0x00000000100046f8                z_impl_k_yield
 .text.z_tick_sleep
                0x0000000010004770       0x8c zephyr/kernel/libkernel.a(sched.c.obj)
 .text.z_impl_k_sleep
                0x00000000100047fc       0x30 zephyr/kernel/libkernel.a(sched.c.obj)
                0x00000000100047fc                z_impl_k_sleep
 .text.z_impl_z_current_get
                0x000000001000482c        0xc zephyr/kernel/libkernel.a(sched.c.obj)
                0x000000001000482c                z_impl_z_current_get
 .text.z_thread_abort
                0x0000000010004838       0xb8 zephyr/kernel/libkernel.a(sched.c.obj)
                0x0000000010004838                z_thread_abort
 .text.z_data_copy
                0x00000000100048f0       0x34 zephyr/kernel/libkernel.a(xip.c.obj)
                0x00000000100048f0                z_data_copy
 .text.elapsed  0x0000000010004924       0x18 zephyr/kernel/libkernel.a(timeout.c.obj)
 .text.next_timeout
                0x000000001000493c       0x58 zephyr/kernel/libkernel.a(timeout.c.obj)
 .text.remove_timeout
                0x0000000010004994       0x38 zephyr/kernel/libkernel.a(timeout.c.obj)
 .text.z_add_timeout
                0x00000000100049cc       0xec zephyr/kernel/libkernel.a(timeout.c.obj)
                0x00000000100049cc                z_add_timeout
 .text.sys_clock_announce
                0x0000000010004ab8       0xd4 zephyr/kernel/libkernel.a(timeout.c.obj)
                0x0000000010004ab8                sys_clock_announce
 .text.sys_clock_tick_get
                0x0000000010004b8c       0x2c zephyr/kernel/libkernel.a(timeout.c.obj)
                0x0000000010004b8c                sys_clock_tick_get
 .text.boot_banner
                0x0000000010004bb8       0x10 zephyr/kernel/libkernel.a(banner.c.obj)
                0x0000000010004bb8                boot_banner
 .text._OffsetAbsSyms
                0x0000000010004bc8        0x2 zephyr/CMakeFiles/offsets.dir/./arch/arm/core/offsets/offsets.c.obj
                0x0000000010004bc8                _OffsetAbsSyms
 .text.device_is_ready
                0x0000000010004bca        0x8 app/libapp.a(main.c.obj)
 .text.k_sleep.isra.0
                0x0000000010004bd2        0x8 app/libapp.a(main.c.obj)
 .text.paradatotal
                0x0000000010004bda       0x24 app/libapp.a(main.c.obj)
                0x0000000010004bda                paradatotal
 .text.main     0x0000000010004bfe       0x12 app/libapp.a(main.c.obj)
                0x0000000010004bfe                main
 .text.cbpprintf_external
                0x0000000010004c10       0x68 zephyr/libzephyr.a(cbprintf_packaged.c.obj)
                0x0000000010004c10                cbpprintf_external
 .text.arch_printk_char_out
                0x0000000010004c78        0x4 zephyr/libzephyr.a(printk.c.obj)
                0x0000000010004c78                arch_printk_char_out
 .text.printk   0x0000000010004c7c       0x16 zephyr/libzephyr.a(printk.c.obj)
                0x0000000010004c7c                printk
 .text.z_thread_entry
                0x0000000010004c92       0x14 zephyr/libzephyr.a(thread_entry.c.obj)
                0x0000000010004c92                z_thread_entry
 .text.encode_uint
                0x0000000010004ca6       0x9a zephyr/libzephyr.a(cbprintf_complete.c.obj)
 .text.outs     0x0000000010004d40       0x2c zephyr/libzephyr.a(cbprintf_complete.c.obj)
 .text._ConfigAbsSyms
                0x0000000010004d6c        0x2 zephyr/libzephyr.a(configs.c.obj)
                0x0000000010004d6c                _ConfigAbsSyms
 .text.dummy_timestamp
                0x0000000010004d6e        0x4 zephyr/libzephyr.a(log_core.c.obj)
 .text.default_lf_get_timestamp
                0x0000000010004d72       0x10 zephyr/libzephyr.a(log_core.c.obj)
 .text.atomic_inc
                0x0000000010004d82        0xa zephyr/libzephyr.a(log_core.c.obj)
 .text.enable_logger
                0x0000000010004d8c        0xe zephyr/libzephyr.a(log_core.c.obj)
 .text.z_log_vprintk
                0x0000000010004d9a       0x1a zephyr/libzephyr.a(log_core.c.obj)
                0x0000000010004d9a                z_log_vprintk
 .text.z_log_notify_backend_enabled
                0x0000000010004db4        0x2 zephyr/libzephyr.a(log_core.c.obj)
                0x0000000010004db4                z_log_notify_backend_enabled
 .text.z_log_get_tag
                0x0000000010004db6        0x4 zephyr/libzephyr.a(log_core.c.obj)
                0x0000000010004db6                z_log_get_tag
 .text.z_log_msg_finalize
                0x0000000010004dba       0x34 zephyr/libzephyr.a(log_msg.c.obj)
                0x0000000010004dba                z_log_msg_finalize
 .text.out_func
                0x0000000010004dee       0x18 zephyr/libzephyr.a(log_output.c.obj)
 .text.cr_out_func
                0x0000000010004e06       0x1c zephyr/libzephyr.a(log_output.c.obj)
 .text.buffer_write
                0x0000000010004e22       0x1c zephyr/libzephyr.a(log_output.c.obj)
 .text.cbvprintf
                0x0000000010004e3e        0xc zephyr/libzephyr.a(log_output.c.obj)
 .text.log_output_flush
                0x0000000010004e4a       0x18 zephyr/libzephyr.a(log_output.c.obj)
                0x0000000010004e4a                log_output_flush
 .text.log_backend_uart_init
                0x0000000010004e62        0x2 zephyr/libzephyr.a(log_backend_uart.c.obj)
 .text.z_log_msg_runtime_create.constprop.0
                0x0000000010004e64       0x1e zephyr/arch/arch/arm/core/aarch32/libarch__arm__core__aarch32.a(fatal.c.obj)
 .text.z_do_kernel_oops
                0x0000000010004e82        0xc zephyr/arch/arch/arm/core/aarch32/libarch__arm__core__aarch32.a(fatal.c.obj)
                0x0000000010004e82                z_do_kernel_oops
 .text.z_irq_spurious
                0x0000000010004e8e        0xc zephyr/arch/arch/arm/core/aarch32/libarch__arm__core__aarch32.a(irq_manage.c.obj)
                0x0000000010004e8e                z_irq_spurious
 .text.z_arm_nmi
                0x0000000010004e9a        0xc zephyr/arch/arch/arm/core/aarch32/libarch__arm__core__aarch32.a(nmi.c.obj)
                0x0000000010004e9a                z_arm_nmi
 .text.z_log_msg_runtime_create.constprop.0
                0x0000000010004ea6       0x1e zephyr/arch/arch/arm/core/aarch32/cortex_m/libarch__arm__core__aarch32__cortex_m.a(fault.c.obj)
 .text.z_arm_fault_init
                0x0000000010004ec4        0x2 zephyr/arch/arch/arm/core/aarch32/cortex_m/libarch__arm__core__aarch32__cortex_m.a(fault.c.obj)
                0x0000000010004ec4                z_arm_fault_init
 .text.strlen   0x0000000010004ec6       0x10 zephyr/lib/libc/minimal/liblib__libc__minimal.a(string.c.obj)
                0x0000000010004ec6                strlen
 .text.strnlen  0x0000000010004ed6       0x14 zephyr/lib/libc/minimal/liblib__libc__minimal.a(string.c.obj)
                0x0000000010004ed6                strnlen
 .text.memcpy   0x0000000010004eea       0x12 zephyr/lib/libc/minimal/liblib__libc__minimal.a(string.c.obj)
                0x0000000010004eea                memcpy
 .text.memset   0x0000000010004efc       0x12 zephyr/lib/libc/minimal/liblib__libc__minimal.a(string.c.obj)
                0x0000000010004efc                memset
 .text._stdout_hook_default
                0x0000000010004f0e        0x6 zephyr/lib/libc/minimal/liblib__libc__minimal.a(stdout_console.c.obj)
 .text.gpio_rpi_port_get_raw
                0x0000000010004f14        0xc zephyr/drivers/gpio/libdrivers__gpio.a(gpio_rpi_pico.c.obj)
 .text.gpio_rpi_port_set_masked_raw
                0x0000000010004f20       0x10 zephyr/drivers/gpio/libdrivers__gpio.a(gpio_rpi_pico.c.obj)
 .text.gpio_rpi_port_set_bits_raw
                0x0000000010004f30        0xa zephyr/drivers/gpio/libdrivers__gpio.a(gpio_rpi_pico.c.obj)
 .text.gpio_rpi_port_clear_bits_raw
                0x0000000010004f3a        0xa zephyr/drivers/gpio/libdrivers__gpio.a(gpio_rpi_pico.c.obj)
 .text.gpio_rpi_port_toggle_bits
                0x0000000010004f44        0xa zephyr/drivers/gpio/libdrivers__gpio.a(gpio_rpi_pico.c.obj)
 .text.gpio_rpi_manage_callback
                0x0000000010004f4e       0x58 zephyr/drivers/gpio/libdrivers__gpio.a(gpio_rpi_pico.c.obj)
 .text.gpio_rpi_bank_init
                0x0000000010004fa6        0xc zephyr/drivers/gpio/libdrivers__gpio.a(gpio_rpi_pico.c.obj)
 .text.gpio_rpi_pin_interrupt_configure
                0x0000000010004fb2       0x62 zephyr/drivers/gpio/libdrivers__gpio.a(gpio_rpi_pico.c.obj)
 .text.gpio_rpi_configure
                0x0000000010005014       0x58 zephyr/drivers/gpio/libdrivers__gpio.a(gpio_rpi_pico.c.obj)
 .text.bank_0_config_func
                0x000000001000506c       0x14 zephyr/drivers/gpio/libdrivers__gpio.a(gpio_rpi_pico.c.obj)
 .text.uart_rpi_poll_in
                0x0000000010005080       0x1e zephyr/drivers/serial/libdrivers__serial.a(uart_rpi_pico.c.obj)
 .text.uart_rpi_poll_out
                0x000000001000509e       0x10 zephyr/drivers/serial/libdrivers__serial.a(uart_rpi_pico.c.obj)
 .text.uart_rpi_err_check
                0x00000000100050ae       0x24 zephyr/drivers/serial/libdrivers__serial.a(uart_rpi_pico.c.obj)
 .text.uart_rpi_fifo_fill
                0x00000000100050d2       0x20 zephyr/drivers/serial/libdrivers__serial.a(uart_rpi_pico.c.obj)
 .text.uart_rpi_fifo_read
                0x00000000100050f2       0x20 zephyr/drivers/serial/libdrivers__serial.a(uart_rpi_pico.c.obj)
 .text.uart_rpi_irq_tx_enable
                0x0000000010005112       0x16 zephyr/drivers/serial/libdrivers__serial.a(uart_rpi_pico.c.obj)
 .text.uart_rpi_irq_tx_disable
                0x0000000010005128        0xe zephyr/drivers/serial/libdrivers__serial.a(uart_rpi_pico.c.obj)
 .text.uart_rpi_irq_tx_ready
                0x0000000010005136        0xc zephyr/drivers/serial/libdrivers__serial.a(uart_rpi_pico.c.obj)
 .text.uart_rpi_irq_rx_enable
                0x0000000010005142       0x16 zephyr/drivers/serial/libdrivers__serial.a(uart_rpi_pico.c.obj)
 .text.uart_rpi_irq_rx_disable
                0x0000000010005158        0xe zephyr/drivers/serial/libdrivers__serial.a(uart_rpi_pico.c.obj)
 .text.uart_rpi_irq_tx_complete
                0x0000000010005166        0xc zephyr/drivers/serial/libdrivers__serial.a(uart_rpi_pico.c.obj)
 .text.uart_rpi_irq_rx_ready
                0x0000000010005172        0xc zephyr/drivers/serial/libdrivers__serial.a(uart_rpi_pico.c.obj)
 .text.uart_rpi_irq_err_enable
                0x000000001000517e       0x10 zephyr/drivers/serial/libdrivers__serial.a(uart_rpi_pico.c.obj)
 .text.uart_rpi_irq_is_pending
                0x000000001000518e       0x1c zephyr/drivers/serial/libdrivers__serial.a(uart_rpi_pico.c.obj)
 .text.uart_rpi_irq_update
                0x00000000100051aa        0x4 zephyr/drivers/serial/libdrivers__serial.a(uart_rpi_pico.c.obj)
 .text.uart_rpi_irq_callback_set
                0x00000000100051ae        0x8 zephyr/drivers/serial/libdrivers__serial.a(uart_rpi_pico.c.obj)
 .text.uart_rpi_isr
                0x00000000100051b6       0x10 zephyr/drivers/serial/libdrivers__serial.a(uart_rpi_pico.c.obj)
 .text.uart_rpi_config_get
                0x00000000100051c6       0x12 zephyr/drivers/serial/libdrivers__serial.a(uart_rpi_pico.c.obj)
 .text.uart0_rpi_irq_config_func
                0x00000000100051d8       0x14 zephyr/drivers/serial/libdrivers__serial.a(uart_rpi_pico.c.obj)
 .text.uart_rpi_configure
                0x00000000100051ec       0x32 zephyr/drivers/serial/libdrivers__serial.a(uart_rpi_pico.c.obj)
 .text.pinctrl_lookup_state
                0x000000001000521e       0x26 zephyr/drivers/pinctrl/libdrivers__pinctrl.a(common.c.obj)
                0x000000001000521e                pinctrl_lookup_state
 .text.pinctrl_configure_pins
                0x0000000010005244       0x84 zephyr/drivers/pinctrl/libdrivers__pinctrl.a(pinctrl_rpi_pico.c.obj)
                0x0000000010005244                pinctrl_configure_pins
 .text.reset_rpi_init
                0x00000000100052c8        0x4 zephyr/drivers/reset/libdrivers__reset.a(reset_rpi_pico.c.obj)
 .text.reset_rpi_read_register.isra.0
                0x00000000100052cc       0x30 zephyr/drivers/reset/libdrivers__reset.a(reset_rpi_pico.c.obj)
 .text.reset_rpi_update
                0x00000000100052fc       0x72 zephyr/drivers/reset/libdrivers__reset.a(reset_rpi_pico.c.obj)
 .text.reset_rpi_line_assert
                0x000000001000536e        0xa zephyr/drivers/reset/libdrivers__reset.a(reset_rpi_pico.c.obj)
 .text.reset_rpi_line_deassert
                0x0000000010005378        0xa zephyr/drivers/reset/libdrivers__reset.a(reset_rpi_pico.c.obj)
 .text.reset_rpi_line_toggle
                0x0000000010005382       0x18 zephyr/drivers/reset/libdrivers__reset.a(reset_rpi_pico.c.obj)
 .text.reset_rpi_status
                0x000000001000539a       0x38 zephyr/drivers/reset/libdrivers__reset.a(reset_rpi_pico.c.obj)
 .text.gpio_init
                0x00000000100053d2       0x16 modules/hal_rpi_pico/libmodules__hal_rpi_pico.a(gpio.c.obj)
                0x00000000100053d2                gpio_init
 .text.z_device_state_init
                0x00000000100053e8        0x2 zephyr/kernel/libkernel.a(device.c.obj)
                0x00000000100053e8                z_device_state_init
 .text.z_device_is_ready
                0x00000000100053ea       0x1a zephyr/kernel/libkernel.a(device.c.obj)
                0x00000000100053ea                z_device_is_ready
 .text.z_log_msg_runtime_create.constprop.0
                0x0000000010005404       0x1e zephyr/kernel/libkernel.a(fatal.c.obj)
 .text.arch_system_halt
                0x0000000010005422        0x8 zephyr/kernel/libkernel.a(fatal.c.obj)
                0x0000000010005422                arch_system_halt
 .text.z_early_memset
                0x000000001000542a        0x8 zephyr/kernel/libkernel.a(init.c.obj)
                0x000000001000542a                z_early_memset
 .text.z_early_memcpy
                0x0000000010005432        0x8 zephyr/kernel/libkernel.a(init.c.obj)
                0x0000000010005432                z_early_memcpy
 .text.k_thread_name_get
                0x000000001000543a        0x4 zephyr/kernel/libkernel.a(thread.c.obj)
                0x000000001000543a                k_thread_name_get
 .text.idle     0x000000001000543e        0xe zephyr/kernel/libkernel.a(idle.c.obj)
                0x000000001000543e                idle
 .text.sys_dlist_remove
                0x000000001000544c       0x10 zephyr/kernel/libkernel.a(sched.c.obj)
 .text.unpend_thread_no_timeout
                0x000000001000545c       0x16 zephyr/kernel/libkernel.a(sched.c.obj)
 .text.z_thread_timeout
                0x0000000010005472       0x38 zephyr/kernel/libkernel.a(sched.c.obj)
                0x0000000010005472                z_thread_timeout
 .text.z_ready_thread
                0x00000000100054aa       0x18 zephyr/kernel/libkernel.a(sched.c.obj)
                0x00000000100054aa                z_ready_thread
 .text.z_reschedule_irqlock
                0x00000000100054c2       0x1c zephyr/kernel/libkernel.a(sched.c.obj)
                0x00000000100054c2                z_reschedule_irqlock
 .text.z_reschedule_unlocked
                0x00000000100054de        0xe zephyr/kernel/libkernel.a(sched.c.obj)
 .text.z_abort_timeout
                0x00000000100054ec       0x26 zephyr/kernel/libkernel.a(timeout.c.obj)
                0x00000000100054ec                z_abort_timeout
 .text.z_set_timeout_expiry
                0x0000000010005512       0x2e zephyr/kernel/libkernel.a(timeout.c.obj)
                0x0000000010005512                z_set_timeout_expiry
 .text.sys_clock_tick_get_32
                0x0000000010005540        0x8 zephyr/kernel/libkernel.a(timeout.c.obj)
                0x0000000010005540                sys_clock_tick_get_32
 .text.z_impl_k_uptime_ticks
                0x0000000010005548        0x8 zephyr/kernel/libkernel.a(timeout.c.obj)
                0x0000000010005548                z_impl_k_uptime_ticks
 .text.z_impl_atomic_add
                0x0000000010005550       0x1a zephyr/kernel/libkernel.a(atomic_c.c.obj)
                0x0000000010005550                z_impl_atomic_add
 .text.z_impl_atomic_sub
                0x000000001000556a       0x1a zephyr/kernel/libkernel.a(atomic_c.c.obj)
                0x000000001000556a                z_impl_atomic_sub
 *(SORT_BY_ALIGNMENT(.TEXT.*))
 *(SORT_BY_ALIGNMENT(.gnu.linkonce.t.*))
 *(SORT_BY_ALIGNMENT(.glue_7t))
 .glue_7t       0x0000000010005584        0x0 linker stubs
 *(SORT_BY_ALIGNMENT(.glue_7))
 .glue_7        0x0000000010005584        0x0 linker stubs
 *(SORT_BY_ALIGNMENT(.vfp11_veneer))
 .vfp11_veneer  0x0000000010005584        0x0 linker stubs
 *(SORT_BY_ALIGNMENT(.v4_bx))
 .v4_bx         0x0000000010005584        0x0 linker stubs
                0x0000000010005584                . = ALIGN (0x4)
                0x0000000010005584                __text_region_end = .

.ARM.exidx      0x0000000010005584        0x8
                0x0000000010005584                __exidx_start = .
 *(SORT_BY_ALIGNMENT(.ARM.exidx*) SORT_BY_ALIGNMENT(gnu.linkonce.armexidx.*))
 .ARM.exidx     0x0000000010005584        0x8 /home/tatiana/zephyr-sdk-0.15.1/arm-zephyr-eabi/bin/../lib/gcc/arm-zephyr-eabi/12.1.0/thumb/v6-m/nofp/libgcc.a(_udivmoddi4.o)
                0x000000001000558c                __exidx_end = .
                0x000000001000558c                __rodata_region_start = .

initlevel       0x000000001000558c       0x40
                0x000000001000558c                __init_start = .
                0x000000001000558c                __init_EARLY_start = .
 *(SORT_BY_NAME(SORT_BY_ALIGNMENT(.z_init_EARLY[0-9]_*)))
 *(SORT_BY_NAME(SORT_BY_ALIGNMENT(.z_init_EARLY[1-9][0-9]_*)))
                0x000000001000558c                __init_PRE_KERNEL_1_start = .
 *(SORT_BY_NAME(SORT_BY_ALIGNMENT(.z_init_PRE_KERNEL_1[0-9]_*)))
 .z_init_PRE_KERNEL_10_
                0x000000001000558c        0x8 zephyr/soc/arm/rpi_pico/rp2/libsoc__arm__rpi_pico__rp2.a(soc.c.obj)
 *(SORT_BY_NAME(SORT_BY_ALIGNMENT(.z_init_PRE_KERNEL_1[1-9][0-9]_*)))
 .z_init_PRE_KERNEL_140_
                0x0000000010005594        0x8 zephyr/drivers/reset/libdrivers__reset.a(reset_rpi_pico.c.obj)
 .z_init_PRE_KERNEL_155_
                0x000000001000559c        0x8 zephyr/drivers/serial/libdrivers__serial.a(uart_rpi_pico.c.obj)
 .z_init_PRE_KERNEL_160_
                0x00000000100055a4        0x8 zephyr/drivers/console/libdrivers__console.a(uart_console.c.obj)
                0x00000000100055ac                __init_PRE_KERNEL_2_start = .
 *(SORT_BY_NAME(SORT_BY_ALIGNMENT(.z_init_PRE_KERNEL_2[0-9]_*)))
 .z_init_PRE_KERNEL_20_
                0x00000000100055ac        0x8 zephyr/drivers/timer/libdrivers__timer.a(cortex_m_systick.c.obj)
 *(SORT_BY_NAME(SORT_BY_ALIGNMENT(.z_init_PRE_KERNEL_2[1-9][0-9]_*)))
                0x00000000100055b4                __init_POST_KERNEL_start = .
 *(SORT_BY_NAME(SORT_BY_ALIGNMENT(.z_init_POST_KERNEL[0-9]_*)))
 .z_init_POST_KERNEL0_
                0x00000000100055b4        0x8 zephyr/libzephyr.a(log_core.c.obj)
 *(SORT_BY_NAME(SORT_BY_ALIGNMENT(.z_init_POST_KERNEL[1-9][0-9]_*)))
 .z_init_POST_KERNEL40_
                0x00000000100055bc        0x8 zephyr/drivers/gpio/libdrivers__gpio.a(gpio_rpi_pico.c.obj)
 .z_init_POST_KERNEL50_
                0x00000000100055c4        0x8 zephyr/drivers/pwm/libdrivers__pwm.a(pwm_rpi_pico.c.obj)
                0x00000000100055cc                __init_APPLICATION_start = .
 *(SORT_BY_NAME(SORT_BY_ALIGNMENT(.z_init_APPLICATION[0-9]_*)))
 *(SORT_BY_NAME(SORT_BY_ALIGNMENT(.z_init_APPLICATION[1-9][0-9]_*)))
                0x00000000100055cc                __init_SMP_start = .
 *(SORT_BY_NAME(SORT_BY_ALIGNMENT(.z_init_SMP[0-9]_*)))
 *(SORT_BY_NAME(SORT_BY_ALIGNMENT(.z_init_SMP[1-9][0-9]_*)))
                0x00000000100055cc                __init_end = .

devices         0x00000000100055cc       0x60
                0x00000000100055cc                __device_start = .
                0x00000000100055cc                __device_EARLY_start = .
 *(SORT_BY_NAME(SORT_BY_ALIGNMENT(.z_device_EARLY[0-9]_*)))
 *(SORT_BY_NAME(SORT_BY_ALIGNMENT(.z_device_EARLY[1-9][0-9]_*)))
                0x00000000100055cc                __device_PRE_KERNEL_1_start = .
 *(SORT_BY_NAME(SORT_BY_ALIGNMENT(.z_device_PRE_KERNEL_1[0-9]_*)))
 *(SORT_BY_NAME(SORT_BY_ALIGNMENT(.z_device_PRE_KERNEL_1[1-9][0-9]_*)))
 .z_device_PRE_KERNEL_140_
                0x00000000100055cc       0x18 zephyr/drivers/reset/libdrivers__reset.a(reset_rpi_pico.c.obj)
                0x00000000100055cc                __device_dts_ord_24
 .z_device_PRE_KERNEL_155_
                0x00000000100055e4       0x18 zephyr/drivers/serial/libdrivers__serial.a(uart_rpi_pico.c.obj)
                0x00000000100055e4                __device_dts_ord_46
                0x00000000100055fc                __device_PRE_KERNEL_2_start = .
 *(SORT_BY_NAME(SORT_BY_ALIGNMENT(.z_device_PRE_KERNEL_2[0-9]_*)))
 *(SORT_BY_NAME(SORT_BY_ALIGNMENT(.z_device_PRE_KERNEL_2[1-9][0-9]_*)))
                0x00000000100055fc                __device_POST_KERNEL_start = .
 *(SORT_BY_NAME(SORT_BY_ALIGNMENT(.z_device_POST_KERNEL[0-9]_*)))
 *(SORT_BY_NAME(SORT_BY_ALIGNMENT(.z_device_POST_KERNEL[1-9][0-9]_*)))
 .z_device_POST_KERNEL40_
                0x00000000100055fc       0x18 zephyr/drivers/gpio/libdrivers__gpio.a(gpio_rpi_pico.c.obj)
                0x00000000100055fc                __device_dts_ord_9
 .z_device_POST_KERNEL50_
                0x0000000010005614       0x18 zephyr/drivers/pwm/libdrivers__pwm.a(pwm_rpi_pico.c.obj)
                0x0000000010005614                __device_dts_ord_28
                0x000000001000562c                __device_APPLICATION_start = .
 *(SORT_BY_NAME(SORT_BY_ALIGNMENT(.z_device_APPLICATION[0-9]_*)))
 *(SORT_BY_NAME(SORT_BY_ALIGNMENT(.z_device_APPLICATION[1-9][0-9]_*)))
                0x000000001000562c                __device_SMP_start = .
 *(SORT_BY_NAME(SORT_BY_ALIGNMENT(.z_device_SMP[0-9]_*)))
 *(SORT_BY_NAME(SORT_BY_ALIGNMENT(.z_device_SMP[1-9][0-9]_*)))
                0x000000001000562c                __device_end = .

sw_isr_table    0x000000001000562c       0xd0
                0x000000001000562c                . = ALIGN (0x4)
 *(SORT_BY_ALIGNMENT(.gnu.linkonce.sw_isr_table*))
 .gnu.linkonce.sw_isr_table
                0x000000001000562c       0xd0 zephyr/arch/common/libisr_tables.a(isr_tables.c.obj)
                0x000000001000562c                _sw_isr_table

initlevel_error
                0x000000001000558c        0x0
 *(SORT_BY_NAME(SORT_BY_ALIGNMENT(.z_init_[_A-Z0-9]*)))
                0x0000000000000001                ASSERT ((SIZEOF (initlevel_error) == 0x0), Undefined initialization levels used.)

app_shmem_regions
                0x00000000100056fc        0x0
                0x00000000100056fc                __app_shmem_regions_start = .
 *(SORT_BY_NAME(SORT_BY_ALIGNMENT(.app_regions.*)))
                0x00000000100056fc                __app_shmem_regions_end = .

k_p4wq_initparam_area
                0x00000000100056fc        0x0
                0x00000000100056fc                _k_p4wq_initparam_list_start = .
 *(SORT_BY_NAME(SORT_BY_ALIGNMENT(._k_p4wq_initparam.static.*)))
                0x00000000100056fc                _k_p4wq_initparam_list_end = .

_static_thread_data_area
                0x00000000100056fc        0x0
                0x00000000100056fc                __static_thread_data_list_start = .
 *(SORT_BY_NAME(SORT_BY_ALIGNMENT(.__static_thread_data.static.*)))
                0x00000000100056fc                __static_thread_data_list_end = .

device_handles  0x00000000100056fc       0x54
                0x00000000100056fc                __device_handles_start = .
 *(SORT_BY_NAME(SORT_BY_ALIGNMENT(.__device_handles_pass1*)))
 .__device_handles_pass1
                0x00000000100056fc       0x18 zephyr/drivers/gpio/libdrivers__gpio.a(gpio_rpi_pico.c.obj)
                0x00000000100056fc                __devicehdl_dts_ord_9
 .__device_handles_pass1
                0x0000000010005714       0x16 zephyr/drivers/pwm/libdrivers__pwm.a(pwm_rpi_pico.c.obj)
                0x0000000010005714                __devicehdl_dts_ord_28
 .__device_handles_pass1
                0x000000001000572a       0x10 zephyr/drivers/serial/libdrivers__serial.a(uart_rpi_pico.c.obj)
                0x000000001000572a                __devicehdl_dts_ord_46
 .__device_handles_pass1
                0x000000001000573a       0x16 zephyr/drivers/reset/libdrivers__reset.a(reset_rpi_pico.c.obj)
                0x000000001000573a                __devicehdl_dts_ord_24
                0x0000000010005750                __device_handles_end = .

ztest           0x0000000010005750        0x0
                0x0000000010005750                _ztest_expected_result_entry_list_start = .
 *(SORT_BY_NAME(SORT_BY_ALIGNMENT(._ztest_expected_result_entry.static.*)))
                0x0000000010005750                _ztest_expected_result_entry_list_end = .
                0x0000000010005750                _ztest_suite_node_list_start = .
 *(SORT_BY_NAME(SORT_BY_ALIGNMENT(._ztest_suite_node.static.*)))
                0x0000000010005750                _ztest_suite_node_list_end = .
                0x0000000010005750                _ztest_unit_test_list_start = .
 *(SORT_BY_NAME(SORT_BY_ALIGNMENT(._ztest_unit_test.static.*)))
                0x0000000010005750                _ztest_unit_test_list_end = .
                0x0000000010005750                _ztest_test_rule_list_start = .
 *(SORT_BY_NAME(SORT_BY_ALIGNMENT(._ztest_test_rule.static.*)))
                0x0000000010005750                _ztest_test_rule_list_end = .

bt_l2cap_fixed_chan_area
                0x0000000010005750        0x0
                0x0000000010005750                _bt_l2cap_fixed_chan_list_start = .
 *(SORT_BY_NAME(SORT_BY_ALIGNMENT(._bt_l2cap_fixed_chan.static.*)))
                0x0000000010005750                _bt_l2cap_fixed_chan_list_end = .

bt_gatt_service_static_area
                0x0000000010005750        0x0
                0x0000000010005750                _bt_gatt_service_static_list_start = .
 *(SORT_BY_NAME(SORT_BY_ALIGNMENT(._bt_gatt_service_static.static.*)))
                0x0000000010005750                _bt_gatt_service_static_list_end = .

log_strings_sections
                0x0000000010005750        0x0
                0x0000000010005750                __log_strings_start = .
 *(SORT_BY_NAME(SORT_BY_ALIGNMENT(.log_strings*)))
                0x0000000010005750                __log_strings_end = .

log_const_sections
                0x0000000010005750       0x38
                0x0000000010005750                __log_const_start = .
 *(SORT_BY_NAME(SORT_BY_ALIGNMENT(.log_const_*)))
 .log_const_cbprintf_package
                0x0000000010005750        0x8 zephyr/libzephyr.a(cbprintf_packaged.c.obj)
                0x0000000010005750                log_const_cbprintf_package
 .log_const_log
                0x0000000010005758        0x8 zephyr/libzephyr.a(log_core.c.obj)
                0x0000000010005758                log_const_log
 .log_const_log_mgmt
                0x0000000010005760        0x8 zephyr/libzephyr.a(log_mgmt.c.obj)
                0x0000000010005760                log_const_log_mgmt
 .log_const_log_uart
                0x0000000010005768        0x8 zephyr/libzephyr.a(log_backend_uart.c.obj)
                0x0000000010005768                log_const_log_uart
 .log_const_os  0x0000000010005770        0x8 zephyr/kernel/libkernel.a(init.c.obj)
                0x0000000010005770                log_const_os
 .log_const_pwm_rpi_pico
                0x0000000010005778        0x8 zephyr/drivers/pwm/libdrivers__pwm.a(pwm_rpi_pico.c.obj)
                0x0000000010005778                log_const_pwm_rpi_pico
 .log_const_soc
                0x0000000010005780        0x8 zephyr/soc/arm/rpi_pico/rp2/libsoc__arm__rpi_pico__rp2.a(soc.c.obj)
                0x0000000010005780                log_const_soc
                0x0000000010005788                __log_const_end = .

log_backend_area
                0x0000000010005788       0x10
                0x0000000010005788                _log_backend_list_start = .
 *(SORT_BY_NAME(SORT_BY_ALIGNMENT(._log_backend.static.*)))
 ._log_backend.static.log_backend_uart
                0x0000000010005788       0x10 zephyr/libzephyr.a(log_backend_uart.c.obj)
                0x0000000010005798                _log_backend_list_end = .

log_link_area   0x0000000010005798        0x0
                0x0000000010005798                _log_link_list_start = .
 *(SORT_BY_NAME(SORT_BY_ALIGNMENT(._log_link.static.*)))
                0x0000000010005798                _log_link_list_end = .

tracing_backend_area
                0x0000000010005798        0x0
                0x0000000010005798                _tracing_backend_list_start = .
 *(SORT_BY_NAME(SORT_BY_ALIGNMENT(._tracing_backend.static.*)))
                0x0000000010005798                _tracing_backend_list_end = .

zephyr_dbg_info
 *(SORT_BY_ALIGNMENT(.dbg_thread_info))

symbol_to_keep  0x0000000010005798        0x0
                0x0000000010005798                __symbol_to_keep_start = .
 *(SORT_BY_NAME(SORT_BY_ALIGNMENT(.symbol_to_keep*)))
                0x0000000010005798                __symbol_to_keep_end = .

shell_area      0x0000000010005798        0x0
                0x0000000010005798                _shell_list_start = .
 *(SORT_BY_NAME(SORT_BY_ALIGNMENT(._shell.static.*)))
                0x0000000010005798                _shell_list_end = .

shell_root_cmds_sections
                0x0000000010005798        0x0
                0x0000000010005798                __shell_root_cmds_start = .
 *(SORT_BY_NAME(SORT_BY_ALIGNMENT(.shell_root_cmd_*)))
                0x0000000010005798                __shell_root_cmds_end = .

shell_subcmds_sections
                0x0000000010005798        0x0
                0x0000000010005798                __shell_subcmds_start = .
 *(SORT_BY_NAME(SORT_BY_ALIGNMENT(.shell_subcmd_*)))
                0x0000000010005798                __shell_subcmds_end = .

shell_dynamic_subcmds_sections
                0x0000000010005798        0x0
                0x0000000010005798                __shell_dynamic_subcmds_start = .
 *(SORT_BY_NAME(SORT_BY_ALIGNMENT(.shell_dynamic_subcmd_*)))
                0x0000000010005798                __shell_dynamic_subcmds_end = .

font_entry_sections
                0x0000000010005798        0x0
                0x0000000010005798                __font_entry_start = .
 *(SORT_BY_NAME(SORT_BY_ALIGNMENT(._cfb_font.*)))
                0x0000000010005798                __font_entry_end = .

rodata          0x0000000010005798      0x5b4
 *(SORT_BY_ALIGNMENT(.rodata))
 *(SORT_BY_ALIGNMENT(.rodata.*))
 .rodata.pwm_led1
                0x0000000010005798       0x10 app/libapp.a(main.c.obj)
 .rodata.pwm_led0
                0x00000000100057a8       0x10 app/libapp.a(main.c.obj)
 .rodata.enB    0x00000000100057b8        0x8 app/libapp.a(main.c.obj)
 .rodata.enA    0x00000000100057c0        0x8 app/libapp.a(main.c.obj)
 .rodata.ctr2B  0x00000000100057c8        0x8 app/libapp.a(main.c.obj)
 .rodata.ctr1B  0x00000000100057d0        0x8 app/libapp.a(main.c.obj)
 .rodata.ctr2A  0x00000000100057d8        0x8 app/libapp.a(main.c.obj)
 .rodata.ctr1A  0x00000000100057e0        0x8 app/libapp.a(main.c.obj)
 .rodata.format_table
                0x00000000100057e8       0x10 zephyr/libzephyr.a(log_core.c.obj)
 .rodata.colors
                0x00000000100057f8       0x14 zephyr/libzephyr.a(log_output.c.obj)
 .rodata.severity
                0x000000001000580c       0x14 zephyr/libzephyr.a(log_output.c.obj)
 .rodata.log_backend_uart_api
                0x0000000010005820       0x1c zephyr/libzephyr.a(log_backend_uart.c.obj)
                0x0000000010005820                log_backend_uart_api
 .rodata.log_output_uart
                0x000000001000583c       0x10 zephyr/libzephyr.a(log_backend_uart.c.obj)
 .rodata.gpio_rpi_0_config
                0x000000001000584c        0x8 zephyr/drivers/gpio/libdrivers__gpio.a(gpio_rpi_pico.c.obj)
 .rodata.gpio_rpi_driver_api
                0x0000000010005854       0x24 zephyr/drivers/gpio/libdrivers__gpio.a(gpio_rpi_pico.c.obj)
 .rodata.pwm_rpi_config_0
                0x0000000010005878       0x28 zephyr/drivers/pwm/libdrivers__pwm.a(pwm_rpi_pico.c.obj)
 .rodata.__pinctrl_dev_config__device_dts_ord_28
                0x00000000100058a0        0x8 zephyr/drivers/pwm/libdrivers__pwm.a(pwm_rpi_pico.c.obj)
 .rodata.__pinctrl_states__device_dts_ord_28
                0x00000000100058a8        0x8 zephyr/drivers/pwm/libdrivers__pwm.a(pwm_rpi_pico.c.obj)
 .rodata.__pinctrl_state_pins_0__device_dts_ord_28
                0x00000000100058b0        0x8 zephyr/drivers/pwm/libdrivers__pwm.a(pwm_rpi_pico.c.obj)
 .rodata.uart0_rpi_config
                0x00000000100058b8       0x18 zephyr/drivers/serial/libdrivers__serial.a(uart_rpi_pico.c.obj)
 .rodata.__pinctrl_dev_config__device_dts_ord_46
                0x00000000100058d0        0x8 zephyr/drivers/serial/libdrivers__serial.a(uart_rpi_pico.c.obj)
 .rodata.__pinctrl_states__device_dts_ord_46
                0x00000000100058d8        0x8 zephyr/drivers/serial/libdrivers__serial.a(uart_rpi_pico.c.obj)
 .rodata.__pinctrl_state_pins_0__device_dts_ord_46
                0x00000000100058e0        0x8 zephyr/drivers/serial/libdrivers__serial.a(uart_rpi_pico.c.obj)
 .rodata.uart_rpi_driver_api
                0x00000000100058e8       0x4c zephyr/drivers/serial/libdrivers__serial.a(uart_rpi_pico.c.obj)
 .rodata.reset_rpi_config_0
                0x0000000010005934        0xc zephyr/drivers/reset/libdrivers__reset.a(reset_rpi_pico.c.obj)
 .rodata.reset_rpi_driver_api
                0x0000000010005940       0x10 zephyr/drivers/reset/libdrivers__reset.a(reset_rpi_pico.c.obj)
 .rodata._k_neg_eagain
                0x0000000010005950        0x4 zephyr/kernel/libkernel.a(errno.c.obj)
                0x0000000010005950                _k_neg_eagain
 .rodata.CSWTCH.10
                0x0000000010005954       0x14 zephyr/kernel/libkernel.a(fatal.c.obj)
 .rodata.levels.0
                0x0000000010005968       0x18 zephyr/kernel/libkernel.a(init.c.obj)
 .rodata.inicio_motores.str1.1
                0x0000000010005980       0x48 app/libapp.a(main.c.obj)
 .rodata.str1.1
                0x00000000100059c8       0x11 zephyr/libzephyr.a(cbprintf_packaged.c.obj)
 .rodata.z_cbvprintf_impl.str1.1
                0x00000000100059d9        0x6 zephyr/libzephyr.a(cbprintf_complete.c.obj)
 .rodata.str1.1
                0x00000000100059df        0x4 zephyr/libzephyr.a(log_core.c.obj)
 .rodata.str1.1
                0x00000000100059e3        0x9 zephyr/libzephyr.a(log_mgmt.c.obj)
 .rodata.newline_print.str1.1
                0x00000000100059ec        0x3 zephyr/libzephyr.a(log_output.c.obj)
                                          0x5 (size before relaxing)
 .rodata.log_output_process.str1.1
                0x00000000100059ef       0x4f zephyr/libzephyr.a(log_output.c.obj)
                                         0x51 (size before relaxing)
 .rodata.str1.1
                0x0000000010005a3e       0x20 zephyr/libzephyr.a(log_output.c.obj)
 .rodata.str1.1
                0x0000000010005a5e       0x1a zephyr/libzephyr.a(log_backend_uart.c.obj)
 .rodata.z_arm_fatal_error.str1.1
                0x0000000010005a78       0x9b zephyr/arch/arch/arm/core/aarch32/libarch__arm__core__aarch32.a(fatal.c.obj)
 .rodata.z_arm_fault.str1.1
                0x0000000010005b13       0x9f zephyr/arch/arch/arm/core/aarch32/cortex_m/libarch__arm__core__aarch32__cortex_m.a(fault.c.obj)
 .rodata.str1.1
                0x0000000010005bb2        0x4 zephyr/soc/arm/rpi_pico/rp2/libsoc__arm__rpi_pico__rp2.a(soc.c.obj)
 .rodata.str1.1
                0x0000000010005bb6        0xe zephyr/drivers/gpio/libdrivers__gpio.a(gpio_rpi_pico.c.obj)
 .rodata.z_log_msg_runtime_create.constprop.0.str1.1
                0x0000000010005bc4       0x29 zephyr/drivers/pwm/libdrivers__pwm.a(pwm_rpi_pico.c.obj)
 .rodata.str1.1
                0x0000000010005bed       0x1a zephyr/drivers/pwm/libdrivers__pwm.a(pwm_rpi_pico.c.obj)
 .rodata.CSWTCH.19
                0x0000000010005c07        0x3 zephyr/drivers/serial/libdrivers__serial.a(uart_rpi_pico.c.obj)
 .rodata.str1.1
                0x0000000010005c0a        0xe zephyr/drivers/serial/libdrivers__serial.a(uart_rpi_pico.c.obj)
 .rodata.str1.1
                0x0000000010005c18       0x1a zephyr/drivers/reset/libdrivers__reset.a(reset_rpi_pico.c.obj)
 .rodata.k_sys_fatal_error_handler.str1.1
                0x0000000010005c32        0xf zephyr/kernel/libkernel.a(fatal.c.obj)
 .rodata.z_fatal_error.str1.1
                0x0000000010005c41       0x77 zephyr/kernel/libkernel.a(fatal.c.obj)
 .rodata.str1.1
                0x0000000010005cb8       0x4a zephyr/kernel/libkernel.a(fatal.c.obj)
 .rodata.z_cstart.str1.1
                0x0000000010005d02        0x5 zephyr/kernel/libkernel.a(init.c.obj)
 .rodata.str1.1
                0x0000000010005d07        0x3 zephyr/kernel/libkernel.a(init.c.obj)
 .rodata.boot_banner.str1.1
                0x0000000010005d0a       0x42 zephyr/kernel/libkernel.a(banner.c.obj)
 *(SORT_BY_ALIGNMENT(.gnu.linkonce.r.*))
                0x0000000010005d4c                . = ALIGN (0x4)
                0x0000000010005d4c                __rodata_region_end = .
                0x0000000010005d4c                . = ALIGN (_region_min_align)
                0x0000000010005d4c                __rom_region_end = ((__rom_region_start + .) - ADDR (rom_start))

/DISCARD/
 *(SORT_BY_ALIGNMENT(.got.plt))
 *(SORT_BY_ALIGNMENT(.igot.plt))
 *(SORT_BY_ALIGNMENT(.got))
 *(SORT_BY_ALIGNMENT(.igot))
                0x0000000020000000                . = 0x20000000
                0x0000000020000000                . = ALIGN (_region_min_align)
                0x0000000020000000                _image_ram_start = .

.ramfunc        0x0000000020000000        0x0 load address 0x0000000010005d4c
                0x0000000020000000                . = ALIGN (_region_min_align)
                0x0000000020000000                __ramfunc_start = .
 *(SORT_BY_ALIGNMENT(.ramfunc))
 *(SORT_BY_ALIGNMENT(.ramfunc.*))
                0x0000000020000000                . = ALIGN (_region_min_align)
                0x0000000020000000                __ramfunc_end = .
                0x0000000000000000                __ramfunc_size = (__ramfunc_end - __ramfunc_start)
                0x0000000010005d4c                __ramfunc_load_start = LOADADDR (.ramfunc)

datas           0x0000000020000000       0x2c load address 0x0000000010005d4c
                0x0000000020000000                __data_region_start = .
                0x0000000020000000                __data_start = .
 *(SORT_BY_ALIGNMENT(.data))
 *(SORT_BY_ALIGNMENT(.data.*))
 .data._char_out
                0x0000000020000000        0x4 zephyr/libzephyr.a(printk.c.obj)
                0x0000000020000000                _char_out
 .data.timestamp_func
                0x0000000020000004        0x4 zephyr/libzephyr.a(log_core.c.obj)
 .data._stdout_hook
                0x0000000020000008        0x4 zephyr/lib/libc/minimal/liblib__libc__minimal.a(stdout_console.c.obj)
 .data.pwm_rpi_driver_api
                0x000000002000000c        0x8 zephyr/drivers/pwm/libdrivers__pwm.a(pwm_rpi_pico.c.obj)
                0x000000002000000c                pwm_rpi_driver_api
 .data.uart0_rpi_data
                0x0000000020000014       0x10 zephyr/drivers/serial/libdrivers__serial.a(uart_rpi_pico.c.obj)
 .data.timeout_list
                0x0000000020000024        0x8 zephyr/kernel/libkernel.a(timeout.c.obj)
 *(SORT_BY_ALIGNMENT(.kernel.*))
                0x000000002000002c                __data_end = .
                0x000000000000002c                __data_size = (__data_end - __data_start)
                0x0000000010005d4c                __data_load_start = LOADADDR (datas)
                0x0000000010005d4c                __data_region_load_start = LOADADDR (datas)

device_states   0x000000002000002c        0x8 load address 0x0000000010005d78
                0x000000002000002c                __device_states_start = .
 *(SORT_BY_ALIGNMENT(.z_devstate))
 .z_devstate    0x000000002000002c        0x2 zephyr/drivers/gpio/libdrivers__gpio.a(gpio_rpi_pico.c.obj)
 .z_devstate    0x000000002000002e        0x2 zephyr/drivers/pwm/libdrivers__pwm.a(pwm_rpi_pico.c.obj)
 .z_devstate    0x0000000020000030        0x2 zephyr/drivers/serial/libdrivers__serial.a(uart_rpi_pico.c.obj)
 .z_devstate    0x0000000020000032        0x2 zephyr/drivers/reset/libdrivers__reset.a(reset_rpi_pico.c.obj)
 *(SORT_BY_ALIGNMENT(.z_devstate.*))
                0x0000000020000034                __device_states_end = .

initshell       0x0000000020000034        0x0 load address 0x0000000010005d80
                0x0000000020000034                __shell_module_start = .
 *(SORT_BY_ALIGNMENT(.shell_module_*))
                0x0000000020000034                __shell_module_end = .
                0x0000000020000034                __shell_cmd_start = .
 *(SORT_BY_ALIGNMENT(.shell_cmd_*))
                0x0000000020000034                __shell_cmd_end = .

log_mpsc_pbuf_area
                0x0000000020000034        0x0 load address 0x0000000010005d80
                0x0000000020000034                _log_mpsc_pbuf_list_start = .
 *(SORT_BY_NAME(SORT_BY_ALIGNMENT(._log_mpsc_pbuf.static.*)))
                0x0000000020000034                _log_mpsc_pbuf_list_end = .

log_msg_ptr_area
                0x0000000020000034        0x4 load address 0x0000000010005d80
                0x0000000020000034                _log_msg_ptr_list_start = .
 *(SORT_BY_NAME(SORT_BY_ALIGNMENT(._log_msg_ptr.static.*)))
 ._log_msg_ptr.static.log_msg_ptr
                0x0000000020000034        0x4 zephyr/libzephyr.a(log_core.c.obj)
                0x0000000020000038                _log_msg_ptr_list_end = .

log_dynamic_sections
                0x0000000020000038        0x0 load address 0x0000000010005d84
                0x0000000020000038                __log_dynamic_start = .
 *(SORT_BY_NAME(SORT_BY_ALIGNMENT(.log_dynamic_*)))
                0x0000000020000038                __log_dynamic_end = .

k_timer_area    0x0000000020000038        0x0 load address 0x0000000010005d84
                0x0000000020000038                _k_timer_list_start = .
 *(SORT_BY_NAME(SORT_BY_ALIGNMENT(._k_timer.static.*)))
                0x0000000020000038                _k_timer_list_end = .

k_mem_slab_area
                0x0000000020000038        0x0 load address 0x0000000010005d84
                0x0000000020000038                _k_mem_slab_list_start = .
 *(SORT_BY_NAME(SORT_BY_ALIGNMENT(._k_mem_slab.static.*)))
                0x0000000020000038                _k_mem_slab_list_end = .

k_heap_area     0x0000000020000038        0x0 load address 0x0000000010005d84
                0x0000000020000038                _k_heap_list_start = .
 *(SORT_BY_NAME(SORT_BY_ALIGNMENT(._k_heap.static.*)))
                0x0000000020000038                _k_heap_list_end = .

k_mutex_area    0x0000000020000038        0x0 load address 0x0000000010005d84
                0x0000000020000038                _k_mutex_list_start = .
 *(SORT_BY_NAME(SORT_BY_ALIGNMENT(._k_mutex.static.*)))
                0x0000000020000038                _k_mutex_list_end = .

k_stack_area    0x0000000020000038        0x0 load address 0x0000000010005d84
                0x0000000020000038                _k_stack_list_start = .
 *(SORT_BY_NAME(SORT_BY_ALIGNMENT(._k_stack.static.*)))
                0x0000000020000038                _k_stack_list_end = .

k_msgq_area     0x0000000020000038        0x0 load address 0x0000000010005d84
                0x0000000020000038                _k_msgq_list_start = .
 *(SORT_BY_NAME(SORT_BY_ALIGNMENT(._k_msgq.static.*)))
                0x0000000020000038                _k_msgq_list_end = .

k_mbox_area     0x0000000020000038        0x0 load address 0x0000000010005d84
                0x0000000020000038                _k_mbox_list_start = .
 *(SORT_BY_NAME(SORT_BY_ALIGNMENT(._k_mbox.static.*)))
                0x0000000020000038                _k_mbox_list_end = .

k_pipe_area     0x0000000020000038        0x0 load address 0x0000000010005d84
                0x0000000020000038                _k_pipe_list_start = .
 *(SORT_BY_NAME(SORT_BY_ALIGNMENT(._k_pipe.static.*)))
                0x0000000020000038                _k_pipe_list_end = .

k_sem_area      0x0000000020000038        0x0 load address 0x0000000010005d84
                0x0000000020000038                _k_sem_list_start = .
 *(SORT_BY_NAME(SORT_BY_ALIGNMENT(._k_sem.static.*)))
                0x0000000020000038                _k_sem_list_end = .

k_event_area    0x0000000020000038        0x0 load address 0x0000000010005d84
                0x0000000020000038                _k_event_list_start = .
 *(SORT_BY_NAME(SORT_BY_ALIGNMENT(._k_event.static.*)))
                0x0000000020000038                _k_event_list_end = .

k_queue_area    0x0000000020000038        0x0 load address 0x0000000010005d84
                0x0000000020000038                _k_queue_list_start = .
 *(SORT_BY_NAME(SORT_BY_ALIGNMENT(._k_queue.static.*)))
                0x0000000020000038                _k_queue_list_end = .

k_condvar_area  0x0000000020000038        0x0 load address 0x0000000010005d84
                0x0000000020000038                _k_condvar_list_start = .
 *(SORT_BY_NAME(SORT_BY_ALIGNMENT(._k_condvar.static.*)))
                0x0000000020000038                _k_condvar_list_end = .

_net_buf_pool_area
                0x0000000020000038        0x0 load address 0x0000000010005d84
                0x0000000020000038                _net_buf_pool_list = .
 *(SORT_BY_NAME(SORT_BY_ALIGNMENT(._net_buf_pool.static.*)))
                0x0000000020000038                __data_region_end = .

bss             0x0000000020000038      0x198
                0x0000000020000038                . = ALIGN (0x4)
                0x0000000020000038                __bss_start = .
                0x0000000020000038                __kernel_ram_start = .
 *(SORT_BY_ALIGNMENT(.bss))
 *(SORT_BY_ALIGNMENT(.bss.*))
 .bss.z_idle_threads
                0x0000000020000038       0x70 zephyr/kernel/libkernel.a(init.c.obj)
                0x0000000020000038                z_idle_threads
 .bss.z_main_thread
                0x00000000200000a8       0x70 zephyr/kernel/libkernel.a(init.c.obj)
                0x00000000200000a8                z_main_thread
 .bss.curr_tick
                0x0000000020000118        0x8 zephyr/kernel/libkernel.a(timeout.c.obj)
 .bss.dropped_cnt
                0x0000000020000120        0x4 zephyr/libzephyr.a(log_core.c.obj)
 .bss.buffered_cnt
                0x0000000020000124        0x4 zephyr/libzephyr.a(log_core.c.obj)
 .bss.initialized
                0x0000000020000128        0x4 zephyr/libzephyr.a(log_core.c.obj)
 .bss.timestamp_div
                0x000000002000012c        0x4 zephyr/libzephyr.a(log_output.c.obj)
 .bss.freq      0x0000000020000130        0x4 zephyr/libzephyr.a(log_output.c.obj)
 .bss.backend_cb_log_backend_uart
                0x0000000020000134        0x8 zephyr/libzephyr.a(log_backend_uart.c.obj)
 .bss.log_output_uart_control_block
                0x000000002000013c        0xc zephyr/libzephyr.a(log_backend_uart.c.obj)
 .bss.log_format_current
                0x0000000020000148        0x4 zephyr/libzephyr.a(log_backend_uart.c.obj)
 .bss.gpio_rpi_0_data
                0x000000002000014c       0x10 zephyr/drivers/gpio/libdrivers__gpio.a(gpio_rpi_pico.c.obj)
 .bss.overflow_cyc
                0x000000002000015c        0x4 zephyr/drivers/timer/libdrivers__timer.a(cortex_m_systick.c.obj)
 .bss.announced_cycles
                0x0000000020000160        0x4 zephyr/drivers/timer/libdrivers__timer.a(cortex_m_systick.c.obj)
 .bss.cycle_count
                0x0000000020000164        0x4 zephyr/drivers/timer/libdrivers__timer.a(cortex_m_systick.c.obj)
 .bss.last_load
                0x0000000020000168        0x4 zephyr/drivers/timer/libdrivers__timer.a(cortex_m_systick.c.obj)
 .bss.configured_freq
                0x000000002000016c       0x28 modules/hal_rpi_pico/libmodules__hal_rpi_pico.a(clocks.c.obj)
 .bss._kernel   0x0000000020000194       0x24 zephyr/kernel/libkernel.a(init.c.obj)
                0x0000000020000194                _kernel
 .bss.pending_current
                0x00000000200001b8        0x4 zephyr/kernel/libkernel.a(sched.c.obj)
 .bss.slice_max_prio
                0x00000000200001bc        0x4 zephyr/kernel/libkernel.a(sched.c.obj)
 .bss.slice_ticks
                0x00000000200001c0        0x4 zephyr/kernel/libkernel.a(sched.c.obj)
 .bss.announce_remaining
                0x00000000200001c4        0x4 zephyr/kernel/libkernel.a(timeout.c.obj)
 .bss.uart_char_to_line_feed
                0x00000000200001c8        0x4 modules/hal_rpi_pico/libmodules__hal_rpi_pico.a(uart.c.obj)
                0x00000000200001c8                uart_char_to_line_feed
 .bss.panic_mode
                0x00000000200001cc        0x1 zephyr/libzephyr.a(log_core.c.obj)
 .bss.uart_output_buf
                0x00000000200001cd        0x1 zephyr/libzephyr.a(log_backend_uart.c.obj)
 .bss.in_panic  0x00000000200001ce        0x1 zephyr/libzephyr.a(log_backend_uart.c.obj)
 .bss.z_sys_post_kernel
                0x00000000200001cf        0x1 zephyr/kernel/libkernel.a(init.c.obj)
                0x00000000200001cf                z_sys_post_kernel
 .bss.sched_spinlock
                0x00000000200001d0        0x0 zephyr/kernel/libkernel.a(sched.c.obj)
                0x00000000200001d0                sched_spinlock
 *(SORT_BY_ALIGNMENT(COMMON))
 *(SORT_BY_ALIGNMENT(.kernel_bss.*))
                0x00000000200001d0                __bss_end = ALIGN (0x4)

noinit          0x00000000200001d0      0xd00
 *(SORT_BY_ALIGNMENT(.noinit))
 *(SORT_BY_ALIGNMENT(.noinit.*))
 .noinit."WEST_TOPDIR/zephyr/kernel/init.c".2
                0x00000000200001d0      0x800 zephyr/kernel/libkernel.a(init.c.obj)
                0x00000000200001d0                z_interrupt_stacks
 .noinit."WEST_TOPDIR/zephyr/kernel/init.c".1
                0x00000000200009d0      0x100 zephyr/kernel/libkernel.a(init.c.obj)
 .noinit."WEST_TOPDIR/zephyr/kernel/init.c".0
                0x0000000020000ad0      0x400 zephyr/kernel/libkernel.a(init.c.obj)
                0x0000000020000ad0                z_main_stack
 *(SORT_BY_ALIGNMENT(.kernel_noinit.*))
                0x0000000020000ed0                _image_ram_end = .
                0x0000000020000ed0                _end = .
                0x0000000020042000                __kernel_ram_end = 0x20042000
                0x0000000000041fc8                __kernel_ram_size = (__kernel_ram_end - __kernel_ram_start)

.intList        0x00000000fffff800       0x28
 *(SORT_BY_ALIGNMENT(.irq_info*))
 .irq_info      0x00000000fffff800        0x8 zephyr/arch/common/libisr_tables.a(isr_tables.c.obj)
                0x00000000fffff800                _iheader
 *(SORT_BY_ALIGNMENT(.intList*))
 .intList       0x00000000fffff808       0x10 zephyr/drivers/gpio/libdrivers__gpio.a(gpio_rpi_pico.c.obj)
 .intList       0x00000000fffff818       0x10 zephyr/drivers/serial/libdrivers__serial.a(uart_rpi_pico.c.obj)

.stab
 *(SORT_BY_ALIGNMENT(.stab))

.stabstr
 *(SORT_BY_ALIGNMENT(.stabstr))

.stab.excl
 *(SORT_BY_ALIGNMENT(.stab.excl))

.stab.exclstr
 *(SORT_BY_ALIGNMENT(.stab.exclstr))

.stab.index
 *(SORT_BY_ALIGNMENT(.stab.index))

.stab.indexstr
 *(SORT_BY_ALIGNMENT(.stab.indexstr))

.gnu.build.attributes
 *(SORT_BY_ALIGNMENT(.gnu.build.attributes) SORT_BY_ALIGNMENT(.gnu.build.attributes.*))

.comment        0x0000000000000000       0x20
 *(SORT_BY_ALIGNMENT(.comment))
 .comment       0x0000000000000000       0x20 zephyr/CMakeFiles/offsets.dir/./arch/arm/core/offsets/offsets.c.obj
                                         0x21 (size before relaxing)
 .comment       0x0000000000000020       0x21 app/libapp.a(main.c.obj)
 .comment       0x0000000000000020       0x21 zephyr/libzephyr.a(cbprintf_packaged.c.obj)
 .comment       0x0000000000000020       0x21 zephyr/libzephyr.a(printk.c.obj)
 .comment       0x0000000000000020       0x21 zephyr/libzephyr.a(thread_entry.c.obj)
 .comment       0x0000000000000020       0x21 zephyr/libzephyr.a(cbprintf_complete.c.obj)
 .comment       0x0000000000000020       0x21 zephyr/libzephyr.a(configs.c.obj)
 .comment       0x0000000000000020       0x21 zephyr/libzephyr.a(log_core.c.obj)
 .comment       0x0000000000000020       0x21 zephyr/libzephyr.a(log_mgmt.c.obj)
 .comment       0x0000000000000020       0x21 zephyr/libzephyr.a(log_msg.c.obj)
 .comment       0x0000000000000020       0x21 zephyr/libzephyr.a(log_output.c.obj)
 .comment       0x0000000000000020       0x21 zephyr/libzephyr.a(log_backend_uart.c.obj)
 .comment       0x0000000000000020       0x21 zephyr/arch/arch/arm/core/aarch32/libarch__arm__core__aarch32.a(fatal.c.obj)
 .comment       0x0000000000000020       0x21 zephyr/arch/arch/arm/core/aarch32/libarch__arm__core__aarch32.a(irq_manage.c.obj)
 .comment       0x0000000000000020       0x21 zephyr/arch/arch/arm/core/aarch32/libarch__arm__core__aarch32.a(nmi.c.obj)
 .comment       0x0000000000000020       0x21 zephyr/arch/arch/arm/core/aarch32/libarch__arm__core__aarch32.a(prep_c.c.obj)
 .comment       0x0000000000000020       0x21 zephyr/arch/arch/arm/core/aarch32/libarch__arm__core__aarch32.a(swap.c.obj)
 .comment       0x0000000000000020       0x21 zephyr/arch/arch/arm/core/aarch32/libarch__arm__core__aarch32.a(thread.c.obj)
 .comment       0x0000000000000020       0x21 zephyr/arch/arch/arm/core/aarch32/cortex_m/libarch__arm__core__aarch32__cortex_m.a(fault.c.obj)
 .comment       0x0000000000000020       0x21 zephyr/arch/arch/arm/core/aarch32/cortex_m/libarch__arm__core__aarch32__cortex_m.a(irq_init.c.obj)
 .comment       0x0000000000000020       0x21 zephyr/arch/arch/arm/core/aarch32/cortex_m/libarch__arm__core__aarch32__cortex_m.a(thread_abort.c.obj)
 .comment       0x0000000000000020       0x21 zephyr/lib/libc/minimal/liblib__libc__minimal.a(string.c.obj)
 .comment       0x0000000000000020       0x21 zephyr/lib/libc/minimal/liblib__libc__minimal.a(stdout_console.c.obj)
 .comment       0x0000000000000020       0x21 zephyr/soc/arm/rpi_pico/rp2/libsoc__arm__rpi_pico__rp2.a(soc.c.obj)
 .comment       0x0000000000000020       0x21 zephyr/drivers/console/libdrivers__console.a(uart_console.c.obj)
 .comment       0x0000000000000020       0x21 zephyr/drivers/gpio/libdrivers__gpio.a(gpio_rpi_pico.c.obj)
 .comment       0x0000000000000020       0x21 zephyr/drivers/pwm/libdrivers__pwm.a(pwm_rpi_pico.c.obj)
 .comment       0x0000000000000020       0x21 zephyr/drivers/serial/libdrivers__serial.a(uart_rpi_pico.c.obj)
 .comment       0x0000000000000020       0x21 zephyr/drivers/timer/libdrivers__timer.a(cortex_m_systick.c.obj)
 .comment       0x0000000000000020       0x21 zephyr/drivers/pinctrl/libdrivers__pinctrl.a(common.c.obj)
 .comment       0x0000000000000020       0x21 zephyr/drivers/pinctrl/libdrivers__pinctrl.a(pinctrl_rpi_pico.c.obj)
 .comment       0x0000000000000020       0x21 zephyr/drivers/reset/libdrivers__reset.a(reset_rpi_pico.c.obj)
 .comment       0x0000000000000020       0x21 modules/hal_rpi_pico/libmodules__hal_rpi_pico.a(clocks.c.obj)
 .comment       0x0000000000000020       0x21 modules/hal_rpi_pico/libmodules__hal_rpi_pico.a(pll.c.obj)
 .comment       0x0000000000000020       0x21 modules/hal_rpi_pico/libmodules__hal_rpi_pico.a(xosc.c.obj)
 .comment       0x0000000000000020       0x21 modules/hal_rpi_pico/libmodules__hal_rpi_pico.a(watchdog.c.obj)
 .comment       0x0000000000000020       0x21 modules/hal_rpi_pico/libmodules__hal_rpi_pico.a(platform.c.obj)
 .comment       0x0000000000000020       0x21 modules/hal_rpi_pico/libmodules__hal_rpi_pico.a(gpio.c.obj)
 .comment       0x0000000000000020       0x21 modules/hal_rpi_pico/libmodules__hal_rpi_pico.a(uart.c.obj)
 .comment       0x0000000000000020       0x21 zephyr/kernel/libkernel.a(device.c.obj)
 .comment       0x0000000000000020       0x21 zephyr/kernel/libkernel.a(errno.c.obj)
 .comment       0x0000000000000020       0x21 zephyr/kernel/libkernel.a(fatal.c.obj)
 .comment       0x0000000000000020       0x21 zephyr/kernel/libkernel.a(init.c.obj)
 .comment       0x0000000000000020       0x21 zephyr/kernel/libkernel.a(thread.c.obj)
 .comment       0x0000000000000020       0x21 zephyr/kernel/libkernel.a(idle.c.obj)
 .comment       0x0000000000000020       0x21 zephyr/kernel/libkernel.a(sched.c.obj)
 .comment       0x0000000000000020       0x21 zephyr/kernel/libkernel.a(xip.c.obj)
 .comment       0x0000000000000020       0x21 zephyr/kernel/libkernel.a(timeout.c.obj)
 .comment       0x0000000000000020       0x21 zephyr/kernel/libkernel.a(atomic_c.c.obj)
 .comment       0x0000000000000020       0x21 zephyr/kernel/libkernel.a(banner.c.obj)
 .comment       0x0000000000000020       0x21 zephyr/arch/common/libisr_tables.a(isr_tables.c.obj)

.debug
 *(SORT_BY_ALIGNMENT(.debug))

.line
 *(SORT_BY_ALIGNMENT(.line))

.debug_srcinfo
 *(SORT_BY_ALIGNMENT(.debug_srcinfo))

.debug_sfnames
 *(SORT_BY_ALIGNMENT(.debug_sfnames))

.debug_aranges  0x0000000000000000     0x1240
 *(SORT_BY_ALIGNMENT(.debug_aranges))
 .debug_aranges
                0x0000000000000000       0x30 zephyr/arch/arch/arm/core/aarch32/libarch__arm__core__aarch32.a(cpu_idle.S.obj)
 .debug_aranges
                0x0000000000000030       0x20 zephyr/arch/arch/arm/core/aarch32/libarch__arm__core__aarch32.a(nmi_on_reset.S.obj)
 .debug_aranges
                0x0000000000000050       0x28 zephyr/arch/arch/arm/core/aarch32/libarch__arm__core__aarch32.a(swap_helper.S.obj)
 .debug_aranges
                0x0000000000000078       0x20 zephyr/arch/arch/arm/core/aarch32/libarch__arm__core__aarch32.a(isr_wrapper.S.obj)
 .debug_aranges
                0x0000000000000098       0x20 zephyr/arch/arch/arm/core/aarch32/cortex_m/libarch__arm__core__aarch32__cortex_m.a(exc_exit.S.obj)
 .debug_aranges
                0x00000000000000b8       0x20 zephyr/arch/arch/arm/core/aarch32/cortex_m/libarch__arm__core__aarch32__cortex_m.a(fault_s.S.obj)
 .debug_aranges
                0x00000000000000d8       0x20 zephyr/arch/arch/arm/core/aarch32/cortex_m/libarch__arm__core__aarch32__cortex_m.a(reset.S.obj)
 .debug_aranges
                0x00000000000000f8       0x20 zephyr/CMakeFiles/offsets.dir/./arch/arm/core/offsets/offsets.c.obj
 .debug_aranges
                0x0000000000000118       0x78 app/libapp.a(main.c.obj)
 .debug_aranges
                0x0000000000000190       0x48 zephyr/libzephyr.a(cbprintf_packaged.c.obj)
 .debug_aranges
                0x00000000000001d8       0x60 zephyr/libzephyr.a(printk.c.obj)
 .debug_aranges
                0x0000000000000238       0x20 zephyr/libzephyr.a(thread_entry.c.obj)
 .debug_aranges
                0x0000000000000258       0x30 zephyr/libzephyr.a(cbprintf_complete.c.obj)
 .debug_aranges
                0x0000000000000288       0x20 zephyr/libzephyr.a(configs.c.obj)
 .debug_aranges
                0x00000000000002a8      0x150 zephyr/libzephyr.a(log_core.c.obj)
 .debug_aranges
                0x00000000000003f8       0xa8 zephyr/libzephyr.a(log_mgmt.c.obj)
 .debug_aranges
                0x00000000000004a0       0x38 zephyr/libzephyr.a(log_msg.c.obj)
 .debug_aranges
                0x00000000000004d8       0x78 zephyr/libzephyr.a(log_output.c.obj)
 .debug_aranges
                0x0000000000000550       0x40 zephyr/libzephyr.a(log_backend_uart.c.obj)
 .debug_aranges
                0x0000000000000590       0x38 zephyr/arch/arch/arm/core/aarch32/libarch__arm__core__aarch32.a(fatal.c.obj)
 .debug_aranges
                0x00000000000005c8       0x40 zephyr/arch/arch/arm/core/aarch32/libarch__arm__core__aarch32.a(irq_manage.c.obj)
 .debug_aranges
                0x0000000000000608       0x20 zephyr/arch/arch/arm/core/aarch32/libarch__arm__core__aarch32.a(nmi.c.obj)
 .debug_aranges
                0x0000000000000628       0x20 zephyr/arch/arch/arm/core/aarch32/libarch__arm__core__aarch32.a(prep_c.c.obj)
 .debug_aranges
                0x0000000000000648       0x20 zephyr/arch/arch/arm/core/aarch32/libarch__arm__core__aarch32.a(swap.c.obj)
 .debug_aranges
                0x0000000000000668       0x28 zephyr/arch/arch/arm/core/aarch32/libarch__arm__core__aarch32.a(thread.c.obj)
 .debug_aranges
                0x0000000000000690       0x30 zephyr/arch/arch/arm/core/aarch32/cortex_m/libarch__arm__core__aarch32__cortex_m.a(fault.c.obj)
 .debug_aranges
                0x00000000000006c0       0x20 zephyr/arch/arch/arm/core/aarch32/cortex_m/libarch__arm__core__aarch32__cortex_m.a(irq_init.c.obj)
 .debug_aranges
                0x00000000000006e0       0x20 zephyr/arch/arch/arm/core/aarch32/cortex_m/libarch__arm__core__aarch32__cortex_m.a(thread_abort.c.obj)
 .debug_aranges
                0x0000000000000700       0x98 zephyr/lib/libc/minimal/liblib__libc__minimal.a(string.c.obj)
 .debug_aranges
                0x0000000000000798       0x58 zephyr/lib/libc/minimal/liblib__libc__minimal.a(stdout_console.c.obj)
 .debug_aranges
                0x00000000000007f0       0x20 zephyr/soc/arm/rpi_pico/rp2/libsoc__arm__rpi_pico__rp2.a(soc.c.obj)
 .debug_aranges
                0x0000000000000810       0x30 zephyr/drivers/console/libdrivers__console.a(uart_console.c.obj)
 .debug_aranges
                0x0000000000000840       0x70 zephyr/drivers/gpio/libdrivers__gpio.a(gpio_rpi_pico.c.obj)
 .debug_aranges
                0x00000000000008b0       0x38 zephyr/drivers/pwm/libdrivers__pwm.a(pwm_rpi_pico.c.obj)
 .debug_aranges
                0x00000000000008e8       0xd0 zephyr/drivers/serial/libdrivers__serial.a(uart_rpi_pico.c.obj)
 .debug_aranges
                0x00000000000009b8       0x58 zephyr/drivers/timer/libdrivers__timer.a(cortex_m_systick.c.obj)
 .debug_aranges
                0x0000000000000a10       0x20 zephyr/drivers/pinctrl/libdrivers__pinctrl.a(common.c.obj)
 .debug_aranges
                0x0000000000000a30       0x20 zephyr/drivers/pinctrl/libdrivers__pinctrl.a(pinctrl_rpi_pico.c.obj)
 .debug_aranges
                0x0000000000000a50       0x50 zephyr/drivers/reset/libdrivers__reset.a(reset_rpi_pico.c.obj)
 .debug_aranges
                0x0000000000000aa0       0x68 modules/hal_rpi_pico/libmodules__hal_rpi_pico.a(clocks.c.obj)
 .debug_aranges
                0x0000000000000b08       0x28 modules/hal_rpi_pico/libmodules__hal_rpi_pico.a(pll.c.obj)
 .debug_aranges
                0x0000000000000b30       0x30 modules/hal_rpi_pico/libmodules__hal_rpi_pico.a(xosc.c.obj)
 .debug_aranges
                0x0000000000000b60       0x58 modules/hal_rpi_pico/libmodules__hal_rpi_pico.a(watchdog.c.obj)
 .debug_aranges
                0x0000000000000bb8       0x28 modules/hal_rpi_pico/libmodules__hal_rpi_pico.a(platform.c.obj)
 .debug_aranges
                0x0000000000000be0       0xd0 modules/hal_rpi_pico/libmodules__hal_rpi_pico.a(gpio.c.obj)
 .debug_aranges
                0x0000000000000cb0       0x40 modules/hal_rpi_pico/libmodules__hal_rpi_pico.a(uart.c.obj)
 .debug_aranges
                0x0000000000000cf0       0x50 zephyr/kernel/libkernel.a(device.c.obj)
 .debug_aranges
                0x0000000000000d40       0x20 zephyr/kernel/libkernel.a(errno.c.obj)
 .debug_aranges
                0x0000000000000d60       0x68 zephyr/kernel/libkernel.a(fatal.c.obj)
 .debug_aranges
                0x0000000000000dc8       0x50 zephyr/kernel/libkernel.a(init.c.obj)
 .debug_aranges
                0x0000000000000e18       0xb8 zephyr/kernel/libkernel.a(thread.c.obj)
 .debug_aranges
                0x0000000000000ed0       0x28 zephyr/kernel/libkernel.a(idle.c.obj)
 .debug_aranges
                0x0000000000000ef8      0x1e0 zephyr/kernel/libkernel.a(sched.c.obj)
 .debug_aranges
                0x00000000000010d8       0x20 zephyr/kernel/libkernel.a(xip.c.obj)
 .debug_aranges
                0x00000000000010f8       0x98 zephyr/kernel/libkernel.a(timeout.c.obj)
 .debug_aranges
                0x0000000000001190       0x78 zephyr/kernel/libkernel.a(atomic_c.c.obj)
 .debug_aranges
                0x0000000000001208       0x20 zephyr/kernel/libkernel.a(banner.c.obj)
 .debug_aranges
                0x0000000000001228       0x18 zephyr/arch/common/libisr_tables.a(isr_tables.c.obj)

.debug_pubnames
 *(SORT_BY_ALIGNMENT(.debug_pubnames))

.debug_info     0x0000000000000000    0x29ebf
 *(SORT_BY_ALIGNMENT(.debug_info) SORT_BY_ALIGNMENT(.gnu.linkonce.wi.*))
 .debug_info    0x0000000000000000       0xd0 zephyr/CMakeFiles/offsets.dir/./arch/arm/core/offsets/offsets.c.obj
 .debug_info    0x00000000000000d0     0x1e2a app/libapp.a(main.c.obj)
 .debug_info    0x0000000000001efa     0x1763 zephyr/libzephyr.a(cbprintf_packaged.c.obj)
 .debug_info    0x000000000000365d      0x5d9 zephyr/libzephyr.a(printk.c.obj)
 .debug_info    0x0000000000003c36      0x5d2 zephyr/libzephyr.a(thread_entry.c.obj)
 .debug_info    0x0000000000004208     0x1081 zephyr/libzephyr.a(cbprintf_complete.c.obj)
 .debug_info    0x0000000000005289       0x38 zephyr/libzephyr.a(configs.c.obj)
 .debug_info    0x00000000000052c1     0x2f74 zephyr/libzephyr.a(log_core.c.obj)
 .debug_info    0x0000000000008235     0x1f88 zephyr/libzephyr.a(log_mgmt.c.obj)
 .debug_info    0x000000000000a1bd      0xa32 zephyr/libzephyr.a(log_msg.c.obj)
 .debug_info    0x000000000000abef     0x1c15 zephyr/libzephyr.a(log_output.c.obj)
 .debug_info    0x000000000000c804      0xf8e zephyr/libzephyr.a(log_backend_uart.c.obj)
 .debug_info    0x000000000000d792       0x22 zephyr/arch/arch/arm/core/aarch32/libarch__arm__core__aarch32.a(cpu_idle.S.obj)
 .debug_info    0x000000000000d7b4      0xae1 zephyr/arch/arch/arm/core/aarch32/libarch__arm__core__aarch32.a(fatal.c.obj)
 .debug_info    0x000000000000e295      0x660 zephyr/arch/arch/arm/core/aarch32/libarch__arm__core__aarch32.a(irq_manage.c.obj)
 .debug_info    0x000000000000e8f5       0xb6 zephyr/arch/arch/arm/core/aarch32/libarch__arm__core__aarch32.a(nmi.c.obj)