Archive member included to satisfy reference by file (symbol)

app/libapp.a(main.c.obj)      (--whole-archive)
zephyr/libzephyr.a(cbprintf_packaged.c.obj)
                              (--whole-archive)
zephyr/libzephyr.a(crc32c_sw.c.obj)
                              (--whole-archive)
zephyr/libzephyr.a(crc32_sw.c.obj)
                              (--whole-archive)
zephyr/libzephyr.a(crc16_sw.c.obj)
                              (--whole-archive)
zephyr/libzephyr.a(crc8_sw.c.obj)
                              (--whole-archive)
zephyr/libzephyr.a(crc7_sw.c.obj)
                              (--whole-archive)
zephyr/libzephyr.a(dec.c.obj)
                              (--whole-archive)
zephyr/libzephyr.a(fdtable.c.obj)
                              (--whole-archive)
zephyr/libzephyr.a(hex.c.obj)
                              (--whole-archive)
zephyr/libzephyr.a(printk.c.obj)
                              (--whole-archive)
zephyr/libzephyr.a(rb.c.obj)  (--whole-archive)
zephyr/libzephyr.a(sem.c.obj)
                              (--whole-archive)
zephyr/libzephyr.a(thread_entry.c.obj)
                              (--whole-archive)
zephyr/libzephyr.a(timeutil.c.obj)
                              (--whole-archive)
zephyr/libzephyr.a(heap.c.obj)
                              (--whole-archive)
zephyr/libzephyr.a(heap-validate.c.obj)
                              (--whole-archive)
zephyr/libzephyr.a(bitarray.c.obj)
                              (--whole-archive)
zephyr/libzephyr.a(multi_heap.c.obj)
                              (--whole-archive)
zephyr/libzephyr.a(cbprintf_complete.c.obj)
                              (--whole-archive)
zephyr/libzephyr.a(cbprintf.c.obj)
                              (--whole-archive)
zephyr/libzephyr.a(assert.c.obj)
                              (--whole-archive)
zephyr/libzephyr.a(configs.c.obj)
                              (--whole-archive)
zephyr/libzephyr.a(tracing_none.c.obj)
                              (--whole-archive)
zephyr/arch/common/libarch__common.a(sw_isr_common.c.obj)
                              (--whole-archive)
zephyr/arch/arch/arm/core/aarch32/libarch__arm__core__aarch32.a(cpu_idle.S.obj)
                              (--whole-archive)
zephyr/arch/arch/arm/core/aarch32/libarch__arm__core__aarch32.a(fatal.c.obj)
                              (--whole-archive)
zephyr/arch/arch/arm/core/aarch32/libarch__arm__core__aarch32.a(irq_manage.c.obj)
                              (--whole-archive)
zephyr/arch/arch/arm/core/aarch32/libarch__arm__core__aarch32.a(nmi.c.obj)
                              (--whole-archive)
zephyr/arch/arch/arm/core/aarch32/libarch__arm__core__aarch32.a(nmi_on_reset.S.obj)
                              (--whole-archive)
zephyr/arch/arch/arm/core/aarch32/libarch__arm__core__aarch32.a(prep_c.c.obj)
                              (--whole-archive)
zephyr/arch/arch/arm/core/aarch32/libarch__arm__core__aarch32.a(swap.c.obj)
                              (--whole-archive)
zephyr/arch/arch/arm/core/aarch32/libarch__arm__core__aarch32.a(swap_helper.S.obj)
                              (--whole-archive)
zephyr/arch/arch/arm/core/aarch32/libarch__arm__core__aarch32.a(thread.c.obj)
                              (--whole-archive)
zephyr/arch/arch/arm/core/aarch32/libarch__arm__core__aarch32.a(isr_wrapper.S.obj)
                              (--whole-archive)
zephyr/arch/arch/arm/core/aarch32/cortex_m/libarch__arm__core__aarch32__cortex_m.a(exc_exit.S.obj)
                              (--whole-archive)
zephyr/arch/arch/arm/core/aarch32/cortex_m/libarch__arm__core__aarch32__cortex_m.a(fault.c.obj)
                              (--whole-archive)
zephyr/arch/arch/arm/core/aarch32/cortex_m/libarch__arm__core__aarch32__cortex_m.a(fault_s.S.obj)
                              (--whole-archive)
zephyr/arch/arch/arm/core/aarch32/cortex_m/libarch__arm__core__aarch32__cortex_m.a(fpu.c.obj)
                              (--whole-archive)
zephyr/arch/arch/arm/core/aarch32/cortex_m/libarch__arm__core__aarch32__cortex_m.a(irq_init.c.obj)
                              (--whole-archive)
zephyr/arch/arch/arm/core/aarch32/cortex_m/libarch__arm__core__aarch32__cortex_m.a(reset.S.obj)
                              (--whole-archive)
zephyr/arch/arch/arm/core/aarch32/cortex_m/libarch__arm__core__aarch32__cortex_m.a(scb.c.obj)
                              (--whole-archive)
zephyr/arch/arch/arm/core/aarch32/cortex_m/libarch__arm__core__aarch32__cortex_m.a(thread_abort.c.obj)
                              (--whole-archive)
zephyr/arch/arch/arm/core/aarch32/cortex_m/libarch__arm__core__aarch32__cortex_m.a(vector_table.S.obj)
                              (--whole-archive)
zephyr/lib/libc/minimal/liblib__libc__minimal.a(abort.c.obj)
                              (--whole-archive)
zephyr/lib/libc/minimal/liblib__libc__minimal.a(atoi.c.obj)
                              (--whole-archive)
zephyr/lib/libc/minimal/liblib__libc__minimal.a(strtol.c.obj)
[...]
Memory Configuration

Name             Origin             Length             Attributes
BOOT_FLASH       0x0000000010000000 0x0000000000000100 r
FLASH            0x0000000010000100 0x00000000001fff00 xr
RAM              0x0000000020000000 0x0000000000042000 xw
IDT_LIST         0x00000000fffff7ff 0x0000000000000800 xw
*default*        0x0000000000000000 0xffffffffffffffff

Linker script and memory map

LOAD zephyr/CMakeFiles/zephyr_final.dir/misc/empty_file.c.obj
LOAD zephyr/CMakeFiles/zephyr_final.dir/dev_handles.c.obj
LOAD zephyr/CMakeFiles/zephyr_final.dir/isr_tables.c.obj
LOAD zephyr/CMakeFiles/offsets.dir/./arch/arm/core/offsets/offsets.c.obj

.boot2          0x0000000010000000      0x100
 *(SORT_BY_ALIGNMENT(.boot2))
 .boot2         0x0000000010000000      0x100 modules/hal_rpi_pico/libmodules__hal_rpi_pico.a(boot_stage2.S.obj)
                0x0000000000000004                _region_min_align = 0x4

.rel.plt        0x0000000010000100        0x0
 *(SORT_BY_ALIGNMENT(.rel.plt))
                [!provide]                        PROVIDE (__rel_iplt_start = .)
 *(SORT_BY_ALIGNMENT(.rel.iplt))
 .rel.iplt      0x0000000010000100        0x0 zephyr/CMakeFiles/zephyr_final.dir/isr_tables.c.obj
                [!provide]                        PROVIDE (__rel_iplt_end = .)

.rela.plt       0x0000000010000100        0x0
 *(SORT_BY_ALIGNMENT(.rela.plt))
                [!provide]                        PROVIDE (__rela_iplt_start = .)
 *(SORT_BY_ALIGNMENT(.rela.iplt))
                [!provide]                        PROVIDE (__rela_iplt_end = .)

.rel.dyn
 *(SORT_BY_ALIGNMENT(.rel.*))

.rela.dyn
 *(SORT_BY_ALIGNMENT(.rela.*))

/DISCARD/
 *(SORT_BY_ALIGNMENT(.plt))

/DISCARD/
 *(SORT_BY_ALIGNMENT(.iplt))
                0x0000000010000100                __rom_region_start = 0x10000100

rom_start       0x0000000010000100       0xa8
                0x0000000000000000                . = 0x0
                0x0000000000000000                . = ALIGN (0x4)
                0x0000000000000000                . = ALIGN (0x100)
                0x0000000000000000                . = ALIGN (0x100)
                0x0000000010000100                _vector_start = .
 *(SORT_BY_ALIGNMENT(.exc_vector_table))
 *(SORT_BY_ALIGNMENT(.exc_vector_table.*))
 .exc_vector_table._vector_table_section
                0x0000000010000100       0x40 zephyr/arch/arch/arm/core/aarch32/cortex_m/libarch__arm__core__aarch32__cortex_m.a(vector_table.S.obj)
                0x0000000010000100                _vector_table
 *(SORT_BY_ALIGNMENT(.vectors))
                0x00000000100001a8                _vector_end = .
                0x0000000010000140                . = ALIGN (0x4)
 *(SORT_BY_ALIGNMENT(.gnu.linkonce.irq_vector_table*))
 .gnu.linkonce.irq_vector_table
                0x0000000010000140       0x68 zephyr/CMakeFiles/zephyr_final.dir/isr_tables.c.obj
                0x0000000010000140                _irq_vector_table
                0x00000000100001a8                _vector_end = .

text            0x00000000100001a8     0x430c
                0x00000000100001a8                __text_region_start = .
 *(SORT_BY_ALIGNMENT(.text))
 .text          0x00000000100001a8       0x14 /home/tatiana/zephyr-sdk-0.15.1/arm-zephyr-eabi/bin/../lib/gcc/arm-zephyr-eabi/12.1.0/thumb/v6-m/nofp/libgcc.a(_thumb1_case_uqi.o)
                0x00000000100001a8                __gnu_thumb1_case_uqi
 .text          0x00000000100001bc       0x14 /home/tatiana/zephyr-sdk-0.15.1/arm-zephyr-eabi/bin/../lib/gcc/arm-zephyr-eabi/12.1.0/thumb/v6-m/nofp/libgcc.a(_thumb1_case_shi.o)
                0x00000000100001bc                __gnu_thumb1_case_shi
 .text          0x00000000100001d0       0x8c /home/tatiana/zephyr-sdk-0.15.1/arm-zephyr-eabi/bin/../lib/gcc/arm-zephyr-eabi/12.1.0/thumb/v6-m/nofp/libgcc.a(_udivsi3.o)
                0x00000000100001d0                __udivsi3
                0x00000000100001d0                __aeabi_uidiv
                0x0000000010000248                __aeabi_uidivmod
 .text          0x000000001000025c        0x4 /home/tatiana/zephyr-sdk-0.15.1/arm-zephyr-eabi/bin/../lib/gcc/arm-zephyr-eabi/12.1.0/thumb/v6-m/nofp/libgcc.a(_dvmd_tls.o)
                0x000000001000025c                __aeabi_ldiv0
                0x000000001000025c                __aeabi_idiv0
 .text          0x0000000010000260       0x7c /home/tatiana/zephyr-sdk-0.15.1/arm-zephyr-eabi/bin/../lib/gcc/arm-zephyr-eabi/12.1.0/thumb/v6-m/nofp/libgcc.a(_arm_cmpdf2.o)
                0x0000000010000260                __aeabi_cdrcmple
                0x0000000010000270                __aeabi_cdcmple
                0x0000000010000270                __aeabi_cdcmpeq
                0x0000000010000280                __aeabi_dcmpeq
                0x000000001000028c                __aeabi_dcmplt
                0x00000000100002a0                __aeabi_dcmple
                0x00000000100002b4                __aeabi_dcmpgt
                0x00000000100002c8                __aeabi_dcmpge
 .text          0x00000000100002dc       0x3c /home/tatiana/zephyr-sdk-0.15.1/arm-zephyr-eabi/bin/../lib/gcc/arm-zephyr-eabi/12.1.0/thumb/v6-m/nofp/libgcc.a(_clzsi2.o)
                0x00000000100002dc                __clzsi2
 .text          0x0000000010000318       0x40 /home/tatiana/zephyr-sdk-0.15.1/arm-zephyr-eabi/bin/../lib/gcc/arm-zephyr-eabi/12.1.0/thumb/v6-m/nofp/libgcc.a(_aeabi_uldivmod.o)
                0x0000000010000318                __aeabi_uldivmod
 .text          0x0000000010000358       0x40 /home/tatiana/zephyr-sdk-0.15.1/arm-zephyr-eabi/bin/../lib/gcc/arm-zephyr-eabi/12.1.0/thumb/v6-m/nofp/libgcc.a(_fixunssfdi.o)
                0x0000000010000358                __aeabi_f2ulz
                0x0000000010000358                __fixunssfdi
 .text          0x0000000010000398      0x1c4 /home/tatiana/zephyr-sdk-0.15.1/arm-zephyr-eabi/bin/../lib/gcc/arm-zephyr-eabi/12.1.0/thumb/v6-m/nofp/libgcc.a(divsf3.o)
                0x0000000010000398                __aeabi_fdiv
 .text          0x000000001000055c       0x78 /home/tatiana/zephyr-sdk-0.15.1/arm-zephyr-eabi/bin/../lib/gcc/arm-zephyr-eabi/12.1.0/thumb/v6-m/nofp/libgcc.a(floatunsisf.o)
                0x000000001000055c                __aeabi_ui2f
 .text          0x00000000100005d4      0x5e0 /home/tatiana/zephyr-sdk-0.15.1/arm-zephyr-eabi/bin/../lib/gcc/arm-zephyr-eabi/12.1.0/thumb/v6-m/nofp/libgcc.a(adddf3.o)
                0x00000000100005d4                __aeabi_dadd
 .text          0x0000000010000bb4       0x84 /home/tatiana/zephyr-sdk-0.15.1/arm-zephyr-eabi/bin/../lib/gcc/arm-zephyr-eabi/12.1.0/thumb/v6-m/nofp/libgcc.a(eqdf2.o)
                0x0000000010000bb4                __eqdf2
                0x0000000010000bb4                __nedf2
 .text          0x0000000010000c38       0xec /home/tatiana/zephyr-sdk-0.15.1/arm-zephyr-eabi/bin/../lib/gcc/arm-zephyr-eabi/12.1.0/thumb/v6-m/nofp/libgcc.a(gedf2.o)
                0x0000000010000c38                __gtdf2
                0x0000000010000c38                __gedf2
 .text          0x0000000010000d24       0xf0 /home/tatiana/zephyr-sdk-0.15.1/arm-zephyr-eabi/bin/../lib/gcc/arm-zephyr-eabi/12.1.0/thumb/v6-m/nofp/libgcc.a(ledf2.o)
                0x0000000010000d24                __ltdf2
                0x0000000010000d24                __ledf2
 .text          0x0000000010000e14      0x454 /home/tatiana/zephyr-sdk-0.15.1/arm-zephyr-eabi/bin/../lib/gcc/arm-zephyr-eabi/12.1.0/thumb/v6-m/nofp/libgcc.a(muldf3.o)
                0x0000000010000e14                __aeabi_dmul
 .text          0x0000000010001268      0x628 /home/tatiana/zephyr-sdk-0.15.1/arm-zephyr-eabi/bin/../lib/gcc/arm-zephyr-eabi/12.1.0/thumb/v6-m/nofp/libgcc.a(subdf3.o)
                0x0000000010001268                __aeabi_dsub
 .text          0x0000000010001890       0x40 /home/tatiana/zephyr-sdk-0.15.1/arm-zephyr-eabi/bin/../lib/gcc/arm-zephyr-eabi/12.1.0/thumb/v6-m/nofp/libgcc.a(floatunsidf.o)
                0x0000000010001890                __aeabi_ui2d
 .text          0x00000000100018d0       0x84 /home/tatiana/zephyr-sdk-0.15.1/arm-zephyr-eabi/bin/../lib/gcc/arm-zephyr-eabi/12.1.0/thumb/v6-m/nofp/libgcc.a(extendsfdf2.o)
                0x00000000100018d0                __aeabi_f2d
 .text          0x0000000010001954      0x118 /home/tatiana/zephyr-sdk-0.15.1/arm-zephyr-eabi/bin/../lib/gcc/arm-zephyr-eabi/12.1.0/thumb/v6-m/nofp/libgcc.a(truncdfsf2.o)
                0x0000000010001954                __aeabi_d2f
 .text          0x0000000010001a6c       0x18 /home/tatiana/zephyr-sdk-0.15.1/arm-zephyr-eabi/bin/../lib/gcc/arm-zephyr-eabi/12.1.0/thumb/v6-m/nofp/libgcc.a(_lshrdi3.o)
                0x0000000010001a6c                __aeabi_llsr
                0x0000000010001a6c                __lshrdi3
 .text          0x0000000010001a84       0x18 /home/tatiana/zephyr-sdk-0.15.1/arm-zephyr-eabi/bin/../lib/gcc/arm-zephyr-eabi/12.1.0/thumb/v6-m/nofp/libgcc.a(_ashldi3.o)
                0x0000000010001a84                __ashldi3
                0x0000000010001a84                __aeabi_llsl
 .text          0x0000000010001a9c       0x18 /home/tatiana/zephyr-sdk-0.15.1/arm-zephyr-eabi/bin/../lib/gcc/arm-zephyr-eabi/12.1.0/thumb/v6-m/nofp/libgcc.a(_clzdi2.o)
                0x0000000010001a9c                __clzdi2
 .text          0x0000000010001ab4       0x38 /home/tatiana/zephyr-sdk-0.15.1/arm-zephyr-eabi/bin/../lib/gcc/arm-zephyr-eabi/12.1.0/thumb/v6-m/nofp/libgcc.a(_fixunsdfsi.o)
                0x0000000010001ab4                __fixunsdfsi
                0x0000000010001ab4                __aeabi_d2uiz
 .text          0x0000000010001aec       0x64 /home/tatiana/zephyr-sdk-0.15.1/arm-zephyr-eabi/bin/../lib/gcc/arm-zephyr-eabi/12.1.0/thumb/v6-m/nofp/libgcc.a(fixdfsi.o)
                0x0000000010001aec                __aeabi_d2iz
 .text          0x0000000010001b50       0x44 /home/tatiana/zephyr-sdk-0.15.1/arm-zephyr-eabi/bin/../lib/gcc/arm-zephyr-eabi/12.1.0/thumb/v6-m/nofp/libgcc.a(_muldi3.o)
                0x0000000010001b50                __aeabi_lmul
                0x0000000010001b50                __muldi3
 .text          0x0000000010001b94       0xde /home/tatiana/zephyr-sdk-0.15.1/arm-zephyr-eabi/bin/../lib/gcc/arm-zephyr-eabi/12.1.0/thumb/v6-m/nofp/libgcc.a(_udivmoddi4.o)
                0x0000000010001b94                __udivmoddi4
 *(SORT_BY_ALIGNMENT(.text.*))
 *fill*         0x0000000010001c72        0x2 
 .text.main     0x0000000010001c74      0x10c app/libapp.a(main.c.obj)
                0x0000000010001c74                main
 .text.char_out
                0x0000000010001d80       0x10 zephyr/libzephyr.a(printk.c.obj)
 .text.__printk_hook_install
                0x0000000010001d90        0xc zephyr/libzephyr.a(printk.c.obj)
                0x0000000010001d90                __printk_hook_install
 .text.vprintk  0x0000000010001d9c       0x18 zephyr/libzephyr.a(printk.c.obj)
                0x0000000010001d9c                vprintk
 .text.z_cbvprintf_impl
                0x0000000010001db4      0x728 zephyr/libzephyr.a(cbprintf_complete.c.obj)
                0x0000000010001db4                z_cbvprintf_impl
 .text.z_arm_cpu_idle_init
                0x00000000100024dc        0xc zephyr/arch/arch/arm/core/aarch32/libarch__arm__core__aarch32.a(cpu_idle.S.obj)
                0x00000000100024dc                z_arm_cpu_idle_init
 .text.arch_cpu_idle
                0x00000000100024e8       0x10 zephyr/arch/arch/arm/core/aarch32/libarch__arm__core__aarch32.a(cpu_idle.S.obj)
                0x00000000100024e8                arch_cpu_idle
 .text.arch_irq_enable
                0x00000000100024f8       0x18 zephyr/arch/arch/arm/core/aarch32/libarch__arm__core__aarch32.a(irq_manage.c.obj)
                0x00000000100024f8                arch_irq_enable
 .text.z_arm_irq_priority_set
                0x0000000010002510       0x54 zephyr/arch/arch/arm/core/aarch32/libarch__arm__core__aarch32.a(irq_manage.c.obj)
                0x0000000010002510                z_arm_irq_priority_set
 .text.z_SysNmiOnReset
                0x0000000010002564        0x4 zephyr/arch/arch/arm/core/aarch32/libarch__arm__core__aarch32.a(nmi_on_reset.S.obj)
                0x0000000010002564                z_SysNmiOnReset
 .text.z_arm_prep_c
                0x0000000010002568       0x2c zephyr/arch/arch/arm/core/aarch32/libarch__arm__core__aarch32.a(prep_c.c.obj)
                0x0000000010002568                z_arm_prep_c
 .text.arch_swap
                0x0000000010002594       0x30 zephyr/arch/arch/arm/core/aarch32/libarch__arm__core__aarch32.a(swap.c.obj)
                0x0000000010002594                arch_swap
 .text.z_arm_pendsv
                0x00000000100025c4       0x60 zephyr/arch/arch/arm/core/aarch32/libarch__arm__core__aarch32.a(swap_helper.S.obj)
                0x00000000100025c4                z_arm_pendsv
 .text.z_arm_svc
                0x0000000010002624       0x24 zephyr/arch/arch/arm/core/aarch32/libarch__arm__core__aarch32.a(swap_helper.S.obj)
                0x0000000010002624                z_arm_svc
 .text.arch_new_thread
                0x0000000010002648       0x2c zephyr/arch/arch/arm/core/aarch32/libarch__arm__core__aarch32.a(thread.c.obj)
                0x0000000010002648                arch_new_thread
 .text.arch_switch_to_main_thread
                0x0000000010002674       0x20 zephyr/arch/arch/arm/core/aarch32/libarch__arm__core__aarch32.a(thread.c.obj)
                0x0000000010002674                arch_switch_to_main_thread
 .text._isr_wrapper
                0x0000000010002694       0x28 zephyr/arch/arch/arm/core/aarch32/libarch__arm__core__aarch32.a(isr_wrapper.S.obj)
                0x0000000010002694                _isr_wrapper
 .text._HandlerModeExit
                0x00000000100026bc       0x20 zephyr/arch/arch/arm/core/aarch32/cortex_m/libarch__arm__core__aarch32__cortex_m.a(exc_exit.S.obj)
                0x00000000100026bc                z_arm_exc_exit
                0x00000000100026bc                z_arm_int_exit
 .text.z_arm_fault
                0x00000000100026dc       0x7c zephyr/arch/arch/arm/core/aarch32/cortex_m/libarch__arm__core__aarch32__cortex_m.a(fault.c.obj)
                0x00000000100026dc                z_arm_fault
 .text.__fault  0x0000000010002758       0x14 zephyr/arch/arch/arm/core/aarch32/cortex_m/libarch__arm__core__aarch32__cortex_m.a(fault_s.S.obj)
                0x0000000010002758                z_arm_exc_spurious
                0x0000000010002758                z_arm_hard_fault
 .text.z_arm_interrupt_init
                0x000000001000276c       0x30 zephyr/arch/arch/arm/core/aarch32/cortex_m/libarch__arm__core__aarch32__cortex_m.a(irq_init.c.obj)
                0x000000001000276c                z_arm_interrupt_init
 .text._reset_section
                0x000000001000279c       0x28 zephyr/arch/arch/arm/core/aarch32/cortex_m/libarch__arm__core__aarch32__cortex_m.a(reset.S.obj)
                0x000000001000279c                z_arm_reset
                0x000000001000279c                __start
 .text.z_impl_k_thread_abort
                0x00000000100027c4       0x38 zephyr/arch/arch/arm/core/aarch32/cortex_m/libarch__arm__core__aarch32__cortex_m.a(thread_abort.c.obj)
                0x00000000100027c4                z_impl_k_thread_abort
 .text.__stdout_hook_install
                0x00000000100027fc        0xc zephyr/lib/libc/minimal/liblib__libc__minimal.a(stdout_console.c.obj)
                0x00000000100027fc                __stdout_hook_install
 .text.rp2040_init
                0x0000000010002808       0x54 zephyr/soc/arm/rpi_pico/rp2/libsoc__arm__rpi_pico__rp2.a(soc.c.obj)
 .text.uart_console_init
                0x000000001000285c       0x2c zephyr/drivers/console/libdrivers__console.a(uart_console.c.obj)
 .text.console_out
                0x0000000010002888       0x28 zephyr/drivers/console/libdrivers__console.a(uart_console.c.obj)
 .text.gpio_rpi_isr
                0x00000000100028b0       0x64 zephyr/drivers/gpio/libdrivers__gpio.a(gpio_rpi_pico.c.obj)
 .text.pwm_rpi_init
                0x0000000010002914       0x90 zephyr/drivers/pwm/libdrivers__pwm.a(pwm_rpi_pico.c.obj)
 .text.pwm_rpi_set_cycles
                0x00000000100029a4       0xa0 zephyr/drivers/pwm/libdrivers__pwm.a(pwm_rpi_pico.c.obj)
 .text.pwm_rpi_get_cycles_per_sec
                0x0000000010002a44       0x64 zephyr/drivers/pwm/libdrivers__pwm.a(pwm_rpi_pico.c.obj)
 .text.uart_rpi_irq_err_disable
                0x0000000010002aa8       0x14 zephyr/drivers/serial/libdrivers__serial.a(uart_rpi_pico.c.obj)
 .text.uart_rpi_set_format.isra.0
                0x0000000010002abc       0x58 zephyr/drivers/serial/libdrivers__serial.a(uart_rpi_pico.c.obj)
 .text.uart_rpi_init
                0x0000000010002b14       0x74 zephyr/drivers/serial/libdrivers__serial.a(uart_rpi_pico.c.obj)
 .text.elapsed  0x0000000010002b88       0x38 zephyr/drivers/timer/libdrivers__timer.a(cortex_m_systick.c.obj)
 .text.sys_clock_driver_init
                0x0000000010002bc0       0x3c zephyr/drivers/timer/libdrivers__timer.a(cortex_m_systick.c.obj)
 .text.sys_clock_isr
                0x0000000010002bfc       0x44 zephyr/drivers/timer/libdrivers__timer.a(cortex_m_systick.c.obj)
                0x0000000010002bfc                sys_clock_isr
 .text.sys_clock_set_timeout
                0x0000000010002c40       0xf0 zephyr/drivers/timer/libdrivers__timer.a(cortex_m_systick.c.obj)
                0x0000000010002c40                sys_clock_set_timeout
 .text.sys_clock_elapsed
                0x0000000010002d30       0x38 zephyr/drivers/timer/libdrivers__timer.a(cortex_m_systick.c.obj)
                0x0000000010002d30                sys_clock_elapsed
 .text.clock_configure
                0x0000000010002d68       0xe8 modules/hal_rpi_pico/libmodules__hal_rpi_pico.a(clocks.c.obj)
                0x0000000010002d68                clock_configure
 .text.clocks_init
                0x0000000010002e50       0xf0 modules/hal_rpi_pico/libmodules__hal_rpi_pico.a(clocks.c.obj)
                0x0000000010002e50                clocks_init
 .text.clock_get_hz
                0x0000000010002f40        0xc modules/hal_rpi_pico/libmodules__hal_rpi_pico.a(clocks.c.obj)
                0x0000000010002f40                clock_get_hz
 .text.pll_init
                0x0000000010002f4c       0x98 modules/hal_rpi_pico/libmodules__hal_rpi_pico.a(pll.c.obj)
                0x0000000010002f4c                pll_init
 .text.xosc_init
                0x0000000010002fe4       0x28 modules/hal_rpi_pico/libmodules__hal_rpi_pico.a(xosc.c.obj)
                0x0000000010002fe4                xosc_init
 .text.watchdog_start_tick
                0x000000001000300c       0x10 modules/hal_rpi_pico/libmodules__hal_rpi_pico.a(watchdog.c.obj)
                0x000000001000300c                watchdog_start_tick
 .text.running_on_fpga
                0x000000001000301c       0x10 modules/hal_rpi_pico/libmodules__hal_rpi_pico.a(platform.c.obj)
                0x000000001000301c                running_on_fpga
 .text.gpio_set_function
                0x000000001000302c       0x2c modules/hal_rpi_pico/libmodules__hal_rpi_pico.a(gpio.c.obj)
                0x000000001000302c                gpio_set_function
 .text.gpio_set_pulls
                0x0000000010003058       0x24 modules/hal_rpi_pico/libmodules__hal_rpi_pico.a(gpio.c.obj)
                0x0000000010003058                gpio_set_pulls
 .text.gpio_set_input_hysteresis_enabled
                0x000000001000307c       0x1c modules/hal_rpi_pico/libmodules__hal_rpi_pico.a(gpio.c.obj)
                0x000000001000307c                gpio_set_input_hysteresis_enabled
 .text.gpio_set_slew_rate
                0x0000000010003098       0x1c modules/hal_rpi_pico/libmodules__hal_rpi_pico.a(gpio.c.obj)
                0x0000000010003098                gpio_set_slew_rate
 .text.gpio_set_drive_strength
                0x00000000100030b4       0x20 modules/hal_rpi_pico/libmodules__hal_rpi_pico.a(gpio.c.obj)
                0x00000000100030b4                gpio_set_drive_strength
 .text.gpio_acknowledge_irq
                0x00000000100030d4       0x18 modules/hal_rpi_pico/libmodules__hal_rpi_pico.a(gpio.c.obj)
                0x00000000100030d4                gpio_acknowledge_irq
 .text.gpio_set_irq_enabled
                0x00000000100030ec       0x44 modules/hal_rpi_pico/libmodules__hal_rpi_pico.a(gpio.c.obj)
                0x00000000100030ec                gpio_set_irq_enabled
 .text.gpio_set_input_enabled
                0x0000000010003130       0x1c modules/hal_rpi_pico/libmodules__hal_rpi_pico.a(gpio.c.obj)
                0x0000000010003130                gpio_set_input_enabled
 .text.uart_set_baudrate
                0x000000001000314c       0x5c modules/hal_rpi_pico/libmodules__hal_rpi_pico.a(uart.c.obj)
                0x000000001000314c                uart_set_baudrate
 .text.uart_init
                0x00000000100031a8       0x94 modules/hal_rpi_pico/libmodules__hal_rpi_pico.a(uart.c.obj)
                0x00000000100031a8                uart_init
 .text.z_sys_init_run_level
                0x000000001000323c       0x4c zephyr/kernel/libkernel.a(init.c.obj)
 .text.bg_thread_main
                0x0000000010003288       0x34 zephyr/kernel/libkernel.a(init.c.obj)
 .text.z_bss_zero
                0x00000000100032bc       0x18 zephyr/kernel/libkernel.a(init.c.obj)
                0x00000000100032bc                z_bss_zero
 .text.z_init_cpu
                0x00000000100032d4       0x68 zephyr/kernel/libkernel.a(init.c.obj)
                0x00000000100032d4                z_init_cpu
 .text.z_cstart
                0x000000001000333c       0xb0 zephyr/kernel/libkernel.a(init.c.obj)
                0x000000001000333c                z_cstart
 .text.z_setup_new_thread
                0x00000000100033ec       0x54 zephyr/kernel/libkernel.a(thread.c.obj)
                0x00000000100033ec                z_setup_new_thread
 .text.z_init_static_threads
                0x0000000010003440       0x90 zephyr/kernel/libkernel.a(thread.c.obj)
                0x0000000010003440                z_init_static_threads
 .text.z_reset_time_slice
                0x00000000100034d0       0x28 zephyr/kernel/libkernel.a(sched.c.obj)
                0x00000000100034d0                z_reset_time_slice
 .text.update_cache
                0x00000000100034f8       0x44 zephyr/kernel/libkernel.a(sched.c.obj)
 .text.move_thread_to_end_of_prio_q
                0x000000001000353c       0x78 zephyr/kernel/libkernel.a(sched.c.obj)
 .text.ready_thread
                0x00000000100035b4       0x6c zephyr/kernel/libkernel.a(sched.c.obj)
 .text.unready_thread
                0x0000000010003620       0x2c zephyr/kernel/libkernel.a(sched.c.obj)
 .text.k_sched_time_slice_set
                0x000000001000364c       0x44 zephyr/kernel/libkernel.a(sched.c.obj)
                0x000000001000364c                k_sched_time_slice_set
 .text.z_time_slice
                0x0000000010003690       0x7c zephyr/kernel/libkernel.a(sched.c.obj)
                0x0000000010003690                z_time_slice
 .text.z_reschedule
                0x000000001000370c       0x2c zephyr/kernel/libkernel.a(sched.c.obj)
                0x000000001000370c                z_reschedule
 .text.z_sched_start
                0x0000000010003738       0x34 zephyr/kernel/libkernel.a(sched.c.obj)
                0x0000000010003738                z_sched_start
 .text.z_impl_k_thread_suspend
                0x000000001000376c       0x58 zephyr/kernel/libkernel.a(sched.c.obj)
                0x000000001000376c                z_impl_k_thread_suspend
 .text.k_sched_lock
                0x00000000100037c4       0x20 zephyr/kernel/libkernel.a(sched.c.obj)
                0x00000000100037c4                k_sched_lock
 .text.k_sched_unlock
                0x00000000100037e4       0x2c zephyr/kernel/libkernel.a(sched.c.obj)
                0x00000000100037e4                k_sched_unlock
 .text.z_sched_init
                0x0000000010003810       0x1c zephyr/kernel/libkernel.a(sched.c.obj)
                0x0000000010003810                z_sched_init
 .text.z_impl_k_yield
                0x000000001000382c       0x78 zephyr/kernel/libkernel.a(sched.c.obj)
                0x000000001000382c                z_impl_k_yield
 .text.z_tick_sleep
                0x00000000100038a4       0x8c zephyr/kernel/libkernel.a(sched.c.obj)
 .text.z_impl_k_sleep
                0x0000000010003930       0x30 zephyr/kernel/libkernel.a(sched.c.obj)
                0x0000000010003930                z_impl_k_sleep
 .text.z_impl_z_current_get
                0x0000000010003960        0xc zephyr/kernel/libkernel.a(sched.c.obj)
                0x0000000010003960                z_impl_z_current_get
 .text.z_thread_abort
                0x000000001000396c       0xb8 zephyr/kernel/libkernel.a(sched.c.obj)
                0x000000001000396c                z_thread_abort
 .text.z_data_copy
                0x0000000010003a24       0x34 zephyr/kernel/libkernel.a(xip.c.obj)
                0x0000000010003a24                z_data_copy
 .text.elapsed  0x0000000010003a58       0x18 zephyr/kernel/libkernel.a(timeout.c.obj)
 .text.next_timeout
                0x0000000010003a70       0x58 zephyr/kernel/libkernel.a(timeout.c.obj)
 .text.remove_timeout
                0x0000000010003ac8       0x38 zephyr/kernel/libkernel.a(timeout.c.obj)
 .text.z_add_timeout
                0x0000000010003b00       0xec zephyr/kernel/libkernel.a(timeout.c.obj)
                0x0000000010003b00                z_add_timeout
 .text.sys_clock_announce
                0x0000000010003bec       0xd4 zephyr/kernel/libkernel.a(timeout.c.obj)
                0x0000000010003bec                sys_clock_announce
 .text.sys_clock_tick_get
                0x0000000010003cc0       0x2c zephyr/kernel/libkernel.a(timeout.c.obj)
                0x0000000010003cc0                sys_clock_tick_get
 .text.boot_banner
                0x0000000010003cec       0x10 zephyr/kernel/libkernel.a(banner.c.obj)
                0x0000000010003cec                boot_banner
 .text._OffsetAbsSyms
                0x0000000010003cfc        0x2 zephyr/CMakeFiles/offsets.dir/./arch/arm/core/offsets/offsets.c.obj
                0x0000000010003cfc                _OffsetAbsSyms
 .text.arch_printk_char_out
                0x0000000010003cfe        0x4 zephyr/libzephyr.a(printk.c.obj)
                0x0000000010003cfe                arch_printk_char_out
 .text.printk   0x0000000010003d02       0x16 zephyr/libzephyr.a(printk.c.obj)
                0x0000000010003d02                printk
 .text.z_thread_entry
                0x0000000010003d18       0x14 zephyr/libzephyr.a(thread_entry.c.obj)
                0x0000000010003d18                z_thread_entry
 .text.encode_uint
                0x0000000010003d2c       0x9a zephyr/libzephyr.a(cbprintf_complete.c.obj)
 .text.outs     0x0000000010003dc6       0x2c zephyr/libzephyr.a(cbprintf_complete.c.obj)
 .text._ConfigAbsSyms
                0x0000000010003df2        0x2 zephyr/libzephyr.a(configs.c.obj)
                0x0000000010003df2                _ConfigAbsSyms
 .text.z_arm_fatal_error
                0x0000000010003df4        0x8 zephyr/arch/arch/arm/core/aarch32/libarch__arm__core__aarch32.a(fatal.c.obj)
                0x0000000010003df4                z_arm_fatal_error
 .text.z_do_kernel_oops
                0x0000000010003dfc        0xc zephyr/arch/arch/arm/core/aarch32/libarch__arm__core__aarch32.a(fatal.c.obj)
                0x0000000010003dfc                z_do_kernel_oops
 .text.z_irq_spurious
                0x0000000010003e08        0xc zephyr/arch/arch/arm/core/aarch32/libarch__arm__core__aarch32.a(irq_manage.c.obj)
                0x0000000010003e08                z_irq_spurious
 .text.z_arm_nmi
                0x0000000010003e14        0xc zephyr/arch/arch/arm/core/aarch32/libarch__arm__core__aarch32.a(nmi.c.obj)
                0x0000000010003e14                z_arm_nmi
 .text.z_arm_fault_init
                0x0000000010003e20        0x2 zephyr/arch/arch/arm/core/aarch32/cortex_m/libarch__arm__core__aarch32__cortex_m.a(fault.c.obj)
                0x0000000010003e20                z_arm_fault_init
 .text.strlen   0x0000000010003e22       0x10 zephyr/lib/libc/minimal/liblib__libc__minimal.a(string.c.obj)
                0x0000000010003e22                strlen
 .text.strnlen  0x0000000010003e32       0x14 zephyr/lib/libc/minimal/liblib__libc__minimal.a(string.c.obj)
                0x0000000010003e32                strnlen
 .text.memcpy   0x0000000010003e46       0x12 zephyr/lib/libc/minimal/liblib__libc__minimal.a(string.c.obj)
                0x0000000010003e46                memcpy
 .text.memset   0x0000000010003e58       0x12 zephyr/lib/libc/minimal/liblib__libc__minimal.a(string.c.obj)
                0x0000000010003e58                memset
 .text._stdout_hook_default
                0x0000000010003e6a        0x6 zephyr/lib/libc/minimal/liblib__libc__minimal.a(stdout_console.c.obj)
 .text.gpio_rpi_port_get_raw
                0x0000000010003e70        0xc zephyr/drivers/gpio/libdrivers__gpio.a(gpio_rpi_pico.c.obj)
 .text.gpio_rpi_port_set_masked_raw
                0x0000000010003e7c       0x10 zephyr/drivers/gpio/libdrivers__gpio.a(gpio_rpi_pico.c.obj)
 .text.gpio_rpi_port_set_bits_raw
                0x0000000010003e8c        0xa zephyr/drivers/gpio/libdrivers__gpio.a(gpio_rpi_pico.c.obj)
 .text.gpio_rpi_port_clear_bits_raw
                0x0000000010003e96        0xa zephyr/drivers/gpio/libdrivers__gpio.a(gpio_rpi_pico.c.obj)
 .text.gpio_rpi_port_toggle_bits
                0x0000000010003ea0        0xa zephyr/drivers/gpio/libdrivers__gpio.a(gpio_rpi_pico.c.obj)
 .text.gpio_rpi_manage_callback
                0x0000000010003eaa       0x58 zephyr/drivers/gpio/libdrivers__gpio.a(gpio_rpi_pico.c.obj)
 .text.gpio_rpi_bank_init
                0x0000000010003f02        0xc zephyr/drivers/gpio/libdrivers__gpio.a(gpio_rpi_pico.c.obj)
 .text.gpio_rpi_pin_interrupt_configure
                0x0000000010003f0e       0x62 zephyr/drivers/gpio/libdrivers__gpio.a(gpio_rpi_pico.c.obj)
 .text.gpio_rpi_configure
                0x0000000010003f70       0x58 zephyr/drivers/gpio/libdrivers__gpio.a(gpio_rpi_pico.c.obj)
 .text.bank_0_config_func
                0x0000000010003fc8       0x14 zephyr/drivers/gpio/libdrivers__gpio.a(gpio_rpi_pico.c.obj)
 .text.uart_rpi_poll_in
                0x0000000010003fdc       0x1e zephyr/drivers/serial/libdrivers__serial.a(uart_rpi_pico.c.obj)
 .text.uart_rpi_poll_out
                0x0000000010003ffa       0x10 zephyr/drivers/serial/libdrivers__serial.a(uart_rpi_pico.c.obj)
 .text.uart_rpi_err_check
                0x000000001000400a       0x24 zephyr/drivers/serial/libdrivers__serial.a(uart_rpi_pico.c.obj)
 .text.uart_rpi_fifo_fill
                0x000000001000402e       0x20 zephyr/drivers/serial/libdrivers__serial.a(uart_rpi_pico.c.obj)
 .text.uart_rpi_fifo_read
                0x000000001000404e       0x20 zephyr/drivers/serial/libdrivers__serial.a(uart_rpi_pico.c.obj)
 .text.uart_rpi_irq_tx_enable
                0x000000001000406e       0x16 zephyr/drivers/serial/libdrivers__serial.a(uart_rpi_pico.c.obj)
 .text.uart_rpi_irq_tx_disable
                0x0000000010004084        0xe zephyr/drivers/serial/libdrivers__serial.a(uart_rpi_pico.c.obj)
 .text.uart_rpi_irq_tx_ready
                0x0000000010004092        0xc zephyr/drivers/serial/libdrivers__serial.a(uart_rpi_pico.c.obj)
 .text.uart_rpi_irq_rx_enable
                0x000000001000409e       0x16 zephyr/drivers/serial/libdrivers__serial.a(uart_rpi_pico.c.obj)
 .text.uart_rpi_irq_rx_disable
                0x00000000100040b4        0xe zephyr/drivers/serial/libdrivers__serial.a(uart_rpi_pico.c.obj)
 .text.uart_rpi_irq_tx_complete
                0x00000000100040c2        0xc zephyr/drivers/serial/libdrivers__serial.a(uart_rpi_pico.c.obj)
 .text.uart_rpi_irq_rx_ready
                0x00000000100040ce        0xc zephyr/drivers/serial/libdrivers__serial.a(uart_rpi_pico.c.obj)
 .text.uart_rpi_irq_err_enable
                0x00000000100040da       0x10 zephyr/drivers/serial/libdrivers__serial.a(uart_rpi_pico.c.obj)
 .text.uart_rpi_irq_is_pending
                0x00000000100040ea       0x1c zephyr/drivers/serial/libdrivers__serial.a(uart_rpi_pico.c.obj)
 .text.uart_rpi_irq_update
                0x0000000010004106        0x4 zephyr/drivers/serial/libdrivers__serial.a(uart_rpi_pico.c.obj)
 .text.uart_rpi_irq_callback_set
                0x000000001000410a        0x8 zephyr/drivers/serial/libdrivers__serial.a(uart_rpi_pico.c.obj)
 .text.uart_rpi_isr
                0x0000000010004112       0x10 zephyr/drivers/serial/libdrivers__serial.a(uart_rpi_pico.c.obj)
 .text.uart_rpi_config_get
                0x0000000010004122       0x12 zephyr/drivers/serial/libdrivers__serial.a(uart_rpi_pico.c.obj)
 .text.uart0_rpi_irq_config_func
                0x0000000010004134       0x14 zephyr/drivers/serial/libdrivers__serial.a(uart_rpi_pico.c.obj)
 .text.uart_rpi_configure
                0x0000000010004148       0x32 zephyr/drivers/serial/libdrivers__serial.a(uart_rpi_pico.c.obj)
 .text.pinctrl_lookup_state
                0x000000001000417a       0x26 zephyr/drivers/pinctrl/libdrivers__pinctrl.a(common.c.obj)
                0x000000001000417a                pinctrl_lookup_state
 .text.pinctrl_configure_pins
                0x00000000100041a0       0x84 zephyr/drivers/pinctrl/libdrivers__pinctrl.a(pinctrl_rpi_pico.c.obj)
                0x00000000100041a0                pinctrl_configure_pins
 .text.reset_rpi_init
                0x0000000010004224        0x4 zephyr/drivers/reset/libdrivers__reset.a(reset_rpi_pico.c.obj)
 .text.reset_rpi_read_register.isra.0
                0x0000000010004228       0x30 zephyr/drivers/reset/libdrivers__reset.a(reset_rpi_pico.c.obj)
 .text.reset_rpi_update
                0x0000000010004258       0x72 zephyr/drivers/reset/libdrivers__reset.a(reset_rpi_pico.c.obj)
 .text.reset_rpi_line_assert
                0x00000000100042ca        0xa zephyr/drivers/reset/libdrivers__reset.a(reset_rpi_pico.c.obj)
 .text.reset_rpi_line_deassert
                0x00000000100042d4        0xa zephyr/drivers/reset/libdrivers__reset.a(reset_rpi_pico.c.obj)
 .text.reset_rpi_line_toggle
                0x00000000100042de       0x18 zephyr/drivers/reset/libdrivers__reset.a(reset_rpi_pico.c.obj)
 .text.reset_rpi_status
                0x00000000100042f6       0x38 zephyr/drivers/reset/libdrivers__reset.a(reset_rpi_pico.c.obj)
 .text.gpio_init
                0x000000001000432e       0x16 modules/hal_rpi_pico/libmodules__hal_rpi_pico.a(gpio.c.obj)
                0x000000001000432e                gpio_init
 .text.z_device_state_init
                0x0000000010004344        0x2 zephyr/kernel/libkernel.a(device.c.obj)
                0x0000000010004344                z_device_state_init
 .text.z_device_is_ready
                0x0000000010004346       0x1a zephyr/kernel/libkernel.a(device.c.obj)
                0x0000000010004346                z_device_is_ready
 .text.arch_system_halt
                0x0000000010004360        0x8 zephyr/kernel/libkernel.a(fatal.c.obj)
                0x0000000010004360                arch_system_halt
 .text.k_sys_fatal_error_handler
                0x0000000010004368        0x6 zephyr/kernel/libkernel.a(fatal.c.obj)
                0x0000000010004368                k_sys_fatal_error_handler
 .text.z_fatal_error
                0x000000001000436e       0x2c zephyr/kernel/libkernel.a(fatal.c.obj)
                0x000000001000436e                z_fatal_error
 .text.z_early_memset
                0x000000001000439a        0x8 zephyr/kernel/libkernel.a(init.c.obj)
                0x000000001000439a                z_early_memset
 .text.z_early_memcpy
                0x00000000100043a2        0x8 zephyr/kernel/libkernel.a(init.c.obj)
                0x00000000100043a2                z_early_memcpy
 .text.idle     0x00000000100043aa        0xe zephyr/kernel/libkernel.a(idle.c.obj)
                0x00000000100043aa                idle
 .text.sys_dlist_remove
                0x00000000100043b8       0x10 zephyr/kernel/libkernel.a(sched.c.obj)
 .text.unpend_thread_no_timeout
                0x00000000100043c8       0x16 zephyr/kernel/libkernel.a(sched.c.obj)
 .text.z_thread_timeout
                0x00000000100043de       0x38 zephyr/kernel/libkernel.a(sched.c.obj)
                0x00000000100043de                z_thread_timeout
 .text.z_ready_thread
                0x0000000010004416       0x18 zephyr/kernel/libkernel.a(sched.c.obj)
                0x0000000010004416                z_ready_thread
 .text.z_reschedule_irqlock
                0x000000001000442e       0x1c zephyr/kernel/libkernel.a(sched.c.obj)
                0x000000001000442e                z_reschedule_irqlock
 .text.z_reschedule_unlocked
                0x000000001000444a        0xe zephyr/kernel/libkernel.a(sched.c.obj)
 .text.z_abort_timeout
                0x0000000010004458       0x26 zephyr/kernel/libkernel.a(timeout.c.obj)
                0x0000000010004458                z_abort_timeout
 .text.z_set_timeout_expiry
                0x000000001000447e       0x2e zephyr/kernel/libkernel.a(timeout.c.obj)
                0x000000001000447e                z_set_timeout_expiry
 .text.sys_clock_tick_get_32
                0x00000000100044ac        0x8 zephyr/kernel/libkernel.a(timeout.c.obj)
                0x00000000100044ac                sys_clock_tick_get_32
 *(SORT_BY_ALIGNMENT(.TEXT.*))
 *(SORT_BY_ALIGNMENT(.gnu.linkonce.t.*))
 *(SORT_BY_ALIGNMENT(.glue_7t))
 .glue_7t       0x00000000100044b4        0x0 linker stubs
 *(SORT_BY_ALIGNMENT(.glue_7))
 .glue_7        0x00000000100044b4        0x0 linker stubs
 *(SORT_BY_ALIGNMENT(.vfp11_veneer))
 .vfp11_veneer  0x00000000100044b4        0x0 linker stubs
 *(SORT_BY_ALIGNMENT(.v4_bx))
 .v4_bx         0x00000000100044b4        0x0 linker stubs
                0x00000000100044b4                . = ALIGN (0x4)
                0x00000000100044b4                __text_region_end = .

.ARM.exidx      0x00000000100044b4        0x8
                0x00000000100044b4                __exidx_start = .
 *(SORT_BY_ALIGNMENT(.ARM.exidx*) SORT_BY_ALIGNMENT(gnu.linkonce.armexidx.*))
 .ARM.exidx     0x00000000100044b4        0x8 /home/tatiana/zephyr-sdk-0.15.1/arm-zephyr-eabi/bin/../lib/gcc/arm-zephyr-eabi/12.1.0/thumb/v6-m/nofp/libgcc.a(_udivmoddi4.o)
                0x00000000100044bc                __exidx_end = .
                0x00000000100044bc                __rodata_region_start = .

initlevel       0x00000000100044bc       0x38
                0x00000000100044bc                __init_start = .
                0x00000000100044bc                __init_EARLY_start = .
 *(SORT_BY_NAME(SORT_BY_ALIGNMENT(.z_init_EARLY[0-9]_*)))
 *(SORT_BY_NAME(SORT_BY_ALIGNMENT(.z_init_EARLY[1-9][0-9]_*)))
                0x00000000100044bc                __init_PRE_KERNEL_1_start = .
 *(SORT_BY_NAME(SORT_BY_ALIGNMENT(.z_init_PRE_KERNEL_1[0-9]_*)))
 .z_init_PRE_KERNEL_10_
                0x00000000100044bc        0x8 zephyr/soc/arm/rpi_pico/rp2/libsoc__arm__rpi_pico__rp2.a(soc.c.obj)
 *(SORT_BY_NAME(SORT_BY_ALIGNMENT(.z_init_PRE_KERNEL_1[1-9][0-9]_*)))
 .z_init_PRE_KERNEL_140_
                0x00000000100044c4        0x8 zephyr/drivers/reset/libdrivers__reset.a(reset_rpi_pico.c.obj)
 .z_init_PRE_KERNEL_155_
                0x00000000100044cc        0x8 zephyr/drivers/serial/libdrivers__serial.a(uart_rpi_pico.c.obj)
 .z_init_PRE_KERNEL_160_
                0x00000000100044d4        0x8 zephyr/drivers/console/libdrivers__console.a(uart_console.c.obj)
                0x00000000100044dc                __init_PRE_KERNEL_2_start = .
 *(SORT_BY_NAME(SORT_BY_ALIGNMENT(.z_init_PRE_KERNEL_2[0-9]_*)))
 .z_init_PRE_KERNEL_20_
                0x00000000100044dc        0x8 zephyr/drivers/timer/libdrivers__timer.a(cortex_m_systick.c.obj)
 *(SORT_BY_NAME(SORT_BY_ALIGNMENT(.z_init_PRE_KERNEL_2[1-9][0-9]_*)))
                0x00000000100044e4                __init_POST_KERNEL_start = .
 *(SORT_BY_NAME(SORT_BY_ALIGNMENT(.z_init_POST_KERNEL[0-9]_*)))
 *(SORT_BY_NAME(SORT_BY_ALIGNMENT(.z_init_POST_KERNEL[1-9][0-9]_*)))
 .z_init_POST_KERNEL40_
                0x00000000100044e4        0x8 zephyr/drivers/gpio/libdrivers__gpio.a(gpio_rpi_pico.c.obj)
 .z_init_POST_KERNEL50_
                0x00000000100044ec        0x8 zephyr/drivers/pwm/libdrivers__pwm.a(pwm_rpi_pico.c.obj)
                0x00000000100044f4                __init_APPLICATION_start = .
 *(SORT_BY_NAME(SORT_BY_ALIGNMENT(.z_init_APPLICATION[0-9]_*)))
 *(SORT_BY_NAME(SORT_BY_ALIGNMENT(.z_init_APPLICATION[1-9][0-9]_*)))
                0x00000000100044f4                __init_SMP_start = .
 *(SORT_BY_NAME(SORT_BY_ALIGNMENT(.z_init_SMP[0-9]_*)))
 *(SORT_BY_NAME(SORT_BY_ALIGNMENT(.z_init_SMP[1-9][0-9]_*)))
                0x00000000100044f4                __init_end = .

devices         0x00000000100044f4       0x60
                0x00000000100044f4                __device_start = .
                0x00000000100044f4                __device_EARLY_start = .
 *(SORT_BY_NAME(SORT_BY_ALIGNMENT(.z_device_EARLY[0-9]_*)))
 *(SORT_BY_NAME(SORT_BY_ALIGNMENT(.z_device_EARLY[1-9][0-9]_*)))
                0x00000000100044f4                __device_PRE_KERNEL_1_start = .
 *(SORT_BY_NAME(SORT_BY_ALIGNMENT(.z_device_PRE_KERNEL_1[0-9]_*)))
 *(SORT_BY_NAME(SORT_BY_ALIGNMENT(.z_device_PRE_KERNEL_1[1-9][0-9]_*)))
 .z_device_PRE_KERNEL_140_
                0x00000000100044f4       0x18 zephyr/drivers/reset/libdrivers__reset.a(reset_rpi_pico.c.obj)
                0x00000000100044f4                __device_dts_ord_5
 .z_device_PRE_KERNEL_155_
                0x000000001000450c       0x18 zephyr/drivers/serial/libdrivers__serial.a(uart_rpi_pico.c.obj)
                0x000000001000450c                __device_dts_ord_32
                0x0000000010004524                __device_PRE_KERNEL_2_start = .
 *(SORT_BY_NAME(SORT_BY_ALIGNMENT(.z_device_PRE_KERNEL_2[0-9]_*)))
 *(SORT_BY_NAME(SORT_BY_ALIGNMENT(.z_device_PRE_KERNEL_2[1-9][0-9]_*)))
                0x0000000010004524                __device_POST_KERNEL_start = .
 *(SORT_BY_NAME(SORT_BY_ALIGNMENT(.z_device_POST_KERNEL[0-9]_*)))
 *(SORT_BY_NAME(SORT_BY_ALIGNMENT(.z_device_POST_KERNEL[1-9][0-9]_*)))
 .z_device_POST_KERNEL40_
                0x0000000010004524       0x18 zephyr/drivers/gpio/libdrivers__gpio.a(gpio_rpi_pico.c.obj)
                0x0000000010004524                __device_dts_ord_15
 .z_device_POST_KERNEL50_
                0x000000001000453c       0x18 zephyr/drivers/pwm/libdrivers__pwm.a(pwm_rpi_pico.c.obj)
                0x000000001000453c                __device_dts_ord_9
                0x0000000010004554                __device_APPLICATION_start = .
 *(SORT_BY_NAME(SORT_BY_ALIGNMENT(.z_device_APPLICATION[0-9]_*)))
 *(SORT_BY_NAME(SORT_BY_ALIGNMENT(.z_device_APPLICATION[1-9][0-9]_*)))
                0x0000000010004554                __device_SMP_start = .
 *(SORT_BY_NAME(SORT_BY_ALIGNMENT(.z_device_SMP[0-9]_*)))
 *(SORT_BY_NAME(SORT_BY_ALIGNMENT(.z_device_SMP[1-9][0-9]_*)))
                0x0000000010004554                __device_end = .

sw_isr_table    0x0000000010004554       0xd0
                0x0000000010004554                . = ALIGN (0x4)
 *(SORT_BY_ALIGNMENT(.gnu.linkonce.sw_isr_table*))
 .gnu.linkonce.sw_isr_table
                0x0000000010004554       0xd0 zephyr/CMakeFiles/zephyr_final.dir/isr_tables.c.obj
                0x0000000010004554                _sw_isr_table

initlevel_error
                0x00000000100044bc        0x0
 *(SORT_BY_NAME(SORT_BY_ALIGNMENT(.z_init_[_A-Z0-9]*)))
                0x0000000000000001                ASSERT ((SIZEOF (initlevel_error) == 0x0), Undefined initialization levels used.)

app_shmem_regions
                0x0000000010004624        0x0
                0x0000000010004624                __app_shmem_regions_start = .
 *(SORT_BY_NAME(SORT_BY_ALIGNMENT(.app_regions.*)))
                0x0000000010004624                __app_shmem_regions_end = .

k_p4wq_initparam_area
                0x0000000010004624        0x0
                0x0000000010004624                _k_p4wq_initparam_list_start = .
 *(SORT_BY_NAME(SORT_BY_ALIGNMENT(._k_p4wq_initparam.static.*)))
                0x0000000010004624                _k_p4wq_initparam_list_end = .

_static_thread_data_area
                0x0000000010004624        0x0
                0x0000000010004624                __static_thread_data_list_start = .
 *(SORT_BY_NAME(SORT_BY_ALIGNMENT(.__static_thread_data.static.*)))
                0x0000000010004624                __static_thread_data_list_end = .

device_handles  0x0000000010004624       0x20
                0x0000000010004624                __device_handles_start = .
 *(SORT_BY_NAME(SORT_BY_ALIGNMENT(.__device_handles_pass2*)))
 .__device_handles_pass2
                0x0000000010004624       0x20 zephyr/CMakeFiles/zephyr_final.dir/dev_handles.c.obj
                0x0000000010004624                __devicehdl_dts_ord_9
                0x000000001000462c                __devicehdl_dts_ord_15
                0x0000000010004632                __devicehdl_dts_ord_32
                0x000000001000463a                __devicehdl_dts_ord_5
                0x0000000010004644                __device_handles_end = .

ztest           0x0000000010004644        0x0
                0x0000000010004644                _ztest_expected_result_entry_list_start = .
 *(SORT_BY_NAME(SORT_BY_ALIGNMENT(._ztest_expected_result_entry.static.*)))
                0x0000000010004644                _ztest_expected_result_entry_list_end = .
                0x0000000010004644                _ztest_suite_node_list_start = .
 *(SORT_BY_NAME(SORT_BY_ALIGNMENT(._ztest_suite_node.static.*)))
                0x0000000010004644                _ztest_suite_node_list_end = .
                0x0000000010004644                _ztest_unit_test_list_start = .
 *(SORT_BY_NAME(SORT_BY_ALIGNMENT(._ztest_unit_test.static.*)))
                0x0000000010004644                _ztest_unit_test_list_end = .
                0x0000000010004644                _ztest_test_rule_list_start = .
 *(SORT_BY_NAME(SORT_BY_ALIGNMENT(._ztest_test_rule.static.*)))
                0x0000000010004644                _ztest_test_rule_list_end = .

bt_l2cap_fixed_chan_area
                0x0000000010004644        0x0
                0x0000000010004644                _bt_l2cap_fixed_chan_list_start = .
 *(SORT_BY_NAME(SORT_BY_ALIGNMENT(._bt_l2cap_fixed_chan.static.*)))
                0x0000000010004644                _bt_l2cap_fixed_chan_list_end = .

bt_gatt_service_static_area
                0x0000000010004644        0x0
                0x0000000010004644                _bt_gatt_service_static_list_start = .
 *(SORT_BY_NAME(SORT_BY_ALIGNMENT(._bt_gatt_service_static.static.*)))
                0x0000000010004644                _bt_gatt_service_static_list_end = .

log_strings_sections
                0x0000000010004644        0x0
                0x0000000010004644                __log_strings_start = .
 *(SORT_BY_NAME(SORT_BY_ALIGNMENT(.log_strings*)))
                0x0000000010004644                __log_strings_end = .

log_const_sections
                0x0000000010004644        0x0
                0x0000000010004644                __log_const_start = .
 *(SORT_BY_NAME(SORT_BY_ALIGNMENT(.log_const_*)))
                0x0000000010004644                __log_const_end = .

log_backend_area
                0x0000000010004644        0x0
                0x0000000010004644                _log_backend_list_start = .
 *(SORT_BY_NAME(SORT_BY_ALIGNMENT(._log_backend.static.*)))
                0x0000000010004644                _log_backend_list_end = .

log_link_area   0x0000000010004644        0x0
                0x0000000010004644                _log_link_list_start = .
 *(SORT_BY_NAME(SORT_BY_ALIGNMENT(._log_link.static.*)))
                0x0000000010004644                _log_link_list_end = .

tracing_backend_area
                0x0000000010004644        0x0
                0x0000000010004644                _tracing_backend_list_start = .
 *(SORT_BY_NAME(SORT_BY_ALIGNMENT(._tracing_backend.static.*)))
                0x0000000010004644                _tracing_backend_list_end = .

zephyr_dbg_info
 *(SORT_BY_ALIGNMENT(.dbg_thread_info))

symbol_to_keep  0x0000000010004644        0x0
                0x0000000010004644                __symbol_to_keep_start = .
 *(SORT_BY_NAME(SORT_BY_ALIGNMENT(.symbol_to_keep*)))
                0x0000000010004644                __symbol_to_keep_end = .

shell_area      0x0000000010004644        0x0
                0x0000000010004644                _shell_list_start = .
 *(SORT_BY_NAME(SORT_BY_ALIGNMENT(._shell.static.*)))
                0x0000000010004644                _shell_list_end = .

shell_root_cmds_sections
                0x0000000010004644        0x0
                0x0000000010004644                __shell_root_cmds_start = .
 *(SORT_BY_NAME(SORT_BY_ALIGNMENT(.shell_root_cmd_*)))
                0x0000000010004644                __shell_root_cmds_end = .

shell_subcmds_sections
                0x0000000010004644        0x0
                0x0000000010004644                __shell_subcmds_start = .
 *(SORT_BY_NAME(SORT_BY_ALIGNMENT(.shell_subcmd_*)))
                0x0000000010004644                __shell_subcmds_end = .

shell_dynamic_subcmds_sections
                0x0000000010004644        0x0
                0x0000000010004644                __shell_dynamic_subcmds_start = .
 *(SORT_BY_NAME(SORT_BY_ALIGNMENT(.shell_dynamic_subcmd_*)))
                0x0000000010004644                __shell_dynamic_subcmds_end = .

font_entry_sections
                0x0000000010004644        0x0
                0x0000000010004644                __font_entry_start = .
 *(SORT_BY_NAME(SORT_BY_ALIGNMENT(._cfb_font.*)))
                0x0000000010004644                __font_entry_end = .

rodata          0x0000000010004644      0x20c
 *(SORT_BY_ALIGNMENT(.rodata))
 *(SORT_BY_ALIGNMENT(.rodata.*))
 .rodata.gpio_rpi_0_config
                0x0000000010004644        0x8 zephyr/drivers/gpio/libdrivers__gpio.a(gpio_rpi_pico.c.obj)
 .rodata.gpio_rpi_driver_api
                0x000000001000464c       0x24 zephyr/drivers/gpio/libdrivers__gpio.a(gpio_rpi_pico.c.obj)
 .rodata.pwm_rpi_config_0
                0x0000000010004670       0x28 zephyr/drivers/pwm/libdrivers__pwm.a(pwm_rpi_pico.c.obj)
 .rodata.__pinctrl_dev_config__device_dts_ord_9
                0x0000000010004698        0x8 zephyr/drivers/pwm/libdrivers__pwm.a(pwm_rpi_pico.c.obj)
 .rodata.__pinctrl_states__device_dts_ord_9
                0x00000000100046a0        0x8 zephyr/drivers/pwm/libdrivers__pwm.a(pwm_rpi_pico.c.obj)
 .rodata.__pinctrl_state_pins_0__device_dts_ord_9
                0x00000000100046a8        0x4 zephyr/drivers/pwm/libdrivers__pwm.a(pwm_rpi_pico.c.obj)
 .rodata.uart0_rpi_config
                0x00000000100046ac       0x18 zephyr/drivers/serial/libdrivers__serial.a(uart_rpi_pico.c.obj)
 .rodata.__pinctrl_dev_config__device_dts_ord_32
                0x00000000100046c4        0x8 zephyr/drivers/serial/libdrivers__serial.a(uart_rpi_pico.c.obj)
 .rodata.__pinctrl_states__device_dts_ord_32
                0x00000000100046cc        0x8 zephyr/drivers/serial/libdrivers__serial.a(uart_rpi_pico.c.obj)
 .rodata.__pinctrl_state_pins_0__device_dts_ord_32
                0x00000000100046d4        0x8 zephyr/drivers/serial/libdrivers__serial.a(uart_rpi_pico.c.obj)
 .rodata.uart_rpi_driver_api
                0x00000000100046dc       0x4c zephyr/drivers/serial/libdrivers__serial.a(uart_rpi_pico.c.obj)
 .rodata.reset_rpi_config_0
                0x0000000010004728        0xc zephyr/drivers/reset/libdrivers__reset.a(reset_rpi_pico.c.obj)
 .rodata.reset_rpi_driver_api
                0x0000000010004734       0x10 zephyr/drivers/reset/libdrivers__reset.a(reset_rpi_pico.c.obj)
 .rodata._k_neg_eagain
                0x0000000010004744        0x4 zephyr/kernel/libkernel.a(errno.c.obj)
                0x0000000010004744                _k_neg_eagain
 .rodata.levels.0
                0x0000000010004748       0x18 zephyr/kernel/libkernel.a(init.c.obj)
 .rodata.main.str1.1
                0x0000000010004760       0x5c app/libapp.a(main.c.obj)
 .rodata.z_cbvprintf_impl.str1.1
                0x00000000100047bc        0x6 zephyr/libzephyr.a(cbprintf_complete.c.obj)
 .rodata.str1.1
                0x00000000100047c2        0xe zephyr/drivers/gpio/libdrivers__gpio.a(gpio_rpi_pico.c.obj)
 .rodata.str1.1
                0x00000000100047d0        0xd zephyr/drivers/pwm/libdrivers__pwm.a(pwm_rpi_pico.c.obj)
 .rodata.CSWTCH.19
                0x00000000100047dd        0x3 zephyr/drivers/serial/libdrivers__serial.a(uart_rpi_pico.c.obj)
 .rodata.str1.1
                0x00000000100047e0        0xe zephyr/drivers/serial/libdrivers__serial.a(uart_rpi_pico.c.obj)
 .rodata.str1.1
                0x00000000100047ee       0x1a zephyr/drivers/reset/libdrivers__reset.a(reset_rpi_pico.c.obj)
 .rodata.z_cstart.str1.1
                0x0000000010004808        0x5 zephyr/kernel/libkernel.a(init.c.obj)
 .rodata.boot_banner.str1.1
                0x000000001000480d       0x42 zephyr/kernel/libkernel.a(banner.c.obj)
 *(SORT_BY_ALIGNMENT(.gnu.linkonce.r.*))
                0x0000000010004850                . = ALIGN (0x4)
 *fill*         0x000000001000484f        0x1 
                0x0000000010004850                __rodata_region_end = .
                0x0000000010004850                . = ALIGN (_region_min_align)
                0x0000000010004850                __rom_region_end = ((__rom_region_start + .) - ADDR (rom_start))

/DISCARD/
 *(SORT_BY_ALIGNMENT(.got.plt))
 *(SORT_BY_ALIGNMENT(.igot.plt))
 *(SORT_BY_ALIGNMENT(.got))
 *(SORT_BY_ALIGNMENT(.igot))
                0x0000000020000000                . = 0x20000000
                0x0000000020000000                . = ALIGN (_region_min_align)
                0x0000000020000000                _image_ram_start = .

.ramfunc        0x0000000020000000        0x0 load address 0x0000000010004850
                0x0000000020000000                . = ALIGN (_region_min_align)
                0x0000000020000000                __ramfunc_start = .
 *(SORT_BY_ALIGNMENT(.ramfunc))
 *(SORT_BY_ALIGNMENT(.ramfunc.*))
                0x0000000020000000                . = ALIGN (_region_min_align)
                0x0000000020000000                __ramfunc_end = .
                0x0000000000000000                __ramfunc_size = (__ramfunc_end - __ramfunc_start)
                0x0000000010004850                __ramfunc_load_start = LOADADDR (.ramfunc)

datas           0x0000000020000000       0x28 load address 0x0000000010004850
                0x0000000020000000                __data_region_start = .
                0x0000000020000000                __data_start = .
 *(SORT_BY_ALIGNMENT(.data))
 *(SORT_BY_ALIGNMENT(.data.*))
 .data._char_out
                0x0000000020000000        0x4 zephyr/libzephyr.a(printk.c.obj)
                0x0000000020000000                _char_out
 .data._stdout_hook
                0x0000000020000004        0x4 zephyr/lib/libc/minimal/liblib__libc__minimal.a(stdout_console.c.obj)
 .data.pwm_rpi_driver_api
                0x0000000020000008        0x8 zephyr/drivers/pwm/libdrivers__pwm.a(pwm_rpi_pico.c.obj)
                0x0000000020000008                pwm_rpi_driver_api
 .data.uart0_rpi_data
                0x0000000020000010       0x10 zephyr/drivers/serial/libdrivers__serial.a(uart_rpi_pico.c.obj)
 .data.timeout_list
                0x0000000020000020        0x8 zephyr/kernel/libkernel.a(timeout.c.obj)
 *(SORT_BY_ALIGNMENT(.kernel.*))
                0x0000000020000028                __data_end = .
                0x0000000000000028                __data_size = (__data_end - __data_start)
                0x0000000010004850                __data_load_start = LOADADDR (datas)
                0x0000000010004850                __data_region_load_start = LOADADDR (datas)

device_states   0x0000000020000028        0x8 load address 0x0000000010004878
                0x0000000020000028                __device_states_start = .
 *(SORT_BY_ALIGNMENT(.z_devstate))
 .z_devstate    0x0000000020000028        0x2 zephyr/drivers/gpio/libdrivers__gpio.a(gpio_rpi_pico.c.obj)
 .z_devstate    0x000000002000002a        0x2 zephyr/drivers/pwm/libdrivers__pwm.a(pwm_rpi_pico.c.obj)
 .z_devstate    0x000000002000002c        0x2 zephyr/drivers/serial/libdrivers__serial.a(uart_rpi_pico.c.obj)
 .z_devstate    0x000000002000002e        0x2 zephyr/drivers/reset/libdrivers__reset.a(reset_rpi_pico.c.obj)
 *(SORT_BY_ALIGNMENT(.z_devstate.*))
                0x0000000020000030                __device_states_end = .

initshell       0x0000000020000030        0x0 load address 0x0000000010004880
                0x0000000020000030                __shell_module_start = .
 *(SORT_BY_ALIGNMENT(.shell_module_*))
                0x0000000020000030                __shell_module_end = .
                0x0000000020000030                __shell_cmd_start = .
 *(SORT_BY_ALIGNMENT(.shell_cmd_*))
                0x0000000020000030                __shell_cmd_end = .

log_mpsc_pbuf_area
                0x0000000020000030        0x0 load address 0x0000000010004880
                0x0000000020000030                _log_mpsc_pbuf_list_start = .
 *(SORT_BY_NAME(SORT_BY_ALIGNMENT(._log_mpsc_pbuf.static.*)))
                0x0000000020000030                _log_mpsc_pbuf_list_end = .

log_msg_ptr_area
                0x0000000020000030        0x0 load address 0x0000000010004880
                0x0000000020000030                _log_msg_ptr_list_start = .
 *(SORT_BY_NAME(SORT_BY_ALIGNMENT(._log_msg_ptr.static.*)))
                0x0000000020000030                _log_msg_ptr_list_end = .

log_dynamic_sections
                0x0000000020000030        0x0 load address 0x0000000010004880
                0x0000000020000030                __log_dynamic_start = .
 *(SORT_BY_NAME(SORT_BY_ALIGNMENT(.log_dynamic_*)))
                0x0000000020000030                __log_dynamic_end = .

k_timer_area    0x0000000020000030        0x0 load address 0x0000000010004880
                0x0000000020000030                _k_timer_list_start = .
 *(SORT_BY_NAME(SORT_BY_ALIGNMENT(._k_timer.static.*)))
                0x0000000020000030                _k_timer_list_end = .

k_mem_slab_area
                0x0000000020000030        0x0 load address 0x0000000010004880
                0x0000000020000030                _k_mem_slab_list_start = .
 *(SORT_BY_NAME(SORT_BY_ALIGNMENT(._k_mem_slab.static.*)))
                0x0000000020000030                _k_mem_slab_list_end = .

k_heap_area     0x0000000020000030        0x0 load address 0x0000000010004880
                0x0000000020000030                _k_heap_list_start = .
 *(SORT_BY_NAME(SORT_BY_ALIGNMENT(._k_heap.static.*)))
                0x0000000020000030                _k_heap_list_end = .

k_mutex_area    0x0000000020000030        0x0 load address 0x0000000010004880
                0x0000000020000030                _k_mutex_list_start = .
 *(SORT_BY_NAME(SORT_BY_ALIGNMENT(._k_mutex.static.*)))
                0x0000000020000030                _k_mutex_list_end = .

k_stack_area    0x0000000020000030        0x0 load address 0x0000000010004880
                0x0000000020000030                _k_stack_list_start = .
 *(SORT_BY_NAME(SORT_BY_ALIGNMENT(._k_stack.static.*)))
                0x0000000020000030                _k_stack_list_end = .

k_msgq_area     0x0000000020000030        0x0 load address 0x0000000010004880
                0x0000000020000030                _k_msgq_list_start = .
 *(SORT_BY_NAME(SORT_BY_ALIGNMENT(._k_msgq.static.*)))
                0x0000000020000030                _k_msgq_list_end = .

k_mbox_area     0x0000000020000030        0x0 load address 0x0000000010004880
                0x0000000020000030                _k_mbox_list_start = .
 *(SORT_BY_NAME(SORT_BY_ALIGNMENT(._k_mbox.static.*)))
                0x0000000020000030                _k_mbox_list_end = .

k_pipe_area     0x0000000020000030        0x0 load address 0x0000000010004880
                0x0000000020000030                _k_pipe_list_start = .
 *(SORT_BY_NAME(SORT_BY_ALIGNMENT(._k_pipe.static.*)))
                0x0000000020000030                _k_pipe_list_end = .

k_sem_area      0x0000000020000030        0x0 load address 0x0000000010004880
                0x0000000020000030                _k_sem_list_start = .
 *(SORT_BY_NAME(SORT_BY_ALIGNMENT(._k_sem.static.*)))
                0x0000000020000030                _k_sem_list_end = .

k_event_area    0x0000000020000030        0x0 load address 0x0000000010004880
                0x0000000020000030                _k_event_list_start = .
 *(SORT_BY_NAME(SORT_BY_ALIGNMENT(._k_event.static.*)))
                0x0000000020000030                _k_event_list_end = .

k_queue_area    0x0000000020000030        0x0 load address 0x0000000010004880
                0x0000000020000030                _k_queue_list_start = .
 *(SORT_BY_NAME(SORT_BY_ALIGNMENT(._k_queue.static.*)))
                0x0000000020000030                _k_queue_list_end = .

k_condvar_area  0x0000000020000030        0x0 load address 0x0000000010004880
                0x0000000020000030                _k_condvar_list_start = .
 *(SORT_BY_NAME(SORT_BY_ALIGNMENT(._k_condvar.static.*)))
                0x0000000020000030                _k_condvar_list_end = .

_net_buf_pool_area
                0x0000000020000030        0x0 load address 0x0000000010004880
                0x0000000020000030                _net_buf_pool_list = .
 *(SORT_BY_NAME(SORT_BY_ALIGNMENT(._net_buf_pool.static.*)))
                0x0000000020000030                __data_region_end = .

bss             0x0000000020000030      0x169
                0x0000000020000030                . = ALIGN (0x4)
                0x0000000020000030                __bss_start = .
                0x0000000020000030                __kernel_ram_start = .
 *(SORT_BY_ALIGNMENT(.bss))
 *(SORT_BY_ALIGNMENT(.bss.*))
 .bss.z_idle_threads
                0x0000000020000030       0x70 zephyr/kernel/libkernel.a(init.c.obj)
                0x0000000020000030                z_idle_threads
 .bss.z_main_thread
                0x00000000200000a0       0x70 zephyr/kernel/libkernel.a(init.c.obj)
                0x00000000200000a0                z_main_thread
 .bss.curr_tick
                0x0000000020000110        0x8 zephyr/kernel/libkernel.a(timeout.c.obj)
 .bss.gpio_rpi_0_data
                0x0000000020000118       0x10 zephyr/drivers/gpio/libdrivers__gpio.a(gpio_rpi_pico.c.obj)
 .bss.overflow_cyc
                0x0000000020000128        0x4 zephyr/drivers/timer/libdrivers__timer.a(cortex_m_systick.c.obj)
 .bss.announced_cycles
                0x000000002000012c        0x4 zephyr/drivers/timer/libdrivers__timer.a(cortex_m_systick.c.obj)
 .bss.cycle_count
                0x0000000020000130        0x4 zephyr/drivers/timer/libdrivers__timer.a(cortex_m_systick.c.obj)
 .bss.last_load
                0x0000000020000134        0x4 zephyr/drivers/timer/libdrivers__timer.a(cortex_m_systick.c.obj)
 .bss.configured_freq
                0x0000000020000138       0x28 modules/hal_rpi_pico/libmodules__hal_rpi_pico.a(clocks.c.obj)
 .bss._kernel   0x0000000020000160       0x24 zephyr/kernel/libkernel.a(init.c.obj)
                0x0000000020000160                _kernel
 .bss.pending_current
                0x0000000020000184        0x4 zephyr/kernel/libkernel.a(sched.c.obj)
 .bss.slice_max_prio
                0x0000000020000188        0x4 zephyr/kernel/libkernel.a(sched.c.obj)
 .bss.slice_ticks
                0x000000002000018c        0x4 zephyr/kernel/libkernel.a(sched.c.obj)
 .bss.announce_remaining
                0x0000000020000190        0x4 zephyr/kernel/libkernel.a(timeout.c.obj)
 .bss.uart_char_to_line_feed
                0x0000000020000194        0x4 modules/hal_rpi_pico/libmodules__hal_rpi_pico.a(uart.c.obj)
                0x0000000020000194                uart_char_to_line_feed
 .bss.z_sys_post_kernel
                0x0000000020000198        0x1 zephyr/kernel/libkernel.a(init.c.obj)
                0x0000000020000198                z_sys_post_kernel
 .bss.sched_spinlock
                0x0000000020000199        0x0 zephyr/kernel/libkernel.a(sched.c.obj)
                0x0000000020000199                sched_spinlock
 *(SORT_BY_ALIGNMENT(COMMON))
 *(SORT_BY_ALIGNMENT(.kernel_bss.*))
                0x000000002000019c                __bss_end = ALIGN (0x4)

noinit          0x00000000200001a0      0xd00
 *(SORT_BY_ALIGNMENT(.noinit))
 *(SORT_BY_ALIGNMENT(.noinit.*))
 .noinit."WEST_TOPDIR/zephyr/kernel/init.c".2
                0x00000000200001a0      0x800 zephyr/kernel/libkernel.a(init.c.obj)
                0x00000000200001a0                z_interrupt_stacks
 .noinit."WEST_TOPDIR/zephyr/kernel/init.c".1
                0x00000000200009a0      0x100 zephyr/kernel/libkernel.a(init.c.obj)
 .noinit."WEST_TOPDIR/zephyr/kernel/init.c".0
                0x0000000020000aa0      0x400 zephyr/kernel/libkernel.a(init.c.obj)
                0x0000000020000aa0                z_main_stack
 *(SORT_BY_ALIGNMENT(.kernel_noinit.*))
                0x0000000020000ea0                _image_ram_end = .
                0x0000000020000ea0                _end = .
                0x0000000020042000                __kernel_ram_end = 0x20042000
                0x0000000000041fd0                __kernel_ram_size = (__kernel_ram_end - __kernel_ram_start)

/DISCARD/
 *(SORT_BY_ALIGNMENT(.irq_info*))
 *(SORT_BY_ALIGNMENT(.intList*))

.stab
 *(SORT_BY_ALIGNMENT(.stab))

.stabstr
 *(SORT_BY_ALIGNMENT(.stabstr))

.stab.excl
 *(SORT_BY_ALIGNMENT(.stab.excl))

.stab.exclstr
 *(SORT_BY_ALIGNMENT(.stab.exclstr))

.stab.index
 *(SORT_BY_ALIGNMENT(.stab.index))

.stab.indexstr
 *(SORT_BY_ALIGNMENT(.stab.indexstr))

.gnu.build.attributes
 *(SORT_BY_ALIGNMENT(.gnu.build.attributes) SORT_BY_ALIGNMENT(.gnu.build.attributes.*))

.comment        0x0000000000000000       0x20
 *(SORT_BY_ALIGNMENT(.comment))
 .comment       0x0000000000000000       0x20 zephyr/CMakeFiles/zephyr_final.dir/dev_handles.c.obj
                                         0x21 (size before relaxing)
 .comment       0x0000000000000020       0x21 zephyr/CMakeFiles/zephyr_final.dir/isr_tables.c.obj
 .comment       0x0000000000000020       0x21 zephyr/CMakeFiles/offsets.dir/./arch/arm/core/offsets/offsets.c.obj
 .comment       0x0000000000000020       0x21 app/libapp.a(main.c.obj)
 .comment       0x0000000000000020       0x21 zephyr/libzephyr.a(printk.c.obj)
 .comment       0x0000000000000020       0x21 zephyr/libzephyr.a(thread_entry.c.obj)
 .comment       0x0000000000000020       0x21 zephyr/libzephyr.a(cbprintf_complete.c.obj)
 .comment       0x0000000000000020       0x21 zephyr/libzephyr.a(configs.c.obj)
 .comment       0x0000000000000020       0x21 zephyr/arch/arch/arm/core/aarch32/libarch__arm__core__aarch32.a(fatal.c.obj)
 .comment       0x0000000000000020       0x21 zephyr/arch/arch/arm/core/aarch32/libarch__arm__core__aarch32.a(irq_manage.c.obj)
 .comment       0x0000000000000020       0x21 zephyr/arch/arch/arm/core/aarch32/libarch__arm__core__aarch32.a(nmi.c.obj)
 .comment       0x0000000000000020       0x21 zephyr/arch/arch/arm/core/aarch32/libarch__arm__core__aarch32.a(prep_c.c.obj)
 .comment       0x0000000000000020       0x21 zephyr/arch/arch/arm/core/aarch32/libarch__arm__core__aarch32.a(swap.c.obj)
 .comment       0x0000000000000020       0x21 zephyr/arch/arch/arm/core/aarch32/libarch__arm__core__aarch32.a(thread.c.obj)
 .comment       0x0000000000000020       0x21 zephyr/arch/arch/arm/core/aarch32/cortex_m/libarch__arm__core__aarch32__cortex_m.a(fault.c.obj)
 .comment       0x0000000000000020       0x21 zephyr/arch/arch/arm/core/aarch32/cortex_m/libarch__arm__core__aarch32__cortex_m.a(irq_init.c.obj)
 .comment       0x0000000000000020       0x21 zephyr/arch/arch/arm/core/aarch32/cortex_m/libarch__arm__core__aarch32__cortex_m.a(thread_abort.c.obj)
 .comment       0x0000000000000020       0x21 zephyr/lib/libc/minimal/liblib__libc__minimal.a(string.c.obj)
 .comment       0x0000000000000020       0x21 zephyr/lib/libc/minimal/liblib__libc__minimal.a(stdout_console.c.obj)
 .comment       0x0000000000000020       0x21 zephyr/soc/arm/rpi_pico/rp2/libsoc__arm__rpi_pico__rp2.a(soc.c.obj)
 .comment       0x0000000000000020       0x21 zephyr/drivers/console/libdrivers__console.a(uart_console.c.obj)
 .comment       0x0000000000000020       0x21 zephyr/drivers/gpio/libdrivers__gpio.a(gpio_rpi_pico.c.obj)
 .comment       0x0000000000000020       0x21 zephyr/drivers/pwm/libdrivers__pwm.a(pwm_rpi_pico.c.obj)
 .comment       0x0000000000000020       0x21 zephyr/drivers/serial/libdrivers__serial.a(uart_rpi_pico.c.obj)
 .comment       0x0000000000000020       0x21 zephyr/drivers/timer/libdrivers__timer.a(cortex_m_systick.c.obj)
 .comment       0x0000000000000020       0x21 zephyr/drivers/pinctrl/libdrivers__pinctrl.a(common.c.obj)
 .comment       0x0000000000000020       0x21 zephyr/drivers/pinctrl/libdrivers__pinctrl.a(pinctrl_rpi_pico.c.obj)
 .comment       0x0000000000000020       0x21 zephyr/drivers/reset/libdrivers__reset.a(reset_rpi_pico.c.obj)
 .comment       0x0000000000000020       0x21 modules/hal_rpi_pico/libmodules__hal_rpi_pico.a(clocks.c.obj)
 .comment       0x0000000000000020       0x21 modules/hal_rpi_pico/libmodules__hal_rpi_pico.a(pll.c.obj)
 .comment       0x0000000000000020       0x21 modules/hal_rpi_pico/libmodules__hal_rpi_pico.a(xosc.c.obj)
 .comment       0x0000000000000020       0x21 modules/hal_rpi_pico/libmodules__hal_rpi_pico.a(watchdog.c.obj)
 .comment       0x0000000000000020       0x21 modules/hal_rpi_pico/libmodules__hal_rpi_pico.a(platform.c.obj)
 .comment       0x0000000000000020       0x21 modules/hal_rpi_pico/libmodules__hal_rpi_pico.a(gpio.c.obj)
 .comment       0x0000000000000020       0x21 modules/hal_rpi_pico/libmodules__hal_rpi_pico.a(uart.c.obj)
 .comment       0x0000000000000020       0x21 zephyr/kernel/libkernel.a(device.c.obj)
 .comment       0x0000000000000020       0x21 zephyr/kernel/libkernel.a(errno.c.obj)
 .comment       0x0000000000000020       0x21 zephyr/kernel/libkernel.a(fatal.c.obj)
 .comment       0x0000000000000020       0x21 zephyr/kernel/libkernel.a(init.c.obj)
 .comment       0x0000000000000020       0x21 zephyr/kernel/libkernel.a(thread.c.obj)
 .comment       0x0000000000000020       0x21 zephyr/kernel/libkernel.a(idle.c.obj)
 .comment       0x0000000000000020       0x21 zephyr/kernel/libkernel.a(sched.c.obj)
 .comment       0x0000000000000020       0x21 zephyr/kernel/libkernel.a(xip.c.obj)
 .comment       0x0000000000000020       0x21 zephyr/kernel/libkernel.a(timeout.c.obj)
 .comment       0x0000000000000020       0x21 zephyr/kernel/libkernel.a(banner.c.obj)

.debug
 *(SORT_BY_ALIGNMENT(.debug))

.line
 *(SORT_BY_ALIGNMENT(.line))

.debug_srcinfo
 *(SORT_BY_ALIGNMENT(.debug_srcinfo))

.debug_sfnames
 *(SORT_BY_ALIGNMENT(.debug_sfnames))

.debug_aranges  0x0000000000000000      0xe40
 *(SORT_BY_ALIGNMENT(.debug_aranges))
 .debug_aranges
                0x0000000000000000       0x30 zephyr/arch/arch/arm/core/aarch32/libarch__arm__core__aarch32.a(cpu_idle.S.obj)
 .debug_aranges
                0x0000000000000030       0x20 zephyr/arch/arch/arm/core/aarch32/libarch__arm__core__aarch32.a(nmi_on_reset.S.obj)
 .debug_aranges
                0x0000000000000050       0x28 zephyr/arch/arch/arm/core/aarch32/libarch__arm__core__aarch32.a(swap_helper.S.obj)
 .debug_aranges
                0x0000000000000078       0x20 zephyr/arch/arch/arm/core/aarch32/libarch__arm__core__aarch32.a(isr_wrapper.S.obj)
 .debug_aranges
                0x0000000000000098       0x20 zephyr/arch/arch/arm/core/aarch32/cortex_m/libarch__arm__core__aarch32__cortex_m.a(exc_exit.S.obj)
 .debug_aranges
                0x00000000000000b8       0x20 zephyr/arch/arch/arm/core/aarch32/cortex_m/libarch__arm__core__aarch32__cortex_m.a(fault_s.S.obj)
 .debug_aranges
                0x00000000000000d8       0x20 zephyr/arch/arch/arm/core/aarch32/cortex_m/libarch__arm__core__aarch32__cortex_m.a(reset.S.obj)
 .debug_aranges
                0x00000000000000f8       0x18 zephyr/CMakeFiles/zephyr_final.dir/dev_handles.c.obj
 .debug_aranges
                0x0000000000000110       0x18 zephyr/CMakeFiles/zephyr_final.dir/isr_tables.c.obj
 .debug_aranges
                0x0000000000000128       0x20 zephyr/CMakeFiles/offsets.dir/./arch/arm/core/offsets/offsets.c.obj
 .debug_aranges
                0x0000000000000148       0x20 app/libapp.a(main.c.obj)
 .debug_aranges
                0x0000000000000168       0x68 zephyr/libzephyr.a(printk.c.obj)
 .debug_aranges
                0x00000000000001d0       0x20 zephyr/libzephyr.a(thread_entry.c.obj)
 .debug_aranges
                0x00000000000001f0       0x30 zephyr/libzephyr.a(cbprintf_complete.c.obj)
 .debug_aranges
                0x0000000000000220       0x20 zephyr/libzephyr.a(configs.c.obj)
 .debug_aranges
                0x0000000000000240       0x30 zephyr/arch/arch/arm/core/aarch32/libarch__arm__core__aarch32.a(fatal.c.obj)
 .debug_aranges
                0x0000000000000270       0x40 zephyr/arch/arch/arm/core/aarch32/libarch__arm__core__aarch32.a(irq_manage.c.obj)
 .debug_aranges
                0x00000000000002b0       0x20 zephyr/arch/arch/arm/core/aarch32/libarch__arm__core__aarch32.a(nmi.c.obj)
 .debug_aranges
                0x00000000000002d0       0x20 zephyr/arch/arch/arm/core/aarch32/libarch__arm__core__aarch32.a(prep_c.c.obj)
 .debug_aranges
                0x00000000000002f0       0x20 zephyr/arch/arch/arm/core/aarch32/libarch__arm__core__aarch32.a(swap.c.obj)
 .debug_aranges
                0x0000000000000310       0x28 zephyr/arch/arch/arm/core/aarch32/libarch__arm__core__aarch32.a(thread.c.obj)
 .debug_aranges
                0x0000000000000338       0x28 zephyr/arch/arch/arm/core/aarch32/cortex_m/libarch__arm__core__aarch32__cortex_m.a(fault.c.obj)
 .debug_aranges
                0x0000000000000360       0x20 zephyr/arch/arch/arm/core/aarch32/cortex_m/libarch__arm__core__aarch32__cortex_m.a(irq_init.c.obj)
 .debug_aranges
                0x0000000000000380       0x20 zephyr/arch/arch/arm/core/aarch32/cortex_m/libarch__arm__core__aarch32__cortex_m.a(thread_abort.c.obj)
 .debug_aranges
                0x00000000000003a0       0x98 zephyr/lib/libc/minimal/liblib__libc__minimal.a(string.c.obj)
 .debug_aranges
                0x0000000000000438       0x58 zephyr/lib/libc/minimal/liblib__libc__minimal.a(stdout_console.c.obj)
 .debug_aranges
                0x0000000000000490       0x20 zephyr/soc/arm/rpi_pico/rp2/libsoc__arm__rpi_pico__rp2.a(soc.c.obj)
 .debug_aranges
                0x00000000000004b0       0x30 zephyr/drivers/console/libdrivers__console.a(uart_console.c.obj)
 .debug_aranges
                0x00000000000004e0       0x70 zephyr/drivers/gpio/libdrivers__gpio.a(gpio_rpi_pico.c.obj)
 .debug_aranges
                0x0000000000000550       0x30 zephyr/drivers/pwm/libdrivers__pwm.a(pwm_rpi_pico.c.obj)
 .debug_aranges
                0x0000000000000580       0xd0 zephyr/drivers/serial/libdrivers__serial.a(uart_rpi_pico.c.obj)
 .debug_aranges
                0x0000000000000650       0x58 zephyr/drivers/timer/libdrivers__timer.a(cortex_m_systick.c.obj)
 .debug_aranges
                0x00000000000006a8       0x20 zephyr/drivers/pinctrl/libdrivers__pinctrl.a(common.c.obj)
 .debug_aranges
                0x00000000000006c8       0x20 zephyr/drivers/pinctrl/libdrivers__pinctrl.a(pinctrl_rpi_pico.c.obj)
 .debug_aranges
                0x00000000000006e8       0x50 zephyr/drivers/reset/libdrivers__reset.a(reset_rpi_pico.c.obj)
 .debug_aranges
                0x0000000000000738       0x68 modules/hal_rpi_pico/libmodules__hal_rpi_pico.a(clocks.c.obj)
 .debug_aranges
                0x00000000000007a0       0x28 modules/hal_rpi_pico/libmodules__hal_rpi_pico.a(pll.c.obj)
 .debug_aranges
                0x00000000000007c8       0x30 modules/hal_rpi_pico/libmodules__hal_rpi_pico.a(xosc.c.obj)
 .debug_aranges
                0x00000000000007f8       0x58 modules/hal_rpi_pico/libmodules__hal_rpi_pico.a(watchdog.c.obj)
 .debug_aranges
                0x0000000000000850       0x28 modules/hal_rpi_pico/libmodules__hal_rpi_pico.a(platform.c.obj)
 .debug_aranges
                0x0000000000000878       0xd0 modules/hal_rpi_pico/libmodules__hal_rpi_pico.a(gpio.c.obj)
 .debug_aranges
                0x0000000000000948       0x40 modules/hal_rpi_pico/libmodules__hal_rpi_pico.a(uart.c.obj)
 .debug_aranges
                0x0000000000000988       0x50 zephyr/kernel/libkernel.a(device.c.obj)
 .debug_aranges
                0x00000000000009d8       0x20 zephyr/kernel/libkernel.a(errno.c.obj)
 .debug_aranges
                0x00000000000009f8       0x60 zephyr/kernel/libkernel.a(fatal.c.obj)
 .debug_aranges
                0x0000000000000a58       0x50 zephyr/kernel/libkernel.a(init.c.obj)
 .debug_aranges
                0x0000000000000aa8       0xb8 zephyr/kernel/libkernel.a(thread.c.obj)
 .debug_aranges
                0x0000000000000b60       0x28 zephyr/kernel/libkernel.a(idle.c.obj)
 .debug_aranges
                0x0000000000000b88      0x1e0 zephyr/kernel/libkernel.a(sched.c.obj)
 .debug_aranges
                0x0000000000000d68       0x20 zephyr/kernel/libkernel.a(xip.c.obj)
 .debug_aranges
                0x0000000000000d88       0x98 zephyr/kernel/libkernel.a(timeout.c.obj)
 .debug_aranges
                0x0000000000000e20       0x20 zephyr/kernel/libkernel.a(banner.c.obj)

.debug_pubnames
 *(SORT_BY_ALIGNMENT(.debug_pubnames))

.debug_info     0x0000000000000000    0x247f0
 *(SORT_BY_ALIGNMENT(.debug_info) SORT_BY_ALIGNMENT(.gnu.linkonce.wi.*))
 .debug_info    0x0000000000000000      0x121 zephyr/CMakeFiles/zephyr_final.dir/dev_handles.c.obj
 .debug_info    0x0000000000000121      0x146 zephyr/CMakeFiles/zephyr_final.dir/isr_tables.c.obj
 .debug_info    0x0000000000000267       0xd0 zephyr/CMakeFiles/offsets.dir/./arch/arm/core/offsets/offsets.c.obj
 .debug_info    0x0000000000000337      0x9e6 app/libapp.a(main.c.obj)
 .debug_info    0x0000000000000d1d      0x6a4 zephyr/libzephyr.a(printk.c.obj)
 .debug_info    0x00000000000013c1      0x5d2 zephyr/libzephyr.a(thread_entry.c.obj)
 .debug_info    0x0000000000001993     0x1081 zephyr/libzephyr.a(cbprintf_complete.c.obj)
 .debug_info    0x0000000000002a14       0x38 zephyr/libzephyr.a(configs.c.obj)
 .debug_info    0x0000000000002a4c       0x22 zephyr/arch/arch/arm/core/aarch32/libarch__arm__core__aarch32.a(cpu_idle.S.obj)
 .debug_info    0x0000000000002a6e     0x2559 zephyr/arch/arch/arm/core/aarch32/libarch__arm__core__aarch32.a(fatal.c.obj)
 .debug_info    0x0000000000004fc7      0x660 zephyr/arch/arch/arm/core/aarch32/libarch__arm__core__aarch32.a(irq_manage.c.obj)
 .debug_info    0x0000000000005627       0xb6 zephyr/arch/arch/arm/core/aarch32/libarch__arm__core__aarch32.a(nmi.c.obj)
 .debug_info    0x00000000000056dd       0x23 zephyr/arch/arch/arm/core/aarch32/libarch__arm__core__aarch32.a(nmi_on_reset.S.obj)
 .debug_info    0x0000000000005700      0x21d zephyr/arch/arch/arm/core/aarch32/libarch__arm__core__aarch32.a(prep_c.c.obj)
 .debug_info    0x000000000000591d      0x670 zephyr/arch/arch/arm/core/aarch32/libarch__arm__core__aarch32.a(swap.c.obj)
 .debug_info    0x0000000000005f8d       0x22 zephyr/arch/arch/arm/core/aarch32/libarch__arm__core__aarch32.a(swap_helper.S.obj)
 .debug_info    0x0000000000005faf      0x7d9 zephyr/arch/arch/arm/core/aarch32/libarch__arm__core__aarch32.a(thread.c.obj)
 .debug_info    0x0000000000006788       0x23 zephyr/arch/arch/arm/core/aarch32/libarch__arm__core__aarch32.a(isr_wrapper.S.obj)
 .debug_info    0x00000000000067ab       0x23 zephyr/arch/arch/arm/core/aarch32/cortex_m/libarch__arm__core__aarch32__cortex_m.a(exc_exit.S.obj)
 .debug_info    0x00000000000067ce     0x250b zephyr/arch/arch/arm/core/aarch32/cortex_m/libarch__arm__core__aarch32__cortex_m.a(fault.c.obj)
 .debug_info    0x0000000000008cd9       0x23 zephyr/arch/arch/arm/core/aarch32/cortex_m/libarch__arm__core__aarch32__cortex_m.a(fault_s.S.obj)
 .debug_info    0x0000000000008cfc      0x309 zephyr/arch/arch/arm/core/aarch32/cortex_m/libarch__arm__core__aarch32__cortex_m.a(irq_init.c.obj)
 .debug_info    0x0000000000009005       0x23 zephyr/arch/arch/arm/core/aarch32/cortex_m/libarch__arm__core__aarch32__cortex_m.a(reset.S.obj)
 .debug_info    0x0000000000009028      0x6b0 zephyr/arch/arch/arm/core/aarch32/cortex_m/libarch__arm__core__aarch32__cortex_m.a(thread_abort.c.obj)
 .debug_info    0x00000000000096d8      0x717 zephyr/lib/libc/minimal/liblib__libc__minimal.a(string.c.obj)
 .debug_info    0x0000000000009def      0x719 zephyr/lib/libc/minimal/liblib__libc__minimal.a(stdout_console.c.obj)
 .debug_info    0x000000000000a508      0x453 zephyr/soc/arm/rpi_pico/rp2/libsoc__arm__rpi_pico__rp2.a(soc.c.obj)
 .debug_info    0x000000000000a95b      0x8d8 zephyr/drivers/console/libdrivers__console.a(uart_console.c.obj)
 .debug_info    0x000000000000b233     0x1a9b zephyr/drivers/gpio/libdrivers__gpio.a(gpio_rpi_pico.c.obj)
 .debug_info    0x000000000000ccce     0x1ade zephyr/drivers/pwm/libdrivers__pwm.a(pwm_rpi_pico.c.obj)
 .debug_info    0x000000000000e7ac     0x1791 zephyr/drivers/serial/libdrivers__serial.a(uart_rpi_pico.c.obj)
 .debug_info    0x000000000000ff3d      0xa0b zephyr/drivers/timer/libdrivers__timer.a(cortex_m_systick.c.obj)
 .debug_info    0x0000000000010948      0x200 zephyr/drivers/pinctrl/libdrivers__pinctrl.a(common.c.obj)
 .debug_info    0x0000000000010b48      0x377 zephyr/drivers/pinctrl/libdrivers__pinctrl.a(pinctrl_rpi_pico.c.obj)
 .debug_info    0x0000000000010ebf      0x9c7 zephyr/drivers/reset/libdrivers__reset.a(reset_rpi_pico.c.obj)
 .debug_info    0x0000000000011886      0xfa2 modules/hal_rpi_pico/libmodules__hal_rpi_pico.a(clocks.c.obj)
 .debug_info    0x0000000000012828      0x3ff modules/hal_rpi_pico/libmodules__hal_rpi_pico.a(pll.c.obj)
 .debug_info    0x0000000000012c27      0x1b5 modules/hal_rpi_pico/libmodules__hal_rpi_pico.a(xosc.c.obj)
 .debug_info    0x0000000000012ddc      0x501 modules/hal_rpi_pico/libmodules__hal_rpi_pico.a(watchdog.c.obj)
 .debug_info    0x00000000000132dd      0x12e modules/hal_rpi_pico/libmodules__hal_rpi_pico.a(platform.c.obj)
 .debug_info    0x000000000001340b     0x138b modules/hal_rpi_pico/libmodules__hal_rpi_pico.a(gpio.c.obj)
 .debug_info    0x0000000000014796      0xa97 modules/hal_rpi_pico/libmodules__hal_rpi_pico.a(uart.c.obj)
 .debug_info    0x000000000001522d      0x6cf zephyr/kernel/libkernel.a(device.c.obj)
 .debug_info    0x00000000000158fc      0x5f7 zephyr/kernel/libkernel.a(errno.c.obj)
 .debug_info    0x0000000000015ef3     0x27b1 zephyr/kernel/libkernel.a(fatal.c.obj)
 .debug_info    0x00000000000186a4     0x128a zephyr/kernel/libkernel.a(init.c.obj)
 .debug_info    0x000000000001992e     0x2733 zephyr/kernel/libkernel.a(thread.c.obj)
 .debug_info    0x000000000001c061      0x220 zephyr/kernel/libkernel.a(idle.c.obj)
 .debug_info    0x000000000001c281     0x6825 zephyr/kernel/libkernel.a(sched.c.obj)
 .debug_info    0x0000000000022aa6      0x139 zephyr/kernel/libkernel.a(xip.c.obj)
 .debug_info    0x0000000000022bdf     0x1b4c zephyr/kernel/libkernel.a(timeout.c.obj)
 .debug_info    0x000000000002472b       0xc5 zephyr/kernel/libkernel.a(banner.c.obj)

.debug_abbrev   0x0000000000000000     0x73e6
 *(SORT_BY_ALIGNMENT(.debug_abbrev))
 .debug_abbrev  0x0000000000000000       0x64 zephyr/CMakeFiles/zephyr_final.dir/dev_handles.c.obj
 .debug_abbrev  0x0000000000000064       0xfa zephyr/CMakeFiles/zephyr_final.dir/isr_tables.c.obj
 .debug_abbrev  0x000000000000015e       0x62 zephyr/CMakeFiles/offsets.dir/./arch/arm/core/offsets/offsets.c.obj
 .debug_abbrev  0x00000000000001c0      0x3b6 app/libapp.a(main.c.obj)
 .debug_abbrev  0x0000000000000576      0x30a zephyr/libzephyr.a(printk.c.obj)
 .debug_abbrev  0x0000000000000880      0x23a zephyr/libzephyr.a(thread_entry.c.obj)
 .debug_abbrev  0x0000000000000aba      0x3f8 zephyr/libzephyr.a(cbprintf_complete.c.obj)
 .debug_abbrev  0x0000000000000eb2       0x2e zephyr/libzephyr.a(configs.c.obj)
 .debug_abbrev  0x0000000000000ee0       0x12 zephyr/arch/arch/arm/core/aarch32/libarch__arm__core__aarch32.a(cpu_idle.S.obj)
 .debug_abbrev  0x0000000000000ef2      0x2bb zephyr/arch/arch/arm/core/aarch32/libarch__arm__core__aarch32.a(fatal.c.obj)
 .debug_abbrev  0x00000000000011ad      0x26f zephyr/arch/arch/arm/core/aarch32/libarch__arm__core__aarch32.a(irq_manage.c.obj)
 .debug_abbrev  0x000000000000141c       0x62 zephyr/arch/arch/arm/core/aarch32/libarch__arm__core__aarch32.a(nmi.c.obj)
 .debug_abbrev  0x000000000000147e       0x14 zephyr/arch/arch/arm/core/aarch32/libarch__arm__core__aarch32.a(nmi_on_reset.S.obj)
 .debug_abbrev  0x0000000000001492      0x14f zephyr/arch/arch/arm/core/aarch32/libarch__arm__core__aarch32.a(prep_c.c.obj)
 .debug_abbrev  0x00000000000015e1      0x1d9 zephyr/arch/arch/arm/core/aarch32/libarch__arm__core__aarch32.a(swap.c.obj)
 .debug_abbrev  0x00000000000017ba       0x12 zephyr/arch/arch/arm/core/aarch32/libarch__arm__core__aarch32.a(swap_helper.S.obj)
 .debug_abbrev  0x00000000000017cc      0x207 zephyr/arch/arch/arm/core/aarch32/libarch__arm__core__aarch32.a(thread.c.obj)
 .debug_abbrev  0x00000000000019d3       0x14 zephyr/arch/arch/arm/core/aarch32/libarch__arm__core__aarch32.a(isr_wrapper.S.obj)
 .debug_abbrev  0x00000000000019e7       0x14 zephyr/arch/arch/arm/core/aarch32/cortex_m/libarch__arm__core__aarch32__cortex_m.a(exc_exit.S.obj)
 .debug_abbrev  0x00000000000019fb      0x380 zephyr/arch/arch/arm/core/aarch32/cortex_m/libarch__arm__core__aarch32__cortex_m.a(fault.c.obj)
 .debug_abbrev  0x0000000000001d7b       0x14 zephyr/arch/arch/arm/core/aarch32/cortex_m/libarch__arm__core__aarch32__cortex_m.a(fault_s.S.obj)
 .debug_abbrev  0x0000000000001d8f      0x15f zephyr/arch/arch/arm/core/aarch32/cortex_m/libarch__arm__core__aarch32__cortex_m.a(irq_init.c.obj)
 .debug_abbrev  0x0000000000001eee       0x14 zephyr/arch/arch/arm/core/aarch32/cortex_m/libarch__arm__core__aarch32__cortex_m.a(reset.S.obj)
 .debug_abbrev  0x0000000000001f02      0x224 zephyr/arch/arch/arm/core/aarch32/cortex_m/libarch__arm__core__aarch32__cortex_m.a(thread_abort.c.obj)
 .debug_abbrev  0x0000000000002126      0x182 zephyr/lib/libc/minimal/liblib__libc__minimal.a(string.c.obj)
 .debug_abbrev  0x00000000000022a8      0x2a2 zephyr/lib/libc/minimal/liblib__libc__minimal.a(stdout_console.c.obj)
 .debug_abbrev  0x000000000000254a      0x208 zephyr/soc/arm/rpi_pico/rp2/libsoc__arm__rpi_pico__rp2.a(soc.c.obj)
 .debug_abbrev  0x0000000000002752      0x392 zephyr/drivers/console/libdrivers__console.a(uart_console.c.obj)
 .debug_abbrev  0x0000000000002ae4      0x4c6 zephyr/drivers/gpio/libdrivers__gpio.a(gpio_rpi_pico.c.obj)
 .debug_abbrev  0x0000000000002faa      0x465 zephyr/drivers/pwm/libdrivers__pwm.a(pwm_rpi_pico.c.obj)
 .debug_abbrev  0x000000000000340f      0x4a1 zephyr/drivers/serial/libdrivers__serial.a(uart_rpi_pico.c.obj)
 .debug_abbrev  0x00000000000038b0      0x3f8 zephyr/drivers/timer/libdrivers__timer.a(cortex_m_systick.c.obj)
 .debug_abbrev  0x0000000000003ca8       0xe7 zephyr/drivers/pinctrl/libdrivers__pinctrl.a(common.c.obj)
 .debug_abbrev  0x0000000000003d8f      0x169 zephyr/drivers/pinctrl/libdrivers__pinctrl.a(pinctrl_rpi_pico.c.obj)
 .debug_abbrev  0x0000000000003ef8      0x2d2 zephyr/drivers/reset/libdrivers__reset.a(reset_rpi_pico.c.obj)
 .debug_abbrev  0x00000000000041ca      0x4a0 modules/hal_rpi_pico/libmodules__hal_rpi_pico.a(clocks.c.obj)
 .debug_abbrev  0x000000000000466a      0x1a8 modules/hal_rpi_pico/libmodules__hal_rpi_pico.a(pll.c.obj)
 .debug_abbrev  0x0000000000004812      0x107 modules/hal_rpi_pico/libmodules__hal_rpi_pico.a(xosc.c.obj)
 .debug_abbrev  0x0000000000004919      0x206 modules/hal_rpi_pico/libmodules__hal_rpi_pico.a(watchdog.c.obj)
 .debug_abbrev  0x0000000000004b1f       0x95 modules/hal_rpi_pico/libmodules__hal_rpi_pico.a(platform.c.obj)
 .debug_abbrev  0x0000000000004bb4      0x356 modules/hal_rpi_pico/libmodules__hal_rpi_pico.a(gpio.c.obj)
 .debug_abbrev  0x0000000000004f0a      0x306 modules/hal_rpi_pico/libmodules__hal_rpi_pico.a(uart.c.obj)
 .debug_abbrev  0x0000000000005210      0x2c6 zephyr/kernel/libkernel.a(device.c.obj)
 .debug_abbrev  0x00000000000054d6      0x17c zephyr/kernel/libkernel.a(errno.c.obj)
 .debug_abbrev  0x0000000000005652      0x416 zephyr/kernel/libkernel.a(fatal.c.obj)
 .debug_abbrev  0x0000000000005a68      0x598 zephyr/kernel/libkernel.a(init.c.obj)
 .debug_abbrev  0x0000000000006000      0x5ae zephyr/kernel/libkernel.a(thread.c.obj)
 .debug_abbrev  0x00000000000065ae      0x147 zephyr/kernel/libkernel.a(idle.c.obj)
 .debug_abbrev  0x00000000000066f5      0x6c4 zephyr/kernel/libkernel.a(sched.c.obj)
 .debug_abbrev  0x0000000000006db9       0xc3 zephyr/kernel/libkernel.a(xip.c.obj)
 .debug_abbrev  0x0000000000006e7c      0x4de zephyr/kernel/libkernel.a(timeout.c.obj)
 .debug_abbrev  0x000000000000735a       0x8c zephyr/kernel/libkernel.a(banner.c.obj)

.debug_line     0x0000000000000000    0x10d25
 *(SORT_BY_ALIGNMENT(.debug_line) SORT_BY_ALIGNMENT(.debug_line.*) SORT_BY_ALIGNMENT(.debug_line_end))
 .debug_line    0x0000000000000000       0xfd zephyr/CMakeFiles/zephyr_final.dir/dev_handles.c.obj
 .debug_line    0x00000000000000fd      0x102 zephyr/CMakeFiles/zephyr_final.dir/isr_tables.c.obj
 .debug_line    0x00000000000001ff      0x159 zephyr/CMakeFiles/offsets.dir/./arch/arm/core/offsets/offsets.c.obj
 .debug_line    0x0000000000000358      0x417 app/libapp.a(main.c.obj)
 .debug_line    0x000000000000076f      0x457 zephyr/libzephyr.a(printk.c.obj)
 .debug_line    0x0000000000000bc6      0x324 zephyr/libzephyr.a(thread_entry.c.obj)
 .debug_line    0x0000000000000eea      0xcaa zephyr/libzephyr.a(cbprintf_complete.c.obj)
 .debug_line    0x0000000000001b94      0x186 zephyr/libzephyr.a(configs.c.obj)
 .debug_line    0x0000000000001d1a       0xa5 zephyr/arch/arch/arm/core/aarch32/libarch__arm__core__aarch32.a(cpu_idle.S.obj)
 .debug_line    0x0000000000001dbf      0x2f1 zephyr/arch/arch/arm/core/aarch32/libarch__arm__core__aarch32.a(fatal.c.obj)
 .debug_line    0x00000000000020b0      0x39c zephyr/arch/arch/arm/core/aarch32/libarch__arm__core__aarch32.a(irq_manage.c.obj)
 .debug_line    0x000000000000244c       0xd3 zephyr/arch/arch/arm/core/aarch32/libarch__arm__core__aarch32.a(nmi.c.obj)
 .debug_line    0x000000000000251f       0x79 zephyr/arch/arch/arm/core/aarch32/libarch__arm__core__aarch32.a(nmi_on_reset.S.obj)
 .debug_line    0x0000000000002598      0x246 zephyr/arch/arch/arm/core/aarch32/libarch__arm__core__aarch32.a(prep_c.c.obj)
 .debug_line    0x00000000000027de      0x362 zephyr/arch/arch/arm/core/aarch32/libarch__arm__core__aarch32.a(swap.c.obj)
 .debug_line    0x0000000000002b40       0xe2 zephyr/arch/arch/arm/core/aarch32/libarch__arm__core__aarch32.a(swap_helper.S.obj)
 .debug_line    0x0000000000002c22      0x395 zephyr/arch/arch/arm/core/aarch32/libarch__arm__core__aarch32.a(thread.c.obj)
 .debug_line    0x0000000000002fb7       0x96 zephyr/arch/arch/arm/core/aarch32/libarch__arm__core__aarch32.a(isr_wrapper.S.obj)
 .debug_line    0x000000000000304d       0x8d zephyr/arch/arch/arm/core/aarch32/cortex_m/libarch__arm__core__aarch32__cortex_m.a(exc_exit.S.obj)
 .debug_line    0x00000000000030da      0x45f zephyr/arch/arch/arm/core/aarch32/cortex_m/libarch__arm__core__aarch32__cortex_m.a(fault.c.obj)
 .debug_line    0x0000000000003539       0x86 zephyr/arch/arch/arm/core/aarch32/cortex_m/libarch__arm__core__aarch32__cortex_m.a(fault_s.S.obj)
 .debug_line    0x00000000000035bf      0x228 zephyr/arch/arch/arm/core/aarch32/cortex_m/libarch__arm__core__aarch32__cortex_m.a(irq_init.c.obj)
 .debug_line    0x00000000000037e7       0x8b zephyr/arch/arch/arm/core/aarch32/cortex_m/libarch__arm__core__aarch32__cortex_m.a(reset.S.obj)
 .debug_line    0x0000000000003872      0x405 zephyr/arch/arch/arm/core/aarch32/cortex_m/libarch__arm__core__aarch32__cortex_m.a(thread_abort.c.obj)
 .debug_line    0x0000000000003c77      0x5c5 zephyr/lib/libc/minimal/liblib__libc__minimal.a(string.c.obj)
 .debug_line    0x000000000000423c      0x3e4 zephyr/lib/libc/minimal/liblib__libc__minimal.a(stdout_console.c.obj)
 .debug_line    0x0000000000004620      0x4a8 zephyr/soc/arm/rpi_pico/rp2/libsoc__arm__rpi_pico__rp2.a(soc.c.obj)
 .debug_line    0x0000000000004ac8      0x33a zephyr/drivers/console/libdrivers__console.a(uart_console.c.obj)
 .debug_line    0x0000000000004e02      0xa2b zephyr/drivers/gpio/libdrivers__gpio.a(gpio_rpi_pico.c.obj)
 .debug_line    0x000000000000582d      0x749 zephyr/drivers/pwm/libdrivers__pwm.a(pwm_rpi_pico.c.obj)
 .debug_line    0x0000000000005f76      0xa61 zephyr/drivers/serial/libdrivers__serial.a(uart_rpi_pico.c.obj)
 .debug_line    0x00000000000069d7      0x78c zephyr/drivers/timer/libdrivers__timer.a(cortex_m_systick.c.obj)
 .debug_line    0x0000000000007163      0x186 zephyr/drivers/pinctrl/libdrivers__pinctrl.a(common.c.obj)
 .debug_line    0x00000000000072e9      0x345 zephyr/drivers/pinctrl/libdrivers__pinctrl.a(pinctrl_rpi_pico.c.obj)
 .debug_line    0x000000000000762e      0x46a zephyr/drivers/reset/libdrivers__reset.a(reset_rpi_pico.c.obj)
 .debug_line    0x0000000000007a98      0xb06 modules/hal_rpi_pico/libmodules__hal_rpi_pico.a(clocks.c.obj)
 .debug_line    0x000000000000859e      0x569 modules/hal_rpi_pico/libmodules__hal_rpi_pico.a(pll.c.obj)
 .debug_line    0x0000000000008b07      0x28b modules/hal_rpi_pico/libmodules__hal_rpi_pico.a(xosc.c.obj)
 .debug_line    0x0000000000008d92      0x472 modules/hal_rpi_pico/libmodules__hal_rpi_pico.a(watchdog.c.obj)
 .debug_line    0x0000000000009204      0x1f0 modules/hal_rpi_pico/libmodules__hal_rpi_pico.a(platform.c.obj)
 .debug_line    0x00000000000093f4      0xb53 modules/hal_rpi_pico/libmodules__hal_rpi_pico.a(gpio.c.obj)
 .debug_line    0x0000000000009f47      0x7c0 modules/hal_rpi_pico/libmodules__hal_rpi_pico.a(uart.c.obj)
 .debug_line    0x000000000000a707      0x4b6 zephyr/kernel/libkernel.a(device.c.obj)
 .debug_line    0x000000000000abbd      0x324 zephyr/kernel/libkernel.a(errno.c.obj)
 .debug_line    0x000000000000aee1      0x59a zephyr/kernel/libkernel.a(fatal.c.obj)
 .debug_line    0x000000000000b47b      0x8e5 zephyr/kernel/libkernel.a(init.c.obj)
 .debug_line    0x000000000000bd60      0xba7 zephyr/kernel/libkernel.a(thread.c.obj)
 .debug_line    0x000000000000c907      0x285 zephyr/kernel/libkernel.a(idle.c.obj)
 .debug_line    0x000000000000cb8c     0x3047 zephyr/kernel/libkernel.a(sched.c.obj)