Archive member included to satisfy reference by file (symbol)

app/libapp.a(main.c.obj)      (--whole-archive)
zephyr/libzephyr.a(cbprintf_packaged.c.obj)
                              (--whole-archive)
zephyr/libzephyr.a(crc32c_sw.c.obj)
                              (--whole-archive)
zephyr/libzephyr.a(crc32_sw.c.obj)
                              (--whole-archive)
zephyr/libzephyr.a(crc16_sw.c.obj)
                              (--whole-archive)
zephyr/libzephyr.a(crc8_sw.c.obj)
                              (--whole-archive)
zephyr/libzephyr.a(crc7_sw.c.obj)
                              (--whole-archive)
zephyr/libzephyr.a(dec.c.obj)
                              (--whole-archive)
zephyr/libzephyr.a(fdtable.c.obj)
                              (--whole-archive)
zephyr/libzephyr.a(hex.c.obj)
                              (--whole-archive)
zephyr/libzephyr.a(printk.c.obj)
                              (--whole-archive)
zephyr/libzephyr.a(rb.c.obj)  (--whole-archive)
zephyr/libzephyr.a(sem.c.obj)
                              (--whole-archive)
zephyr/libzephyr.a(thread_entry.c.obj)
                              (--whole-archive)
zephyr/libzephyr.a(timeutil.c.obj)
                              (--whole-archive)
zephyr/libzephyr.a(heap.c.obj)
                              (--whole-archive)
zephyr/libzephyr.a(heap-validate.c.obj)
                              (--whole-archive)
zephyr/libzephyr.a(bitarray.c.obj)
                              (--whole-archive)
zephyr/libzephyr.a(multi_heap.c.obj)
                              (--whole-archive)
zephyr/libzephyr.a(cbprintf_complete.c.obj)
                              (--whole-archive)
zephyr/libzephyr.a(cbprintf.c.obj)
                              (--whole-archive)
zephyr/libzephyr.a(assert.c.obj)
                              (--whole-archive)
zephyr/libzephyr.a(configs.c.obj)
                              (--whole-archive)
zephyr/libzephyr.a(tracing_none.c.obj)
                              (--whole-archive)
zephyr/arch/common/libarch__common.a(sw_isr_common.c.obj)
                              (--whole-archive)
zephyr/arch/arch/arm/core/aarch32/libarch__arm__core__aarch32.a(cpu_idle.S.obj)
                              (--whole-archive)
zephyr/arch/arch/arm/core/aarch32/libarch__arm__core__aarch32.a(fatal.c.obj)
                              (--whole-archive)
zephyr/arch/arch/arm/core/aarch32/libarch__arm__core__aarch32.a(irq_manage.c.obj)
                              (--whole-archive)
zephyr/arch/arch/arm/core/aarch32/libarch__arm__core__aarch32.a(nmi.c.obj)
                              (--whole-archive)
zephyr/arch/arch/arm/core/aarch32/libarch__arm__core__aarch32.a(nmi_on_reset.S.obj)
                              (--whole-archive)
zephyr/arch/arch/arm/core/aarch32/libarch__arm__core__aarch32.a(prep_c.c.obj)
                              (--whole-archive)
zephyr/arch/arch/arm/core/aarch32/libarch__arm__core__aarch32.a(swap.c.obj)
                              (--whole-archive)
zephyr/arch/arch/arm/core/aarch32/libarch__arm__core__aarch32.a(swap_helper.S.obj)
                              (--whole-archive)
zephyr/arch/arch/arm/core/aarch32/libarch__arm__core__aarch32.a(thread.c.obj)
                              (--whole-archive)
zephyr/arch/arch/arm/core/aarch32/libarch__arm__core__aarch32.a(isr_wrapper.S.obj)
                              (--whole-archive)
zephyr/arch/arch/arm/core/aarch32/cortex_m/libarch__arm__core__aarch32__cortex_m.a(exc_exit.S.obj)
                              (--whole-archive)
zephyr/arch/arch/arm/core/aarch32/cortex_m/libarch__arm__core__aarch32__cortex_m.a(fault.c.obj)
                              (--whole-archive)
zephyr/arch/arch/arm/core/aarch32/cortex_m/libarch__arm__core__aarch32__cortex_m.a(fault_s.S.obj)
                              (--whole-archive)
zephyr/arch/arch/arm/core/aarch32/cortex_m/libarch__arm__core__aarch32__cortex_m.a(fpu.c.obj)
                              (--whole-archive)
zephyr/arch/arch/arm/core/aarch32/cortex_m/libarch__arm__core__aarch32__cortex_m.a(irq_init.c.obj)
                              (--whole-archive)
zephyr/arch/arch/arm/core/aarch32/cortex_m/libarch__arm__core__aarch32__cortex_m.a(reset.S.obj)
                              (--whole-archive)
zephyr/arch/arch/arm/core/aarch32/cortex_m/libarch__arm__core__aarch32__cortex_m.a(scb.c.obj)
                              (--whole-archive)
zephyr/arch/arch/arm/core/aarch32/cortex_m/libarch__arm__core__aarch32__cortex_m.a(thread_abort.c.obj)
                              (--whole-archive)
zephyr/arch/arch/arm/core/aarch32/cortex_m/libarch__arm__core__aarch32__cortex_m.a(vector_table.S.obj)
                              (--whole-archive)
zephyr/lib/libc/minimal/liblib__libc__minimal.a(abort.c.obj)
                              (--whole-archive)
zephyr/lib/libc/minimal/liblib__libc__minimal.a(atoi.c.obj)
                              (--whole-archive)
zephyr/lib/libc/minimal/liblib__libc__minimal.a(strtol.c.obj)
[...]
Memory Configuration

Name             Origin             Length             Attributes
BOOT_FLASH       0x0000000010000000 0x0000000000000100 r
FLASH            0x0000000010000100 0x00000000001fff00 xr
RAM              0x0000000020000000 0x0000000000042000 xw
IDT_LIST         0x00000000fffff7ff 0x0000000000000800 xw
*default*        0x0000000000000000 0xffffffffffffffff

Linker script and memory map

LOAD zephyr/CMakeFiles/zephyr_pre1.dir/misc/empty_file.c.obj
LOAD zephyr/CMakeFiles/zephyr_pre1.dir/dev_handles.c.obj
LOAD zephyr/CMakeFiles/offsets.dir/./arch/arm/core/offsets/offsets.c.obj

.boot2          0x0000000010000000      0x100
 *(SORT_BY_ALIGNMENT(.boot2))
 .boot2         0x0000000010000000      0x100 modules/hal_rpi_pico/libmodules__hal_rpi_pico.a(boot_stage2.S.obj)
                0x0000000000000004                _region_min_align = 0x4

.rel.plt        0x0000000010000100        0x0
 *(SORT_BY_ALIGNMENT(.rel.plt))
                [!provide]                        PROVIDE (__rel_iplt_start = .)
 *(SORT_BY_ALIGNMENT(.rel.iplt))
 .rel.iplt      0x0000000010000100        0x0 app/libapp.a(main.c.obj)
                [!provide]                        PROVIDE (__rel_iplt_end = .)

.rela.plt       0x0000000010000100        0x0
 *(SORT_BY_ALIGNMENT(.rela.plt))
                [!provide]                        PROVIDE (__rela_iplt_start = .)
 *(SORT_BY_ALIGNMENT(.rela.iplt))
                [!provide]                        PROVIDE (__rela_iplt_end = .)

.rel.dyn
 *(SORT_BY_ALIGNMENT(.rel.*))

.rela.dyn
 *(SORT_BY_ALIGNMENT(.rela.*))

/DISCARD/
 *(SORT_BY_ALIGNMENT(.plt))

/DISCARD/
 *(SORT_BY_ALIGNMENT(.iplt))
                0x0000000010000100                __rom_region_start = 0x10000100

rom_start       0x0000000010000100       0xa8
                0x0000000000000000                . = 0x0
                0x0000000000000000                . = ALIGN (0x4)
                0x0000000000000000                . = ALIGN (0x100)
                0x0000000000000000                . = ALIGN (0x100)
                0x0000000010000100                _vector_start = .
 *(SORT_BY_ALIGNMENT(.exc_vector_table))
 *(SORT_BY_ALIGNMENT(.exc_vector_table.*))
 .exc_vector_table._vector_table_section
                0x0000000010000100       0x40 zephyr/arch/arch/arm/core/aarch32/cortex_m/libarch__arm__core__aarch32__cortex_m.a(vector_table.S.obj)
                0x0000000010000100                _vector_table
 *(SORT_BY_ALIGNMENT(.vectors))
                0x00000000100001a8                _vector_end = .
                0x0000000010000140                . = ALIGN (0x4)
 *(SORT_BY_ALIGNMENT(.gnu.linkonce.irq_vector_table*))
 .gnu.linkonce.irq_vector_table
                0x0000000010000140       0x68 zephyr/arch/common/libisr_tables.a(isr_tables.c.obj)
                0x0000000010000140                _irq_vector_table
                0x00000000100001a8                _vector_end = .

text            0x00000000100001a8     0x46f0
                0x00000000100001a8                __text_region_start = .
 *(SORT_BY_ALIGNMENT(.text))
 .text          0x00000000100001a8       0x14 /home/tatiana/zephyr-sdk-0.15.1/arm-zephyr-eabi/bin/../lib/gcc/arm-zephyr-eabi/12.1.0/thumb/v6-m/nofp/libgcc.a(_thumb1_case_uqi.o)
                0x00000000100001a8                __gnu_thumb1_case_uqi
 .text          0x00000000100001bc       0x14 /home/tatiana/zephyr-sdk-0.15.1/arm-zephyr-eabi/bin/../lib/gcc/arm-zephyr-eabi/12.1.0/thumb/v6-m/nofp/libgcc.a(_thumb1_case_shi.o)
                0x00000000100001bc                __gnu_thumb1_case_shi
 .text          0x00000000100001d0       0x8c /home/tatiana/zephyr-sdk-0.15.1/arm-zephyr-eabi/bin/../lib/gcc/arm-zephyr-eabi/12.1.0/thumb/v6-m/nofp/libgcc.a(_udivsi3.o)
                0x00000000100001d0                __udivsi3
                0x00000000100001d0                __aeabi_uidiv
                0x0000000010000248                __aeabi_uidivmod
 .text          0x000000001000025c        0x4 /home/tatiana/zephyr-sdk-0.15.1/arm-zephyr-eabi/bin/../lib/gcc/arm-zephyr-eabi/12.1.0/thumb/v6-m/nofp/libgcc.a(_dvmd_tls.o)
                0x000000001000025c                __aeabi_ldiv0
                0x000000001000025c                __aeabi_idiv0
 .text          0x0000000010000260       0x7c /home/tatiana/zephyr-sdk-0.15.1/arm-zephyr-eabi/bin/../lib/gcc/arm-zephyr-eabi/12.1.0/thumb/v6-m/nofp/libgcc.a(_arm_cmpdf2.o)
                0x0000000010000260                __aeabi_cdrcmple
                0x0000000010000270                __aeabi_cdcmple
                0x0000000010000270                __aeabi_cdcmpeq
                0x0000000010000280                __aeabi_dcmpeq
                0x000000001000028c                __aeabi_dcmplt
                0x00000000100002a0                __aeabi_dcmple
                0x00000000100002b4                __aeabi_dcmpgt
                0x00000000100002c8                __aeabi_dcmpge
 .text          0x00000000100002dc       0x3c /home/tatiana/zephyr-sdk-0.15.1/arm-zephyr-eabi/bin/../lib/gcc/arm-zephyr-eabi/12.1.0/thumb/v6-m/nofp/libgcc.a(_clzsi2.o)
                0x00000000100002dc                __clzsi2
 .text          0x0000000010000318       0x40 /home/tatiana/zephyr-sdk-0.15.1/arm-zephyr-eabi/bin/../lib/gcc/arm-zephyr-eabi/12.1.0/thumb/v6-m/nofp/libgcc.a(_aeabi_uldivmod.o)
                0x0000000010000318                __aeabi_uldivmod
 .text          0x0000000010000358       0x40 /home/tatiana/zephyr-sdk-0.15.1/arm-zephyr-eabi/bin/../lib/gcc/arm-zephyr-eabi/12.1.0/thumb/v6-m/nofp/libgcc.a(_fixunssfdi.o)
                0x0000000010000358                __aeabi_f2ulz
                0x0000000010000358                __fixunssfdi
 .text          0x0000000010000398      0x1c4 /home/tatiana/zephyr-sdk-0.15.1/arm-zephyr-eabi/bin/../lib/gcc/arm-zephyr-eabi/12.1.0/thumb/v6-m/nofp/libgcc.a(divsf3.o)
                0x0000000010000398                __aeabi_fdiv
 .text          0x000000001000055c       0x78 /home/tatiana/zephyr-sdk-0.15.1/arm-zephyr-eabi/bin/../lib/gcc/arm-zephyr-eabi/12.1.0/thumb/v6-m/nofp/libgcc.a(floatunsisf.o)
                0x000000001000055c                __aeabi_ui2f
 .text          0x00000000100005d4      0x5e0 /home/tatiana/zephyr-sdk-0.15.1/arm-zephyr-eabi/bin/../lib/gcc/arm-zephyr-eabi/12.1.0/thumb/v6-m/nofp/libgcc.a(adddf3.o)
                0x00000000100005d4                __aeabi_dadd
 .text          0x0000000010000bb4       0x84 /home/tatiana/zephyr-sdk-0.15.1/arm-zephyr-eabi/bin/../lib/gcc/arm-zephyr-eabi/12.1.0/thumb/v6-m/nofp/libgcc.a(eqdf2.o)
                0x0000000010000bb4                __eqdf2
                0x0000000010000bb4                __nedf2
 .text          0x0000000010000c38       0xec /home/tatiana/zephyr-sdk-0.15.1/arm-zephyr-eabi/bin/../lib/gcc/arm-zephyr-eabi/12.1.0/thumb/v6-m/nofp/libgcc.a(gedf2.o)
                0x0000000010000c38                __gtdf2
                0x0000000010000c38                __gedf2
 .text          0x0000000010000d24       0xf0 /home/tatiana/zephyr-sdk-0.15.1/arm-zephyr-eabi/bin/../lib/gcc/arm-zephyr-eabi/12.1.0/thumb/v6-m/nofp/libgcc.a(ledf2.o)
                0x0000000010000d24                __ltdf2
                0x0000000010000d24                __ledf2
 .text          0x0000000010000e14      0x454 /home/tatiana/zephyr-sdk-0.15.1/arm-zephyr-eabi/bin/../lib/gcc/arm-zephyr-eabi/12.1.0/thumb/v6-m/nofp/libgcc.a(muldf3.o)
                0x0000000010000e14                __aeabi_dmul
 .text          0x0000000010001268      0x628 /home/tatiana/zephyr-sdk-0.15.1/arm-zephyr-eabi/bin/../lib/gcc/arm-zephyr-eabi/12.1.0/thumb/v6-m/nofp/libgcc.a(subdf3.o)
                0x0000000010001268                __aeabi_dsub
 .text          0x0000000010001890       0x40 /home/tatiana/zephyr-sdk-0.15.1/arm-zephyr-eabi/bin/../lib/gcc/arm-zephyr-eabi/12.1.0/thumb/v6-m/nofp/libgcc.a(floatunsidf.o)
                0x0000000010001890                __aeabi_ui2d
 .text          0x00000000100018d0       0x84 /home/tatiana/zephyr-sdk-0.15.1/arm-zephyr-eabi/bin/../lib/gcc/arm-zephyr-eabi/12.1.0/thumb/v6-m/nofp/libgcc.a(extendsfdf2.o)
                0x00000000100018d0                __aeabi_f2d
 .text          0x0000000010001954      0x118 /home/tatiana/zephyr-sdk-0.15.1/arm-zephyr-eabi/bin/../lib/gcc/arm-zephyr-eabi/12.1.0/thumb/v6-m/nofp/libgcc.a(truncdfsf2.o)
                0x0000000010001954                __aeabi_d2f
 .text          0x0000000010001a6c       0x18 /home/tatiana/zephyr-sdk-0.15.1/arm-zephyr-eabi/bin/../lib/gcc/arm-zephyr-eabi/12.1.0/thumb/v6-m/nofp/libgcc.a(_lshrdi3.o)
                0x0000000010001a6c                __aeabi_llsr
                0x0000000010001a6c                __lshrdi3
 .text          0x0000000010001a84       0x18 /home/tatiana/zephyr-sdk-0.15.1/arm-zephyr-eabi/bin/../lib/gcc/arm-zephyr-eabi/12.1.0/thumb/v6-m/nofp/libgcc.a(_ashldi3.o)
                0x0000000010001a84                __ashldi3
                0x0000000010001a84                __aeabi_llsl
 .text          0x0000000010001a9c       0x18 /home/tatiana/zephyr-sdk-0.15.1/arm-zephyr-eabi/bin/../lib/gcc/arm-zephyr-eabi/12.1.0/thumb/v6-m/nofp/libgcc.a(_clzdi2.o)
                0x0000000010001a9c                __clzdi2
 .text          0x0000000010001ab4       0x38 /home/tatiana/zephyr-sdk-0.15.1/arm-zephyr-eabi/bin/../lib/gcc/arm-zephyr-eabi/12.1.0/thumb/v6-m/nofp/libgcc.a(_fixunsdfsi.o)
                0x0000000010001ab4                __fixunsdfsi
                0x0000000010001ab4                __aeabi_d2uiz
 .text          0x0000000010001aec       0x64 /home/tatiana/zephyr-sdk-0.15.1/arm-zephyr-eabi/bin/../lib/gcc/arm-zephyr-eabi/12.1.0/thumb/v6-m/nofp/libgcc.a(fixdfsi.o)
                0x0000000010001aec                __aeabi_d2iz
 .text          0x0000000010001b50       0x44 /home/tatiana/zephyr-sdk-0.15.1/arm-zephyr-eabi/bin/../lib/gcc/arm-zephyr-eabi/12.1.0/thumb/v6-m/nofp/libgcc.a(_muldi3.o)
                0x0000000010001b50                __aeabi_lmul
                0x0000000010001b50                __muldi3
 .text          0x0000000010001b94       0xde /home/tatiana/zephyr-sdk-0.15.1/arm-zephyr-eabi/bin/../lib/gcc/arm-zephyr-eabi/12.1.0/thumb/v6-m/nofp/libgcc.a(_udivmoddi4.o)
                0x0000000010001b94                __udivmoddi4
 *(SORT_BY_ALIGNMENT(.text.*))
 *fill*         0x0000000010001c72        0x2 
 .text.pwm_set  0x0000000010001c74       0x90 app/libapp.a(main.c.obj)
 .text.gpio_pin_configure_dt
                0x0000000010001d04       0x50 app/libapp.a(main.c.obj)
 .text.gpio_pin_get_dt.constprop.0
                0x0000000010001d54       0x24 app/libapp.a(main.c.obj)
 .text.servo_tapa
                0x0000000010001d78       0x50 app/libapp.a(main.c.obj)
                0x0000000010001d78                servo_tapa
 .text.getDistance
                0x0000000010001dc8      0x26c app/libapp.a(main.c.obj)
                0x0000000010001dc8                getDistance
 .text.main     0x0000000010002034       0x64 app/libapp.a(main.c.obj)
                0x0000000010002034                main
 .text.char_out
                0x0000000010002098       0x10 zephyr/libzephyr.a(printk.c.obj)
 .text.__printk_hook_install
                0x00000000100020a8        0xc zephyr/libzephyr.a(printk.c.obj)
                0x00000000100020a8                __printk_hook_install
 .text.vprintk  0x00000000100020b4       0x18 zephyr/libzephyr.a(printk.c.obj)
                0x00000000100020b4                vprintk
 .text.z_cbvprintf_impl
                0x00000000100020cc      0x728 zephyr/libzephyr.a(cbprintf_complete.c.obj)
                0x00000000100020cc                z_cbvprintf_impl
 .text.z_arm_cpu_idle_init
                0x00000000100027f4        0xc zephyr/arch/arch/arm/core/aarch32/libarch__arm__core__aarch32.a(cpu_idle.S.obj)
                0x00000000100027f4                z_arm_cpu_idle_init
 .text.arch_cpu_idle
                0x0000000010002800       0x10 zephyr/arch/arch/arm/core/aarch32/libarch__arm__core__aarch32.a(cpu_idle.S.obj)
                0x0000000010002800                arch_cpu_idle
 .text.arch_irq_enable
                0x0000000010002810       0x18 zephyr/arch/arch/arm/core/aarch32/libarch__arm__core__aarch32.a(irq_manage.c.obj)
                0x0000000010002810                arch_irq_enable
 .text.z_arm_irq_priority_set
                0x0000000010002828       0x54 zephyr/arch/arch/arm/core/aarch32/libarch__arm__core__aarch32.a(irq_manage.c.obj)
                0x0000000010002828                z_arm_irq_priority_set
 .text.z_SysNmiOnReset
                0x000000001000287c        0x4 zephyr/arch/arch/arm/core/aarch32/libarch__arm__core__aarch32.a(nmi_on_reset.S.obj)
                0x000000001000287c                z_SysNmiOnReset
 .text.z_arm_prep_c
                0x0000000010002880       0x2c zephyr/arch/arch/arm/core/aarch32/libarch__arm__core__aarch32.a(prep_c.c.obj)
                0x0000000010002880                z_arm_prep_c
 .text.arch_swap
                0x00000000100028ac       0x30 zephyr/arch/arch/arm/core/aarch32/libarch__arm__core__aarch32.a(swap.c.obj)
                0x00000000100028ac                arch_swap
 .text.z_arm_pendsv
                0x00000000100028dc       0x60 zephyr/arch/arch/arm/core/aarch32/libarch__arm__core__aarch32.a(swap_helper.S.obj)
                0x00000000100028dc                z_arm_pendsv
 .text.z_arm_svc
                0x000000001000293c       0x24 zephyr/arch/arch/arm/core/aarch32/libarch__arm__core__aarch32.a(swap_helper.S.obj)
                0x000000001000293c                z_arm_svc
 .text.arch_new_thread
                0x0000000010002960       0x2c zephyr/arch/arch/arm/core/aarch32/libarch__arm__core__aarch32.a(thread.c.obj)
                0x0000000010002960                arch_new_thread
 .text.arch_switch_to_main_thread
                0x000000001000298c       0x20 zephyr/arch/arch/arm/core/aarch32/libarch__arm__core__aarch32.a(thread.c.obj)
                0x000000001000298c                arch_switch_to_main_thread
 .text._isr_wrapper
                0x00000000100029ac       0x28 zephyr/arch/arch/arm/core/aarch32/libarch__arm__core__aarch32.a(isr_wrapper.S.obj)
                0x00000000100029ac                _isr_wrapper
 .text._HandlerModeExit
                0x00000000100029d4       0x20 zephyr/arch/arch/arm/core/aarch32/cortex_m/libarch__arm__core__aarch32__cortex_m.a(exc_exit.S.obj)
                0x00000000100029d4                z_arm_exc_exit
                0x00000000100029d4                z_arm_int_exit
 .text.z_arm_fault
                0x00000000100029f4       0x7c zephyr/arch/arch/arm/core/aarch32/cortex_m/libarch__arm__core__aarch32__cortex_m.a(fault.c.obj)
                0x00000000100029f4                z_arm_fault
 .text.__fault  0x0000000010002a70       0x14 zephyr/arch/arch/arm/core/aarch32/cortex_m/libarch__arm__core__aarch32__cortex_m.a(fault_s.S.obj)
                0x0000000010002a70                z_arm_exc_spurious
                0x0000000010002a70                z_arm_hard_fault
 .text.z_arm_interrupt_init
                0x0000000010002a84       0x30 zephyr/arch/arch/arm/core/aarch32/cortex_m/libarch__arm__core__aarch32__cortex_m.a(irq_init.c.obj)
                0x0000000010002a84                z_arm_interrupt_init
 .text._reset_section
                0x0000000010002ab4       0x28 zephyr/arch/arch/arm/core/aarch32/cortex_m/libarch__arm__core__aarch32__cortex_m.a(reset.S.obj)
                0x0000000010002ab4                z_arm_reset
                0x0000000010002ab4                __start
 .text.z_impl_k_thread_abort
                0x0000000010002adc       0x38 zephyr/arch/arch/arm/core/aarch32/cortex_m/libarch__arm__core__aarch32__cortex_m.a(thread_abort.c.obj)
                0x0000000010002adc                z_impl_k_thread_abort
 .text.__stdout_hook_install
                0x0000000010002b14        0xc zephyr/lib/libc/minimal/liblib__libc__minimal.a(stdout_console.c.obj)
                0x0000000010002b14                __stdout_hook_install
 .text.z_impl_zephyr_fputc
                0x0000000010002b20       0x1c zephyr/lib/libc/minimal/liblib__libc__minimal.a(stdout_console.c.obj)
                0x0000000010002b20                z_impl_zephyr_fputc
 .text.printf   0x0000000010002b3c       0x24 zephyr/lib/libc/minimal/liblib__libc__minimal.a(fprintf.c.obj)
                0x0000000010002b3c                printf
 .text.rp2040_init
                0x0000000010002b60       0x54 zephyr/soc/arm/rpi_pico/rp2/libsoc__arm__rpi_pico__rp2.a(soc.c.obj)
 .text.uart_console_init
                0x0000000010002bb4       0x2c zephyr/drivers/console/libdrivers__console.a(uart_console.c.obj)
 .text.console_out
                0x0000000010002be0       0x28 zephyr/drivers/console/libdrivers__console.a(uart_console.c.obj)
 .text.gpio_rpi_isr
                0x0000000010002c08       0x64 zephyr/drivers/gpio/libdrivers__gpio.a(gpio_rpi_pico.c.obj)
 .text.pwm_rpi_init
                0x0000000010002c6c       0x90 zephyr/drivers/pwm/libdrivers__pwm.a(pwm_rpi_pico.c.obj)
 .text.pwm_rpi_set_cycles
                0x0000000010002cfc       0xa0 zephyr/drivers/pwm/libdrivers__pwm.a(pwm_rpi_pico.c.obj)
 .text.pwm_rpi_get_cycles_per_sec
                0x0000000010002d9c       0x64 zephyr/drivers/pwm/libdrivers__pwm.a(pwm_rpi_pico.c.obj)
 .text.uart_rpi_irq_err_disable
                0x0000000010002e00       0x14 zephyr/drivers/serial/libdrivers__serial.a(uart_rpi_pico.c.obj)
 .text.uart_rpi_set_format.isra.0
                0x0000000010002e14       0x58 zephyr/drivers/serial/libdrivers__serial.a(uart_rpi_pico.c.obj)
 .text.uart_rpi_init
                0x0000000010002e6c       0x74 zephyr/drivers/serial/libdrivers__serial.a(uart_rpi_pico.c.obj)
 .text.elapsed  0x0000000010002ee0       0x38 zephyr/drivers/timer/libdrivers__timer.a(cortex_m_systick.c.obj)
 .text.sys_clock_driver_init
                0x0000000010002f18       0x3c zephyr/drivers/timer/libdrivers__timer.a(cortex_m_systick.c.obj)
 .text.sys_clock_isr
                0x0000000010002f54       0x44 zephyr/drivers/timer/libdrivers__timer.a(cortex_m_systick.c.obj)
                0x0000000010002f54                sys_clock_isr
 .text.sys_clock_set_timeout
                0x0000000010002f98       0xf0 zephyr/drivers/timer/libdrivers__timer.a(cortex_m_systick.c.obj)
                0x0000000010002f98                sys_clock_set_timeout
 .text.sys_clock_elapsed
                0x0000000010003088       0x38 zephyr/drivers/timer/libdrivers__timer.a(cortex_m_systick.c.obj)
                0x0000000010003088                sys_clock_elapsed
 .text.sys_clock_cycle_get_32
                0x00000000100030c0       0x24 zephyr/drivers/timer/libdrivers__timer.a(cortex_m_systick.c.obj)
                0x00000000100030c0                sys_clock_cycle_get_32
 .text.clock_configure
                0x00000000100030e4       0xe8 modules/hal_rpi_pico/libmodules__hal_rpi_pico.a(clocks.c.obj)
                0x00000000100030e4                clock_configure
 .text.clocks_init
                0x00000000100031cc       0xf0 modules/hal_rpi_pico/libmodules__hal_rpi_pico.a(clocks.c.obj)
                0x00000000100031cc                clocks_init
 .text.clock_get_hz
                0x00000000100032bc        0xc modules/hal_rpi_pico/libmodules__hal_rpi_pico.a(clocks.c.obj)
                0x00000000100032bc                clock_get_hz
 .text.pll_init
                0x00000000100032c8       0x98 modules/hal_rpi_pico/libmodules__hal_rpi_pico.a(pll.c.obj)
                0x00000000100032c8                pll_init
 .text.xosc_init
                0x0000000010003360       0x28 modules/hal_rpi_pico/libmodules__hal_rpi_pico.a(xosc.c.obj)
                0x0000000010003360                xosc_init
 .text.watchdog_start_tick
                0x0000000010003388       0x10 modules/hal_rpi_pico/libmodules__hal_rpi_pico.a(watchdog.c.obj)
                0x0000000010003388                watchdog_start_tick
 .text.running_on_fpga
                0x0000000010003398       0x10 modules/hal_rpi_pico/libmodules__hal_rpi_pico.a(platform.c.obj)
                0x0000000010003398                running_on_fpga
 .text.gpio_set_function
                0x00000000100033a8       0x2c modules/hal_rpi_pico/libmodules__hal_rpi_pico.a(gpio.c.obj)
                0x00000000100033a8                gpio_set_function
 .text.gpio_set_pulls
                0x00000000100033d4       0x24 modules/hal_rpi_pico/libmodules__hal_rpi_pico.a(gpio.c.obj)
                0x00000000100033d4                gpio_set_pulls
 .text.gpio_set_input_hysteresis_enabled
                0x00000000100033f8       0x1c modules/hal_rpi_pico/libmodules__hal_rpi_pico.a(gpio.c.obj)
                0x00000000100033f8                gpio_set_input_hysteresis_enabled
 .text.gpio_set_slew_rate
                0x0000000010003414       0x1c modules/hal_rpi_pico/libmodules__hal_rpi_pico.a(gpio.c.obj)
                0x0000000010003414                gpio_set_slew_rate
 .text.gpio_set_drive_strength
                0x0000000010003430       0x20 modules/hal_rpi_pico/libmodules__hal_rpi_pico.a(gpio.c.obj)
                0x0000000010003430                gpio_set_drive_strength
 .text.gpio_acknowledge_irq
                0x0000000010003450       0x18 modules/hal_rpi_pico/libmodules__hal_rpi_pico.a(gpio.c.obj)
                0x0000000010003450                gpio_acknowledge_irq
 .text.gpio_set_irq_enabled
                0x0000000010003468       0x44 modules/hal_rpi_pico/libmodules__hal_rpi_pico.a(gpio.c.obj)
                0x0000000010003468                gpio_set_irq_enabled
 .text.gpio_set_input_enabled
                0x00000000100034ac       0x1c modules/hal_rpi_pico/libmodules__hal_rpi_pico.a(gpio.c.obj)
                0x00000000100034ac                gpio_set_input_enabled
 .text.uart_set_baudrate
                0x00000000100034c8       0x5c modules/hal_rpi_pico/libmodules__hal_rpi_pico.a(uart.c.obj)
                0x00000000100034c8                uart_set_baudrate
 .text.uart_init
                0x0000000010003524       0x94 modules/hal_rpi_pico/libmodules__hal_rpi_pico.a(uart.c.obj)
                0x0000000010003524                uart_init
 .text.z_sys_init_run_level
                0x00000000100035b8       0x4c zephyr/kernel/libkernel.a(init.c.obj)
 .text.bg_thread_main
                0x0000000010003604       0x34 zephyr/kernel/libkernel.a(init.c.obj)
 .text.z_bss_zero
                0x0000000010003638       0x18 zephyr/kernel/libkernel.a(init.c.obj)
                0x0000000010003638                z_bss_zero
 .text.z_init_cpu
                0x0000000010003650       0x68 zephyr/kernel/libkernel.a(init.c.obj)
                0x0000000010003650                z_init_cpu
 .text.z_cstart
                0x00000000100036b8       0xb0 zephyr/kernel/libkernel.a(init.c.obj)
                0x00000000100036b8                z_cstart
 .text.z_setup_new_thread
                0x0000000010003768       0x54 zephyr/kernel/libkernel.a(thread.c.obj)
                0x0000000010003768                z_setup_new_thread
 .text.z_init_static_threads
                0x00000000100037bc       0x90 zephyr/kernel/libkernel.a(thread.c.obj)
                0x00000000100037bc                z_init_static_threads
 .text.z_reset_time_slice
                0x000000001000384c       0x28 zephyr/kernel/libkernel.a(sched.c.obj)
                0x000000001000384c                z_reset_time_slice
 .text.update_cache
                0x0000000010003874       0x44 zephyr/kernel/libkernel.a(sched.c.obj)
 .text.move_thread_to_end_of_prio_q
                0x00000000100038b8       0x78 zephyr/kernel/libkernel.a(sched.c.obj)
 .text.ready_thread
                0x0000000010003930       0x6c zephyr/kernel/libkernel.a(sched.c.obj)
 .text.unready_thread
                0x000000001000399c       0x2c zephyr/kernel/libkernel.a(sched.c.obj)
 .text.k_sched_time_slice_set
                0x00000000100039c8       0x44 zephyr/kernel/libkernel.a(sched.c.obj)
                0x00000000100039c8                k_sched_time_slice_set
 .text.z_time_slice
                0x0000000010003a0c       0x7c zephyr/kernel/libkernel.a(sched.c.obj)
                0x0000000010003a0c                z_time_slice
 .text.z_reschedule
                0x0000000010003a88       0x2c zephyr/kernel/libkernel.a(sched.c.obj)
                0x0000000010003a88                z_reschedule
 .text.z_sched_start
                0x0000000010003ab4       0x34 zephyr/kernel/libkernel.a(sched.c.obj)
                0x0000000010003ab4                z_sched_start
 .text.z_impl_k_thread_suspend
                0x0000000010003ae8       0x58 zephyr/kernel/libkernel.a(sched.c.obj)
                0x0000000010003ae8                z_impl_k_thread_suspend
 .text.k_sched_lock
                0x0000000010003b40       0x20 zephyr/kernel/libkernel.a(sched.c.obj)
                0x0000000010003b40                k_sched_lock
 .text.k_sched_unlock
                0x0000000010003b60       0x2c zephyr/kernel/libkernel.a(sched.c.obj)
                0x0000000010003b60                k_sched_unlock
 .text.z_sched_init
                0x0000000010003b8c       0x1c zephyr/kernel/libkernel.a(sched.c.obj)
                0x0000000010003b8c                z_sched_init
 .text.z_impl_k_yield
                0x0000000010003ba8       0x78 zephyr/kernel/libkernel.a(sched.c.obj)
                0x0000000010003ba8                z_impl_k_yield
 .text.z_tick_sleep
                0x0000000010003c20       0x8c zephyr/kernel/libkernel.a(sched.c.obj)
 .text.z_impl_k_sleep
                0x0000000010003cac       0x30 zephyr/kernel/libkernel.a(sched.c.obj)
                0x0000000010003cac                z_impl_k_sleep
 .text.z_impl_z_current_get
                0x0000000010003cdc        0xc zephyr/kernel/libkernel.a(sched.c.obj)
                0x0000000010003cdc                z_impl_z_current_get
 .text.z_thread_abort
                0x0000000010003ce8       0xb8 zephyr/kernel/libkernel.a(sched.c.obj)
                0x0000000010003ce8                z_thread_abort
 .text.z_data_copy
                0x0000000010003da0       0x34 zephyr/kernel/libkernel.a(xip.c.obj)
                0x0000000010003da0                z_data_copy
 .text.elapsed  0x0000000010003dd4       0x18 zephyr/kernel/libkernel.a(timeout.c.obj)
 .text.next_timeout
                0x0000000010003dec       0x58 zephyr/kernel/libkernel.a(timeout.c.obj)
 .text.remove_timeout
                0x0000000010003e44       0x38 zephyr/kernel/libkernel.a(timeout.c.obj)
 .text.z_add_timeout
                0x0000000010003e7c       0xec zephyr/kernel/libkernel.a(timeout.c.obj)
                0x0000000010003e7c                z_add_timeout
 .text.sys_clock_announce
                0x0000000010003f68       0xd4 zephyr/kernel/libkernel.a(timeout.c.obj)
                0x0000000010003f68                sys_clock_announce
 .text.sys_clock_tick_get
                0x000000001000403c       0x2c zephyr/kernel/libkernel.a(timeout.c.obj)
                0x000000001000403c                sys_clock_tick_get
 .text.boot_banner
                0x0000000010004068       0x10 zephyr/kernel/libkernel.a(banner.c.obj)
                0x0000000010004068                boot_banner
 .text._OffsetAbsSyms
                0x0000000010004078        0x2 zephyr/CMakeFiles/offsets.dir/./arch/arm/core/offsets/offsets.c.obj
                0x0000000010004078                _OffsetAbsSyms
 .text.pwm_set_pulse_dt
                0x000000001000407a       0x10 app/libapp.a(main.c.obj)
 .text.device_is_ready
                0x000000001000408a        0x8 app/libapp.a(main.c.obj)
 .text.gpio_pin_set.isra.0
                0x0000000010004092       0x26 app/libapp.a(main.c.obj)
 .text.k_sleep.isra.0
                0x00000000100040b8        0x8 app/libapp.a(main.c.obj)
 .text.uscounter
                0x00000000100040c0       0x1a app/libapp.a(main.c.obj)
                0x00000000100040c0                uscounter
 .text.arch_printk_char_out
                0x00000000100040da        0x4 zephyr/libzephyr.a(printk.c.obj)
                0x00000000100040da                arch_printk_char_out
 .text.printk   0x00000000100040de       0x16 zephyr/libzephyr.a(printk.c.obj)
                0x00000000100040de                printk
 .text.z_thread_entry
                0x00000000100040f4       0x14 zephyr/libzephyr.a(thread_entry.c.obj)
                0x00000000100040f4                z_thread_entry
 .text.encode_uint
                0x0000000010004108       0x9a zephyr/libzephyr.a(cbprintf_complete.c.obj)
 .text.outs     0x00000000100041a2       0x2c zephyr/libzephyr.a(cbprintf_complete.c.obj)
 .text._ConfigAbsSyms
                0x00000000100041ce        0x2 zephyr/libzephyr.a(configs.c.obj)
                0x00000000100041ce                _ConfigAbsSyms
 .text.z_arm_fatal_error
                0x00000000100041d0        0x8 zephyr/arch/arch/arm/core/aarch32/libarch__arm__core__aarch32.a(fatal.c.obj)
                0x00000000100041d0                z_arm_fatal_error
 .text.z_do_kernel_oops
                0x00000000100041d8        0xc zephyr/arch/arch/arm/core/aarch32/libarch__arm__core__aarch32.a(fatal.c.obj)
                0x00000000100041d8                z_do_kernel_oops
 .text.z_irq_spurious
                0x00000000100041e4        0xc zephyr/arch/arch/arm/core/aarch32/libarch__arm__core__aarch32.a(irq_manage.c.obj)
                0x00000000100041e4                z_irq_spurious
 .text.z_arm_nmi
                0x00000000100041f0        0xc zephyr/arch/arch/arm/core/aarch32/libarch__arm__core__aarch32.a(nmi.c.obj)
                0x00000000100041f0                z_arm_nmi
 .text.z_arm_fault_init
                0x00000000100041fc        0x2 zephyr/arch/arch/arm/core/aarch32/cortex_m/libarch__arm__core__aarch32__cortex_m.a(fault.c.obj)
                0x00000000100041fc                z_arm_fault_init
 .text.strlen   0x00000000100041fe       0x10 zephyr/lib/libc/minimal/liblib__libc__minimal.a(string.c.obj)
                0x00000000100041fe                strlen
 .text.strnlen  0x000000001000420e       0x14 zephyr/lib/libc/minimal/liblib__libc__minimal.a(string.c.obj)
                0x000000001000420e                strnlen
 .text.memcpy   0x0000000010004222       0x12 zephyr/lib/libc/minimal/liblib__libc__minimal.a(string.c.obj)
                0x0000000010004222                memcpy
 .text.memset   0x0000000010004234       0x12 zephyr/lib/libc/minimal/liblib__libc__minimal.a(string.c.obj)
                0x0000000010004234                memset
 .text._stdout_hook_default
                0x0000000010004246        0x6 zephyr/lib/libc/minimal/liblib__libc__minimal.a(stdout_console.c.obj)
 .text.fputc    0x000000001000424c        0x8 zephyr/lib/libc/minimal/liblib__libc__minimal.a(stdout_console.c.obj)
                0x000000001000424c                fputc
 .text.gpio_rpi_port_get_raw
                0x0000000010004254        0xc zephyr/drivers/gpio/libdrivers__gpio.a(gpio_rpi_pico.c.obj)
 .text.gpio_rpi_port_set_masked_raw
                0x0000000010004260       0x10 zephyr/drivers/gpio/libdrivers__gpio.a(gpio_rpi_pico.c.obj)
 .text.gpio_rpi_port_set_bits_raw
                0x0000000010004270        0xa zephyr/drivers/gpio/libdrivers__gpio.a(gpio_rpi_pico.c.obj)
 .text.gpio_rpi_port_clear_bits_raw
                0x000000001000427a        0xa zephyr/drivers/gpio/libdrivers__gpio.a(gpio_rpi_pico.c.obj)
 .text.gpio_rpi_port_toggle_bits
                0x0000000010004284        0xa zephyr/drivers/gpio/libdrivers__gpio.a(gpio_rpi_pico.c.obj)
 .text.gpio_rpi_manage_callback
                0x000000001000428e       0x58 zephyr/drivers/gpio/libdrivers__gpio.a(gpio_rpi_pico.c.obj)
 .text.gpio_rpi_bank_init
                0x00000000100042e6        0xc zephyr/drivers/gpio/libdrivers__gpio.a(gpio_rpi_pico.c.obj)
 .text.gpio_rpi_pin_interrupt_configure
                0x00000000100042f2       0x62 zephyr/drivers/gpio/libdrivers__gpio.a(gpio_rpi_pico.c.obj)
 .text.gpio_rpi_configure
                0x0000000010004354       0x58 zephyr/drivers/gpio/libdrivers__gpio.a(gpio_rpi_pico.c.obj)
 .text.bank_0_config_func
                0x00000000100043ac       0x14 zephyr/drivers/gpio/libdrivers__gpio.a(gpio_rpi_pico.c.obj)
 .text.uart_rpi_poll_in
                0x00000000100043c0       0x1e zephyr/drivers/serial/libdrivers__serial.a(uart_rpi_pico.c.obj)
 .text.uart_rpi_poll_out
                0x00000000100043de       0x10 zephyr/drivers/serial/libdrivers__serial.a(uart_rpi_pico.c.obj)
 .text.uart_rpi_err_check
                0x00000000100043ee       0x24 zephyr/drivers/serial/libdrivers__serial.a(uart_rpi_pico.c.obj)
 .text.uart_rpi_fifo_fill
                0x0000000010004412       0x20 zephyr/drivers/serial/libdrivers__serial.a(uart_rpi_pico.c.obj)
 .text.uart_rpi_fifo_read
                0x0000000010004432       0x20 zephyr/drivers/serial/libdrivers__serial.a(uart_rpi_pico.c.obj)
 .text.uart_rpi_irq_tx_enable
                0x0000000010004452       0x16 zephyr/drivers/serial/libdrivers__serial.a(uart_rpi_pico.c.obj)
 .text.uart_rpi_irq_tx_disable
                0x0000000010004468        0xe zephyr/drivers/serial/libdrivers__serial.a(uart_rpi_pico.c.obj)
 .text.uart_rpi_irq_tx_ready
                0x0000000010004476        0xc zephyr/drivers/serial/libdrivers__serial.a(uart_rpi_pico.c.obj)
 .text.uart_rpi_irq_rx_enable
                0x0000000010004482       0x16 zephyr/drivers/serial/libdrivers__serial.a(uart_rpi_pico.c.obj)
 .text.uart_rpi_irq_rx_disable
                0x0000000010004498        0xe zephyr/drivers/serial/libdrivers__serial.a(uart_rpi_pico.c.obj)
 .text.uart_rpi_irq_tx_complete
                0x00000000100044a6        0xc zephyr/drivers/serial/libdrivers__serial.a(uart_rpi_pico.c.obj)
 .text.uart_rpi_irq_rx_ready
                0x00000000100044b2        0xc zephyr/drivers/serial/libdrivers__serial.a(uart_rpi_pico.c.obj)
 .text.uart_rpi_irq_err_enable
                0x00000000100044be       0x10 zephyr/drivers/serial/libdrivers__serial.a(uart_rpi_pico.c.obj)
 .text.uart_rpi_irq_is_pending
                0x00000000100044ce       0x1c zephyr/drivers/serial/libdrivers__serial.a(uart_rpi_pico.c.obj)
 .text.uart_rpi_irq_update
                0x00000000100044ea        0x4 zephyr/drivers/serial/libdrivers__serial.a(uart_rpi_pico.c.obj)
 .text.uart_rpi_irq_callback_set
                0x00000000100044ee        0x8 zephyr/drivers/serial/libdrivers__serial.a(uart_rpi_pico.c.obj)
 .text.uart_rpi_isr
                0x00000000100044f6       0x10 zephyr/drivers/serial/libdrivers__serial.a(uart_rpi_pico.c.obj)
 .text.uart_rpi_config_get
                0x0000000010004506       0x12 zephyr/drivers/serial/libdrivers__serial.a(uart_rpi_pico.c.obj)
 .text.uart0_rpi_irq_config_func
                0x0000000010004518       0x14 zephyr/drivers/serial/libdrivers__serial.a(uart_rpi_pico.c.obj)
 .text.uart_rpi_configure
                0x000000001000452c       0x32 zephyr/drivers/serial/libdrivers__serial.a(uart_rpi_pico.c.obj)
 .text.pinctrl_lookup_state
                0x000000001000455e       0x26 zephyr/drivers/pinctrl/libdrivers__pinctrl.a(common.c.obj)
                0x000000001000455e                pinctrl_lookup_state
 .text.pinctrl_configure_pins
                0x0000000010004584       0x84 zephyr/drivers/pinctrl/libdrivers__pinctrl.a(pinctrl_rpi_pico.c.obj)
                0x0000000010004584                pinctrl_configure_pins
 .text.reset_rpi_init
                0x0000000010004608        0x4 zephyr/drivers/reset/libdrivers__reset.a(reset_rpi_pico.c.obj)
 .text.reset_rpi_read_register.isra.0
                0x000000001000460c       0x30 zephyr/drivers/reset/libdrivers__reset.a(reset_rpi_pico.c.obj)
 .text.reset_rpi_update
                0x000000001000463c       0x72 zephyr/drivers/reset/libdrivers__reset.a(reset_rpi_pico.c.obj)
 .text.reset_rpi_line_assert
                0x00000000100046ae        0xa zephyr/drivers/reset/libdrivers__reset.a(reset_rpi_pico.c.obj)
 .text.reset_rpi_line_deassert
                0x00000000100046b8        0xa zephyr/drivers/reset/libdrivers__reset.a(reset_rpi_pico.c.obj)
 .text.reset_rpi_line_toggle
                0x00000000100046c2       0x18 zephyr/drivers/reset/libdrivers__reset.a(reset_rpi_pico.c.obj)
 .text.reset_rpi_status
                0x00000000100046da       0x38 zephyr/drivers/reset/libdrivers__reset.a(reset_rpi_pico.c.obj)
 .text.gpio_init
                0x0000000010004712       0x16 modules/hal_rpi_pico/libmodules__hal_rpi_pico.a(gpio.c.obj)
                0x0000000010004712                gpio_init
 .text.z_device_state_init
                0x0000000010004728        0x2 zephyr/kernel/libkernel.a(device.c.obj)
                0x0000000010004728                z_device_state_init
 .text.z_device_is_ready
                0x000000001000472a       0x1a zephyr/kernel/libkernel.a(device.c.obj)
                0x000000001000472a                z_device_is_ready
 .text.arch_system_halt
                0x0000000010004744        0x8 zephyr/kernel/libkernel.a(fatal.c.obj)
                0x0000000010004744                arch_system_halt
 .text.k_sys_fatal_error_handler
                0x000000001000474c        0x6 zephyr/kernel/libkernel.a(fatal.c.obj)
                0x000000001000474c                k_sys_fatal_error_handler
 .text.z_fatal_error
                0x0000000010004752       0x2c zephyr/kernel/libkernel.a(fatal.c.obj)
                0x0000000010004752                z_fatal_error
 .text.z_early_memset
                0x000000001000477e        0x8 zephyr/kernel/libkernel.a(init.c.obj)
                0x000000001000477e                z_early_memset
 .text.z_early_memcpy
                0x0000000010004786        0x8 zephyr/kernel/libkernel.a(init.c.obj)
                0x0000000010004786                z_early_memcpy
 .text.idle     0x000000001000478e        0xe zephyr/kernel/libkernel.a(idle.c.obj)
                0x000000001000478e                idle
 .text.sys_dlist_remove
                0x000000001000479c       0x10 zephyr/kernel/libkernel.a(sched.c.obj)
 .text.unpend_thread_no_timeout
                0x00000000100047ac       0x16 zephyr/kernel/libkernel.a(sched.c.obj)
 .text.z_thread_timeout
                0x00000000100047c2       0x38 zephyr/kernel/libkernel.a(sched.c.obj)
                0x00000000100047c2                z_thread_timeout
 .text.z_ready_thread
                0x00000000100047fa       0x18 zephyr/kernel/libkernel.a(sched.c.obj)
                0x00000000100047fa                z_ready_thread
 .text.z_reschedule_irqlock
                0x0000000010004812       0x1c zephyr/kernel/libkernel.a(sched.c.obj)
                0x0000000010004812                z_reschedule_irqlock
 .text.z_reschedule_unlocked
                0x000000001000482e        0xe zephyr/kernel/libkernel.a(sched.c.obj)
 .text.z_abort_timeout
                0x000000001000483c       0x26 zephyr/kernel/libkernel.a(timeout.c.obj)
                0x000000001000483c                z_abort_timeout
 .text.z_set_timeout_expiry
                0x0000000010004862       0x2e zephyr/kernel/libkernel.a(timeout.c.obj)
                0x0000000010004862                z_set_timeout_expiry
 .text.sys_clock_tick_get_32
                0x0000000010004890        0x8 zephyr/kernel/libkernel.a(timeout.c.obj)
                0x0000000010004890                sys_clock_tick_get_32
 *(SORT_BY_ALIGNMENT(.TEXT.*))
 *(SORT_BY_ALIGNMENT(.gnu.linkonce.t.*))
 *(SORT_BY_ALIGNMENT(.glue_7t))
 .glue_7t       0x0000000010004898        0x0 linker stubs
 *(SORT_BY_ALIGNMENT(.glue_7))
 .glue_7        0x0000000010004898        0x0 linker stubs
 *(SORT_BY_ALIGNMENT(.vfp11_veneer))
 .vfp11_veneer  0x0000000010004898        0x0 linker stubs
 *(SORT_BY_ALIGNMENT(.v4_bx))
 .v4_bx         0x0000000010004898        0x0 linker stubs
                0x0000000010004898                . = ALIGN (0x4)
                0x0000000010004898                __text_region_end = .

.ARM.exidx      0x0000000010004898        0x8
                0x0000000010004898                __exidx_start = .
 *(SORT_BY_ALIGNMENT(.ARM.exidx*) SORT_BY_ALIGNMENT(gnu.linkonce.armexidx.*))
 .ARM.exidx     0x0000000010004898        0x8 /home/tatiana/zephyr-sdk-0.15.1/arm-zephyr-eabi/bin/../lib/gcc/arm-zephyr-eabi/12.1.0/thumb/v6-m/nofp/libgcc.a(_udivmoddi4.o)
                0x00000000100048a0                __exidx_end = .
                0x00000000100048a0                __rodata_region_start = .

initlevel       0x00000000100048a0       0x38
                0x00000000100048a0                __init_start = .
                0x00000000100048a0                __init_EARLY_start = .
 *(SORT_BY_NAME(SORT_BY_ALIGNMENT(.z_init_EARLY[0-9]_*)))
 *(SORT_BY_NAME(SORT_BY_ALIGNMENT(.z_init_EARLY[1-9][0-9]_*)))
                0x00000000100048a0                __init_PRE_KERNEL_1_start = .
 *(SORT_BY_NAME(SORT_BY_ALIGNMENT(.z_init_PRE_KERNEL_1[0-9]_*)))
 .z_init_PRE_KERNEL_10_
                0x00000000100048a0        0x8 zephyr/soc/arm/rpi_pico/rp2/libsoc__arm__rpi_pico__rp2.a(soc.c.obj)
 *(SORT_BY_NAME(SORT_BY_ALIGNMENT(.z_init_PRE_KERNEL_1[1-9][0-9]_*)))
 .z_init_PRE_KERNEL_140_
                0x00000000100048a8        0x8 zephyr/drivers/reset/libdrivers__reset.a(reset_rpi_pico.c.obj)
 .z_init_PRE_KERNEL_155_
                0x00000000100048b0        0x8 zephyr/drivers/serial/libdrivers__serial.a(uart_rpi_pico.c.obj)
 .z_init_PRE_KERNEL_160_
                0x00000000100048b8        0x8 zephyr/drivers/console/libdrivers__console.a(uart_console.c.obj)
                0x00000000100048c0                __init_PRE_KERNEL_2_start = .
 *(SORT_BY_NAME(SORT_BY_ALIGNMENT(.z_init_PRE_KERNEL_2[0-9]_*)))
 .z_init_PRE_KERNEL_20_
                0x00000000100048c0        0x8 zephyr/drivers/timer/libdrivers__timer.a(cortex_m_systick.c.obj)
 *(SORT_BY_NAME(SORT_BY_ALIGNMENT(.z_init_PRE_KERNEL_2[1-9][0-9]_*)))
                0x00000000100048c8                __init_POST_KERNEL_start = .
 *(SORT_BY_NAME(SORT_BY_ALIGNMENT(.z_init_POST_KERNEL[0-9]_*)))
 *(SORT_BY_NAME(SORT_BY_ALIGNMENT(.z_init_POST_KERNEL[1-9][0-9]_*)))
 .z_init_POST_KERNEL40_
                0x00000000100048c8        0x8 zephyr/drivers/gpio/libdrivers__gpio.a(gpio_rpi_pico.c.obj)
 .z_init_POST_KERNEL50_
                0x00000000100048d0        0x8 zephyr/drivers/pwm/libdrivers__pwm.a(pwm_rpi_pico.c.obj)
                0x00000000100048d8                __init_APPLICATION_start = .
 *(SORT_BY_NAME(SORT_BY_ALIGNMENT(.z_init_APPLICATION[0-9]_*)))
 *(SORT_BY_NAME(SORT_BY_ALIGNMENT(.z_init_APPLICATION[1-9][0-9]_*)))
                0x00000000100048d8                __init_SMP_start = .
 *(SORT_BY_NAME(SORT_BY_ALIGNMENT(.z_init_SMP[0-9]_*)))
 *(SORT_BY_NAME(SORT_BY_ALIGNMENT(.z_init_SMP[1-9][0-9]_*)))
                0x00000000100048d8                __init_end = .

devices         0x00000000100048d8       0x60
                0x00000000100048d8                __device_start = .
                0x00000000100048d8                __device_EARLY_start = .
 *(SORT_BY_NAME(SORT_BY_ALIGNMENT(.z_device_EARLY[0-9]_*)))
 *(SORT_BY_NAME(SORT_BY_ALIGNMENT(.z_device_EARLY[1-9][0-9]_*)))
                0x00000000100048d8                __device_PRE_KERNEL_1_start = .
 *(SORT_BY_NAME(SORT_BY_ALIGNMENT(.z_device_PRE_KERNEL_1[0-9]_*)))
 *(SORT_BY_NAME(SORT_BY_ALIGNMENT(.z_device_PRE_KERNEL_1[1-9][0-9]_*)))
 .z_device_PRE_KERNEL_140_
                0x00000000100048d8       0x18 zephyr/drivers/reset/libdrivers__reset.a(reset_rpi_pico.c.obj)
                0x00000000100048d8                __device_dts_ord_5
 .z_device_PRE_KERNEL_155_
                0x00000000100048f0       0x18 zephyr/drivers/serial/libdrivers__serial.a(uart_rpi_pico.c.obj)
                0x00000000100048f0                __device_dts_ord_55
                0x0000000010004908                __device_PRE_KERNEL_2_start = .
 *(SORT_BY_NAME(SORT_BY_ALIGNMENT(.z_device_PRE_KERNEL_2[0-9]_*)))
 *(SORT_BY_NAME(SORT_BY_ALIGNMENT(.z_device_PRE_KERNEL_2[1-9][0-9]_*)))
                0x0000000010004908                __device_POST_KERNEL_start = .
 *(SORT_BY_NAME(SORT_BY_ALIGNMENT(.z_device_POST_KERNEL[0-9]_*)))
 *(SORT_BY_NAME(SORT_BY_ALIGNMENT(.z_device_POST_KERNEL[1-9][0-9]_*)))
 .z_device_POST_KERNEL40_
                0x0000000010004908       0x18 zephyr/drivers/gpio/libdrivers__gpio.a(gpio_rpi_pico.c.obj)
                0x0000000010004908                __device_dts_ord_18
 .z_device_POST_KERNEL50_
                0x0000000010004920       0x18 zephyr/drivers/pwm/libdrivers__pwm.a(pwm_rpi_pico.c.obj)
                0x0000000010004920                __device_dts_ord_9
                0x0000000010004938                __device_APPLICATION_start = .
 *(SORT_BY_NAME(SORT_BY_ALIGNMENT(.z_device_APPLICATION[0-9]_*)))
 *(SORT_BY_NAME(SORT_BY_ALIGNMENT(.z_device_APPLICATION[1-9][0-9]_*)))
                0x0000000010004938                __device_SMP_start = .
 *(SORT_BY_NAME(SORT_BY_ALIGNMENT(.z_device_SMP[0-9]_*)))
 *(SORT_BY_NAME(SORT_BY_ALIGNMENT(.z_device_SMP[1-9][0-9]_*)))
                0x0000000010004938                __device_end = .

sw_isr_table    0x0000000010004938       0xd0
                0x0000000010004938                . = ALIGN (0x4)
 *(SORT_BY_ALIGNMENT(.gnu.linkonce.sw_isr_table*))
 .gnu.linkonce.sw_isr_table
                0x0000000010004938       0xd0 zephyr/arch/common/libisr_tables.a(isr_tables.c.obj)
                0x0000000010004938                _sw_isr_table

initlevel_error
                0x00000000100048a0        0x0
 *(SORT_BY_NAME(SORT_BY_ALIGNMENT(.z_init_[_A-Z0-9]*)))
                0x0000000000000001                ASSERT ((SIZEOF (initlevel_error) == 0x0), Undefined initialization levels used.)

app_shmem_regions
                0x0000000010004a08        0x0
                0x0000000010004a08                __app_shmem_regions_start = .
 *(SORT_BY_NAME(SORT_BY_ALIGNMENT(.app_regions.*)))
                0x0000000010004a08                __app_shmem_regions_end = .

k_p4wq_initparam_area
                0x0000000010004a08        0x0
                0x0000000010004a08                _k_p4wq_initparam_list_start = .
 *(SORT_BY_NAME(SORT_BY_ALIGNMENT(._k_p4wq_initparam.static.*)))
                0x0000000010004a08                _k_p4wq_initparam_list_end = .

_static_thread_data_area
                0x0000000010004a08        0x0
                0x0000000010004a08                __static_thread_data_list_start = .
 *(SORT_BY_NAME(SORT_BY_ALIGNMENT(.__static_thread_data.static.*)))
                0x0000000010004a08                __static_thread_data_list_end = .

device_handles  0x0000000010004a08       0x20
                0x0000000010004a08                __device_handles_start = .
 *(SORT_BY_NAME(SORT_BY_ALIGNMENT(.__device_handles_pass2*)))
 .__device_handles_pass2
                0x0000000010004a08       0x20 zephyr/CMakeFiles/zephyr_pre1.dir/dev_handles.c.obj
                0x0000000010004a08                __devicehdl_dts_ord_9
                0x0000000010004a10                __devicehdl_dts_ord_18
                0x0000000010004a16                __devicehdl_dts_ord_55
                0x0000000010004a1e                __devicehdl_dts_ord_5
                0x0000000010004a28                __device_handles_end = .

ztest           0x0000000010004a28        0x0
                0x0000000010004a28                _ztest_expected_result_entry_list_start = .
 *(SORT_BY_NAME(SORT_BY_ALIGNMENT(._ztest_expected_result_entry.static.*)))
                0x0000000010004a28                _ztest_expected_result_entry_list_end = .
                0x0000000010004a28                _ztest_suite_node_list_start = .
 *(SORT_BY_NAME(SORT_BY_ALIGNMENT(._ztest_suite_node.static.*)))
                0x0000000010004a28                _ztest_suite_node_list_end = .
                0x0000000010004a28                _ztest_unit_test_list_start = .
 *(SORT_BY_NAME(SORT_BY_ALIGNMENT(._ztest_unit_test.static.*)))
                0x0000000010004a28                _ztest_unit_test_list_end = .
                0x0000000010004a28                _ztest_test_rule_list_start = .
 *(SORT_BY_NAME(SORT_BY_ALIGNMENT(._ztest_test_rule.static.*)))
                0x0000000010004a28                _ztest_test_rule_list_end = .

bt_l2cap_fixed_chan_area
                0x0000000010004a28        0x0
                0x0000000010004a28                _bt_l2cap_fixed_chan_list_start = .
 *(SORT_BY_NAME(SORT_BY_ALIGNMENT(._bt_l2cap_fixed_chan.static.*)))
                0x0000000010004a28                _bt_l2cap_fixed_chan_list_end = .

bt_gatt_service_static_area
                0x0000000010004a28        0x0
                0x0000000010004a28                _bt_gatt_service_static_list_start = .
 *(SORT_BY_NAME(SORT_BY_ALIGNMENT(._bt_gatt_service_static.static.*)))
                0x0000000010004a28                _bt_gatt_service_static_list_end = .

log_strings_sections
                0x0000000010004a28        0x0
                0x0000000010004a28                __log_strings_start = .
 *(SORT_BY_NAME(SORT_BY_ALIGNMENT(.log_strings*)))
                0x0000000010004a28                __log_strings_end = .

log_const_sections
                0x0000000010004a28        0x0
                0x0000000010004a28                __log_const_start = .
 *(SORT_BY_NAME(SORT_BY_ALIGNMENT(.log_const_*)))
                0x0000000010004a28                __log_const_end = .

log_backend_area
                0x0000000010004a28        0x0
                0x0000000010004a28                _log_backend_list_start = .
 *(SORT_BY_NAME(SORT_BY_ALIGNMENT(._log_backend.static.*)))
                0x0000000010004a28                _log_backend_list_end = .

log_link_area   0x0000000010004a28        0x0
                0x0000000010004a28                _log_link_list_start = .
 *(SORT_BY_NAME(SORT_BY_ALIGNMENT(._log_link.static.*)))
                0x0000000010004a28                _log_link_list_end = .

tracing_backend_area
                0x0000000010004a28        0x0
                0x0000000010004a28                _tracing_backend_list_start = .
 *(SORT_BY_NAME(SORT_BY_ALIGNMENT(._tracing_backend.static.*)))
                0x0000000010004a28                _tracing_backend_list_end = .

zephyr_dbg_info
 *(SORT_BY_ALIGNMENT(.dbg_thread_info))

symbol_to_keep  0x0000000010004a28        0x0
                0x0000000010004a28                __symbol_to_keep_start = .
 *(SORT_BY_NAME(SORT_BY_ALIGNMENT(.symbol_to_keep*)))
                0x0000000010004a28                __symbol_to_keep_end = .

shell_area      0x0000000010004a28        0x0
                0x0000000010004a28                _shell_list_start = .
 *(SORT_BY_NAME(SORT_BY_ALIGNMENT(._shell.static.*)))
                0x0000000010004a28                _shell_list_end = .

shell_root_cmds_sections
                0x0000000010004a28        0x0
                0x0000000010004a28                __shell_root_cmds_start = .
 *(SORT_BY_NAME(SORT_BY_ALIGNMENT(.shell_root_cmd_*)))
                0x0000000010004a28                __shell_root_cmds_end = .

shell_subcmds_sections
                0x0000000010004a28        0x0
                0x0000000010004a28                __shell_subcmds_start = .
 *(SORT_BY_NAME(SORT_BY_ALIGNMENT(.shell_subcmd_*)))
                0x0000000010004a28                __shell_subcmds_end = .

shell_dynamic_subcmds_sections
                0x0000000010004a28        0x0
                0x0000000010004a28                __shell_dynamic_subcmds_start = .
 *(SORT_BY_NAME(SORT_BY_ALIGNMENT(.shell_dynamic_subcmd_*)))
                0x0000000010004a28                __shell_dynamic_subcmds_end = .

font_entry_sections
                0x0000000010004a28        0x0
                0x0000000010004a28                __font_entry_start = .
 *(SORT_BY_NAME(SORT_BY_ALIGNMENT(._cfb_font.*)))
                0x0000000010004a28                __font_entry_end = .

rodata          0x0000000010004a28      0x2d0
 *(SORT_BY_ALIGNMENT(.rodata))
 *(SORT_BY_ALIGNMENT(.rodata.*))
 .rodata.Trig4  0x0000000010004a28        0x8 app/libapp.a(main.c.obj)
 .rodata.Echo4  0x0000000010004a30        0x8 app/libapp.a(main.c.obj)
 .rodata.Trig3  0x0000000010004a38        0x8 app/libapp.a(main.c.obj)
 .rodata.Echo3  0x0000000010004a40        0x8 app/libapp.a(main.c.obj)
 .rodata.Trig2  0x0000000010004a48        0x8 app/libapp.a(main.c.obj)
 .rodata.Echo2  0x0000000010004a50        0x8 app/libapp.a(main.c.obj)
 .rodata.Trig1  0x0000000010004a58        0x8 app/libapp.a(main.c.obj)
 .rodata.Echo1  0x0000000010004a60        0x8 app/libapp.a(main.c.obj)
 .rodata.servo2
                0x0000000010004a68       0x10 app/libapp.a(main.c.obj)
                0x0000000010004a68                servo2
 .rodata.servo1
                0x0000000010004a78       0x10 app/libapp.a(main.c.obj)
                0x0000000010004a78                servo1
 .rodata.servo0
                0x0000000010004a88       0x10 app/libapp.a(main.c.obj)
                0x0000000010004a88                servo0
 .rodata.gpio_rpi_0_config
                0x0000000010004a98        0x8 zephyr/drivers/gpio/libdrivers__gpio.a(gpio_rpi_pico.c.obj)
 .rodata.gpio_rpi_driver_api
                0x0000000010004aa0       0x24 zephyr/drivers/gpio/libdrivers__gpio.a(gpio_rpi_pico.c.obj)
 .rodata.pwm_rpi_config_0
                0x0000000010004ac4       0x28 zephyr/drivers/pwm/libdrivers__pwm.a(pwm_rpi_pico.c.obj)
 .rodata.__pinctrl_dev_config__device_dts_ord_9
                0x0000000010004aec        0x8 zephyr/drivers/pwm/libdrivers__pwm.a(pwm_rpi_pico.c.obj)
 .rodata.__pinctrl_states__device_dts_ord_9
                0x0000000010004af4        0x8 zephyr/drivers/pwm/libdrivers__pwm.a(pwm_rpi_pico.c.obj)
 .rodata.__pinctrl_state_pins_0__device_dts_ord_9
                0x0000000010004afc       0x10 zephyr/drivers/pwm/libdrivers__pwm.a(pwm_rpi_pico.c.obj)
 .rodata.uart0_rpi_config
                0x0000000010004b0c       0x18 zephyr/drivers/serial/libdrivers__serial.a(uart_rpi_pico.c.obj)
 .rodata.__pinctrl_dev_config__device_dts_ord_55
                0x0000000010004b24        0x8 zephyr/drivers/serial/libdrivers__serial.a(uart_rpi_pico.c.obj)
 .rodata.__pinctrl_states__device_dts_ord_55
                0x0000000010004b2c        0x8 zephyr/drivers/serial/libdrivers__serial.a(uart_rpi_pico.c.obj)
 .rodata.__pinctrl_state_pins_0__device_dts_ord_55
                0x0000000010004b34        0x8 zephyr/drivers/serial/libdrivers__serial.a(uart_rpi_pico.c.obj)
 .rodata.uart_rpi_driver_api
                0x0000000010004b3c       0x4c zephyr/drivers/serial/libdrivers__serial.a(uart_rpi_pico.c.obj)
 .rodata.reset_rpi_config_0
                0x0000000010004b88        0xc zephyr/drivers/reset/libdrivers__reset.a(reset_rpi_pico.c.obj)
 .rodata.reset_rpi_driver_api
                0x0000000010004b94       0x10 zephyr/drivers/reset/libdrivers__reset.a(reset_rpi_pico.c.obj)
 .rodata._k_neg_eagain
                0x0000000010004ba4        0x4 zephyr/kernel/libkernel.a(errno.c.obj)
                0x0000000010004ba4                _k_neg_eagain
 .rodata.levels.0
                0x0000000010004ba8       0x18 zephyr/kernel/libkernel.a(init.c.obj)
 .rodata.calibracion.str1.1
                0x0000000010004bc0       0x36 app/libapp.a(main.c.obj)
 .rodata.servo_tapa.str1.1
                0x0000000010004bf6       0x19 app/libapp.a(main.c.obj)
 .rodata.getDistance.str1.1
                0x0000000010004c0f       0x4a app/libapp.a(main.c.obj)
 .rodata.main.str1.1
                0x0000000010004c59        0xa app/libapp.a(main.c.obj)
 .rodata.z_cbvprintf_impl.str1.1
                0x0000000010004c63        0x6 zephyr/libzephyr.a(cbprintf_complete.c.obj)
 .rodata.str1.1
                0x0000000010004c69        0xe zephyr/drivers/gpio/libdrivers__gpio.a(gpio_rpi_pico.c.obj)
 .rodata.str1.1
                0x0000000010004c77        0xd zephyr/drivers/pwm/libdrivers__pwm.a(pwm_rpi_pico.c.obj)
 .rodata.CSWTCH.19
                0x0000000010004c84        0x3 zephyr/drivers/serial/libdrivers__serial.a(uart_rpi_pico.c.obj)
 .rodata.str1.1
                0x0000000010004c87        0xe zephyr/drivers/serial/libdrivers__serial.a(uart_rpi_pico.c.obj)
 .rodata.str1.1
                0x0000000010004c95       0x1a zephyr/drivers/reset/libdrivers__reset.a(reset_rpi_pico.c.obj)
 .rodata.z_cstart.str1.1
                0x0000000010004caf        0x5 zephyr/kernel/libkernel.a(init.c.obj)
 .rodata.boot_banner.str1.1
                0x0000000010004cb4       0x42 zephyr/kernel/libkernel.a(banner.c.obj)
 *(SORT_BY_ALIGNMENT(.gnu.linkonce.r.*))
                0x0000000010004cf8                . = ALIGN (0x4)
 *fill*         0x0000000010004cf6        0x2 
                0x0000000010004cf8                __rodata_region_end = .
                0x0000000010004cf8                . = ALIGN (_region_min_align)
                0x0000000010004cf8                __rom_region_end = ((__rom_region_start + .) - ADDR (rom_start))

/DISCARD/
 *(SORT_BY_ALIGNMENT(.got.plt))
 *(SORT_BY_ALIGNMENT(.igot.plt))
 *(SORT_BY_ALIGNMENT(.got))
 *(SORT_BY_ALIGNMENT(.igot))
                0x0000000020000000                . = 0x20000000
                0x0000000020000000                . = ALIGN (_region_min_align)
                0x0000000020000000                _image_ram_start = .

.ramfunc        0x0000000020000000        0x0 load address 0x0000000010004cf8
                0x0000000020000000                . = ALIGN (_region_min_align)
                0x0000000020000000                __ramfunc_start = .
 *(SORT_BY_ALIGNMENT(.ramfunc))
 *(SORT_BY_ALIGNMENT(.ramfunc.*))
                0x0000000020000000                . = ALIGN (_region_min_align)
                0x0000000020000000                __ramfunc_end = .
                0x0000000000000000                __ramfunc_size = (__ramfunc_end - __ramfunc_start)
                0x0000000010004cf8                __ramfunc_load_start = LOADADDR (.ramfunc)

datas           0x0000000020000000       0x28 load address 0x0000000010004cf8
                0x0000000020000000                __data_region_start = .
                0x0000000020000000                __data_start = .
 *(SORT_BY_ALIGNMENT(.data))
 *(SORT_BY_ALIGNMENT(.data.*))
 .data._char_out
                0x0000000020000000        0x4 zephyr/libzephyr.a(printk.c.obj)
                0x0000000020000000                _char_out
 .data._stdout_hook
                0x0000000020000004        0x4 zephyr/lib/libc/minimal/liblib__libc__minimal.a(stdout_console.c.obj)
 .data.pwm_rpi_driver_api
                0x0000000020000008        0x8 zephyr/drivers/pwm/libdrivers__pwm.a(pwm_rpi_pico.c.obj)
                0x0000000020000008                pwm_rpi_driver_api
 .data.uart0_rpi_data
                0x0000000020000010       0x10 zephyr/drivers/serial/libdrivers__serial.a(uart_rpi_pico.c.obj)
 .data.timeout_list
                0x0000000020000020        0x8 zephyr/kernel/libkernel.a(timeout.c.obj)
 *(SORT_BY_ALIGNMENT(.kernel.*))
                0x0000000020000028                __data_end = .
                0x0000000000000028                __data_size = (__data_end - __data_start)
                0x0000000010004cf8                __data_load_start = LOADADDR (datas)
                0x0000000010004cf8                __data_region_load_start = LOADADDR (datas)

device_states   0x0000000020000028        0x8 load address 0x0000000010004d20
                0x0000000020000028                __device_states_start = .
 *(SORT_BY_ALIGNMENT(.z_devstate))
 .z_devstate    0x0000000020000028        0x2 zephyr/drivers/gpio/libdrivers__gpio.a(gpio_rpi_pico.c.obj)
 .z_devstate    0x000000002000002a        0x2 zephyr/drivers/pwm/libdrivers__pwm.a(pwm_rpi_pico.c.obj)
 .z_devstate    0x000000002000002c        0x2 zephyr/drivers/serial/libdrivers__serial.a(uart_rpi_pico.c.obj)
 .z_devstate    0x000000002000002e        0x2 zephyr/drivers/reset/libdrivers__reset.a(reset_rpi_pico.c.obj)
 *(SORT_BY_ALIGNMENT(.z_devstate.*))
                0x0000000020000030                __device_states_end = .

initshell       0x0000000020000030        0x0 load address 0x0000000010004d28
                0x0000000020000030                __shell_module_start = .
 *(SORT_BY_ALIGNMENT(.shell_module_*))
                0x0000000020000030                __shell_module_end = .
                0x0000000020000030                __shell_cmd_start = .
 *(SORT_BY_ALIGNMENT(.shell_cmd_*))
                0x0000000020000030                __shell_cmd_end = .

log_mpsc_pbuf_area
                0x0000000020000030        0x0 load address 0x0000000010004d28
                0x0000000020000030                _log_mpsc_pbuf_list_start = .
 *(SORT_BY_NAME(SORT_BY_ALIGNMENT(._log_mpsc_pbuf.static.*)))
                0x0000000020000030                _log_mpsc_pbuf_list_end = .

log_msg_ptr_area
                0x0000000020000030        0x0 load address 0x0000000010004d28
                0x0000000020000030                _log_msg_ptr_list_start = .
 *(SORT_BY_NAME(SORT_BY_ALIGNMENT(._log_msg_ptr.static.*)))
                0x0000000020000030                _log_msg_ptr_list_end = .

log_dynamic_sections
                0x0000000020000030        0x0 load address 0x0000000010004d28
                0x0000000020000030                __log_dynamic_start = .
 *(SORT_BY_NAME(SORT_BY_ALIGNMENT(.log_dynamic_*)))
                0x0000000020000030                __log_dynamic_end = .

k_timer_area    0x0000000020000030        0x0 load address 0x0000000010004d28
                0x0000000020000030                _k_timer_list_start = .
 *(SORT_BY_NAME(SORT_BY_ALIGNMENT(._k_timer.static.*)))
                0x0000000020000030                _k_timer_list_end = .

k_mem_slab_area
                0x0000000020000030        0x0 load address 0x0000000010004d28
                0x0000000020000030                _k_mem_slab_list_start = .
 *(SORT_BY_NAME(SORT_BY_ALIGNMENT(._k_mem_slab.static.*)))
                0x0000000020000030                _k_mem_slab_list_end = .

k_heap_area     0x0000000020000030        0x0 load address 0x0000000010004d28
                0x0000000020000030                _k_heap_list_start = .
 *(SORT_BY_NAME(SORT_BY_ALIGNMENT(._k_heap.static.*)))
                0x0000000020000030                _k_heap_list_end = .

k_mutex_area    0x0000000020000030        0x0 load address 0x0000000010004d28
                0x0000000020000030                _k_mutex_list_start = .
 *(SORT_BY_NAME(SORT_BY_ALIGNMENT(._k_mutex.static.*)))
                0x0000000020000030                _k_mutex_list_end = .

k_stack_area    0x0000000020000030        0x0 load address 0x0000000010004d28
                0x0000000020000030                _k_stack_list_start = .
 *(SORT_BY_NAME(SORT_BY_ALIGNMENT(._k_stack.static.*)))
                0x0000000020000030                _k_stack_list_end = .

k_msgq_area     0x0000000020000030        0x0 load address 0x0000000010004d28
                0x0000000020000030                _k_msgq_list_start = .
 *(SORT_BY_NAME(SORT_BY_ALIGNMENT(._k_msgq.static.*)))
                0x0000000020000030                _k_msgq_list_end = .

k_mbox_area     0x0000000020000030        0x0 load address 0x0000000010004d28
                0x0000000020000030                _k_mbox_list_start = .
 *(SORT_BY_NAME(SORT_BY_ALIGNMENT(._k_mbox.static.*)))
                0x0000000020000030                _k_mbox_list_end = .

k_pipe_area     0x0000000020000030        0x0 load address 0x0000000010004d28
                0x0000000020000030                _k_pipe_list_start = .
 *(SORT_BY_NAME(SORT_BY_ALIGNMENT(._k_pipe.static.*)))
                0x0000000020000030                _k_pipe_list_end = .

k_sem_area      0x0000000020000030        0x0 load address 0x0000000010004d28
                0x0000000020000030                _k_sem_list_start = .
 *(SORT_BY_NAME(SORT_BY_ALIGNMENT(._k_sem.static.*)))
                0x0000000020000030                _k_sem_list_end = .

k_event_area    0x0000000020000030        0x0 load address 0x0000000010004d28
                0x0000000020000030                _k_event_list_start = .
 *(SORT_BY_NAME(SORT_BY_ALIGNMENT(._k_event.static.*)))
                0x0000000020000030                _k_event_list_end = .

k_queue_area    0x0000000020000030        0x0 load address 0x0000000010004d28
                0x0000000020000030                _k_queue_list_start = .
 *(SORT_BY_NAME(SORT_BY_ALIGNMENT(._k_queue.static.*)))
                0x0000000020000030                _k_queue_list_end = .

k_condvar_area  0x0000000020000030        0x0 load address 0x0000000010004d28
                0x0000000020000030                _k_condvar_list_start = .
 *(SORT_BY_NAME(SORT_BY_ALIGNMENT(._k_condvar.static.*)))
                0x0000000020000030                _k_condvar_list_end = .

_net_buf_pool_area
                0x0000000020000030        0x0 load address 0x0000000010004d28
                0x0000000020000030                _net_buf_pool_list = .
 *(SORT_BY_NAME(SORT_BY_ALIGNMENT(._net_buf_pool.static.*)))
                0x0000000020000030                __data_region_end = .

bss             0x0000000020000030      0x18a
                0x0000000020000030                . = ALIGN (0x4)
                0x0000000020000030                __bss_start = .
                0x0000000020000030                __kernel_ram_start = .
 *(SORT_BY_ALIGNMENT(.bss))
 *(SORT_BY_ALIGNMENT(.bss.*))
 .bss.z_idle_threads
                0x0000000020000030       0x70 zephyr/kernel/libkernel.a(init.c.obj)
                0x0000000020000030                z_idle_threads
 .bss.z_main_thread
                0x00000000200000a0       0x70 zephyr/kernel/libkernel.a(init.c.obj)
                0x00000000200000a0                z_main_thread
 .bss.curr_tick
                0x0000000020000110        0x8 zephyr/kernel/libkernel.a(timeout.c.obj)
 .bss.ConfGpio26
                0x0000000020000118        0x4 app/libapp.a(main.c.obj)
                0x0000000020000118                ConfGpio26
 .bss.ConfGpio18
                0x000000002000011c        0x4 app/libapp.a(main.c.obj)
                0x000000002000011c                ConfGpio18
 .bss.ConfGpio10
                0x0000000020000120        0x4 app/libapp.a(main.c.obj)
                0x0000000020000120                ConfGpio10
 .bss.ConfGpio9
                0x0000000020000124        0x4 app/libapp.a(main.c.obj)
                0x0000000020000124                ConfGpio9
 .bss.ConfGpio8
                0x0000000020000128        0x4 app/libapp.a(main.c.obj)
                0x0000000020000128                ConfGpio8
 .bss.ConfGpio7
                0x000000002000012c        0x4 app/libapp.a(main.c.obj)
                0x000000002000012c                ConfGpio7
 .bss.ConfGpio6
                0x0000000020000130        0x4 app/libapp.a(main.c.obj)
                0x0000000020000130                ConfGpio6
 .bss.ConfGpio5
                0x0000000020000134        0x4 app/libapp.a(main.c.obj)
                0x0000000020000134                ConfGpio5
 .bss.gpio_rpi_0_data
                0x0000000020000138       0x10 zephyr/drivers/gpio/libdrivers__gpio.a(gpio_rpi_pico.c.obj)
 .bss.overflow_cyc
                0x0000000020000148        0x4 zephyr/drivers/timer/libdrivers__timer.a(cortex_m_systick.c.obj)
 .bss.announced_cycles
                0x000000002000014c        0x4 zephyr/drivers/timer/libdrivers__timer.a(cortex_m_systick.c.obj)
 .bss.cycle_count
                0x0000000020000150        0x4 zephyr/drivers/timer/libdrivers__timer.a(cortex_m_systick.c.obj)
 .bss.last_load
                0x0000000020000154        0x4 zephyr/drivers/timer/libdrivers__timer.a(cortex_m_systick.c.obj)
 .bss.configured_freq
                0x0000000020000158       0x28 modules/hal_rpi_pico/libmodules__hal_rpi_pico.a(clocks.c.obj)
 .bss._kernel   0x0000000020000180       0x24 zephyr/kernel/libkernel.a(init.c.obj)
                0x0000000020000180                _kernel
 .bss.pending_current
                0x00000000200001a4        0x4 zephyr/kernel/libkernel.a(sched.c.obj)
 .bss.slice_max_prio
                0x00000000200001a8        0x4 zephyr/kernel/libkernel.a(sched.c.obj)
 .bss.slice_ticks
                0x00000000200001ac        0x4 zephyr/kernel/libkernel.a(sched.c.obj)
 .bss.announce_remaining
                0x00000000200001b0        0x4 zephyr/kernel/libkernel.a(timeout.c.obj)
 .bss.uart_char_to_line_feed
                0x00000000200001b4        0x4 modules/hal_rpi_pico/libmodules__hal_rpi_pico.a(uart.c.obj)
                0x00000000200001b4                uart_char_to_line_feed
 .bss.trig1signal
                0x00000000200001b8        0x1 app/libapp.a(main.c.obj)
                0x00000000200001b8                trig1signal
 .bss.z_sys_post_kernel
                0x00000000200001b9        0x1 zephyr/kernel/libkernel.a(init.c.obj)
                0x00000000200001b9                z_sys_post_kernel
 .bss.sched_spinlock
                0x00000000200001ba        0x0 zephyr/kernel/libkernel.a(sched.c.obj)
                0x00000000200001ba                sched_spinlock
 *(SORT_BY_ALIGNMENT(COMMON))
 *(SORT_BY_ALIGNMENT(.kernel_bss.*))
                0x00000000200001bc                __bss_end = ALIGN (0x4)

noinit          0x00000000200001c0      0xd00
 *(SORT_BY_ALIGNMENT(.noinit))
 *(SORT_BY_ALIGNMENT(.noinit.*))
 .noinit."WEST_TOPDIR/zephyr/kernel/init.c".2
                0x00000000200001c0      0x800 zephyr/kernel/libkernel.a(init.c.obj)
                0x00000000200001c0                z_interrupt_stacks
 .noinit."WEST_TOPDIR/zephyr/kernel/init.c".1
                0x00000000200009c0      0x100 zephyr/kernel/libkernel.a(init.c.obj)
 .noinit."WEST_TOPDIR/zephyr/kernel/init.c".0
                0x0000000020000ac0      0x400 zephyr/kernel/libkernel.a(init.c.obj)
                0x0000000020000ac0                z_main_stack
 *(SORT_BY_ALIGNMENT(.kernel_noinit.*))
                0x0000000020000ec0                _image_ram_end = .
                0x0000000020000ec0                _end = .
                0x0000000020042000                __kernel_ram_end = 0x20042000
                0x0000000000041fd0                __kernel_ram_size = (__kernel_ram_end - __kernel_ram_start)

.intList        0x00000000fffff800       0x28
 *(SORT_BY_ALIGNMENT(.irq_info*))
 .irq_info      0x00000000fffff800        0x8 zephyr/arch/common/libisr_tables.a(isr_tables.c.obj)
                0x00000000fffff800                _iheader
 *(SORT_BY_ALIGNMENT(.intList*))
 .intList       0x00000000fffff808       0x10 zephyr/drivers/gpio/libdrivers__gpio.a(gpio_rpi_pico.c.obj)
 .intList       0x00000000fffff818       0x10 zephyr/drivers/serial/libdrivers__serial.a(uart_rpi_pico.c.obj)

.stab
 *(SORT_BY_ALIGNMENT(.stab))

.stabstr
 *(SORT_BY_ALIGNMENT(.stabstr))

.stab.excl
 *(SORT_BY_ALIGNMENT(.stab.excl))

.stab.exclstr
 *(SORT_BY_ALIGNMENT(.stab.exclstr))

.stab.index
 *(SORT_BY_ALIGNMENT(.stab.index))

.stab.indexstr
 *(SORT_BY_ALIGNMENT(.stab.indexstr))

.gnu.build.attributes
 *(SORT_BY_ALIGNMENT(.gnu.build.attributes) SORT_BY_ALIGNMENT(.gnu.build.attributes.*))

.comment        0x0000000000000000       0x20
 *(SORT_BY_ALIGNMENT(.comment))
 .comment       0x0000000000000000       0x20 zephyr/CMakeFiles/zephyr_pre1.dir/dev_handles.c.obj
                                         0x21 (size before relaxing)
 .comment       0x0000000000000020       0x21 zephyr/CMakeFiles/offsets.dir/./arch/arm/core/offsets/offsets.c.obj
 .comment       0x0000000000000020       0x21 app/libapp.a(main.c.obj)
 .comment       0x0000000000000020       0x21 zephyr/libzephyr.a(printk.c.obj)
 .comment       0x0000000000000020       0x21 zephyr/libzephyr.a(thread_entry.c.obj)
 .comment       0x0000000000000020       0x21 zephyr/libzephyr.a(cbprintf_complete.c.obj)
 .comment       0x0000000000000020       0x21 zephyr/libzephyr.a(configs.c.obj)
 .comment       0x0000000000000020       0x21 zephyr/arch/arch/arm/core/aarch32/libarch__arm__core__aarch32.a(fatal.c.obj)
 .comment       0x0000000000000020       0x21 zephyr/arch/arch/arm/core/aarch32/libarch__arm__core__aarch32.a(irq_manage.c.obj)
 .comment       0x0000000000000020       0x21 zephyr/arch/arch/arm/core/aarch32/libarch__arm__core__aarch32.a(nmi.c.obj)
 .comment       0x0000000000000020       0x21 zephyr/arch/arch/arm/core/aarch32/libarch__arm__core__aarch32.a(prep_c.c.obj)
 .comment       0x0000000000000020       0x21 zephyr/arch/arch/arm/core/aarch32/libarch__arm__core__aarch32.a(swap.c.obj)
 .comment       0x0000000000000020       0x21 zephyr/arch/arch/arm/core/aarch32/libarch__arm__core__aarch32.a(thread.c.obj)
 .comment       0x0000000000000020       0x21 zephyr/arch/arch/arm/core/aarch32/cortex_m/libarch__arm__core__aarch32__cortex_m.a(fault.c.obj)
 .comment       0x0000000000000020       0x21 zephyr/arch/arch/arm/core/aarch32/cortex_m/libarch__arm__core__aarch32__cortex_m.a(irq_init.c.obj)
 .comment       0x0000000000000020       0x21 zephyr/arch/arch/arm/core/aarch32/cortex_m/libarch__arm__core__aarch32__cortex_m.a(thread_abort.c.obj)
 .comment       0x0000000000000020       0x21 zephyr/lib/libc/minimal/liblib__libc__minimal.a(string.c.obj)
 .comment       0x0000000000000020       0x21 zephyr/lib/libc/minimal/liblib__libc__minimal.a(stdout_console.c.obj)
 .comment       0x0000000000000020       0x21 zephyr/lib/libc/minimal/liblib__libc__minimal.a(fprintf.c.obj)
 .comment       0x0000000000000020       0x21 zephyr/soc/arm/rpi_pico/rp2/libsoc__arm__rpi_pico__rp2.a(soc.c.obj)
 .comment       0x0000000000000020       0x21 zephyr/drivers/console/libdrivers__console.a(uart_console.c.obj)
 .comment       0x0000000000000020       0x21 zephyr/drivers/gpio/libdrivers__gpio.a(gpio_rpi_pico.c.obj)
 .comment       0x0000000000000020       0x21 zephyr/drivers/pwm/libdrivers__pwm.a(pwm_rpi_pico.c.obj)
 .comment       0x0000000000000020       0x21 zephyr/drivers/serial/libdrivers__serial.a(uart_rpi_pico.c.obj)
 .comment       0x0000000000000020       0x21 zephyr/drivers/timer/libdrivers__timer.a(cortex_m_systick.c.obj)
 .comment       0x0000000000000020       0x21 zephyr/drivers/pinctrl/libdrivers__pinctrl.a(common.c.obj)
 .comment       0x0000000000000020       0x21 zephyr/drivers/pinctrl/libdrivers__pinctrl.a(pinctrl_rpi_pico.c.obj)
 .comment       0x0000000000000020       0x21 zephyr/drivers/reset/libdrivers__reset.a(reset_rpi_pico.c.obj)
 .comment       0x0000000000000020       0x21 modules/hal_rpi_pico/libmodules__hal_rpi_pico.a(clocks.c.obj)
 .comment       0x0000000000000020       0x21 modules/hal_rpi_pico/libmodules__hal_rpi_pico.a(pll.c.obj)
 .comment       0x0000000000000020       0x21 modules/hal_rpi_pico/libmodules__hal_rpi_pico.a(xosc.c.obj)
 .comment       0x0000000000000020       0x21 modules/hal_rpi_pico/libmodules__hal_rpi_pico.a(watchdog.c.obj)
 .comment       0x0000000000000020       0x21 modules/hal_rpi_pico/libmodules__hal_rpi_pico.a(platform.c.obj)
 .comment       0x0000000000000020       0x21 modules/hal_rpi_pico/libmodules__hal_rpi_pico.a(gpio.c.obj)
 .comment       0x0000000000000020       0x21 modules/hal_rpi_pico/libmodules__hal_rpi_pico.a(uart.c.obj)
 .comment       0x0000000000000020       0x21 zephyr/kernel/libkernel.a(device.c.obj)
 .comment       0x0000000000000020       0x21 zephyr/kernel/libkernel.a(errno.c.obj)
 .comment       0x0000000000000020       0x21 zephyr/kernel/libkernel.a(fatal.c.obj)
 .comment       0x0000000000000020       0x21 zephyr/kernel/libkernel.a(init.c.obj)
 .comment       0x0000000000000020       0x21 zephyr/kernel/libkernel.a(thread.c.obj)
 .comment       0x0000000000000020       0x21 zephyr/kernel/libkernel.a(idle.c.obj)
 .comment       0x0000000000000020       0x21 zephyr/kernel/libkernel.a(sched.c.obj)
 .comment       0x0000000000000020       0x21 zephyr/kernel/libkernel.a(xip.c.obj)
 .comment       0x0000000000000020       0x21 zephyr/kernel/libkernel.a(timeout.c.obj)
 .comment       0x0000000000000020       0x21 zephyr/kernel/libkernel.a(banner.c.obj)
 .comment       0x0000000000000020       0x21 zephyr/arch/common/libisr_tables.a(isr_tables.c.obj)

.debug
 *(SORT_BY_ALIGNMENT(.debug))

.line
 *(SORT_BY_ALIGNMENT(.line))

.debug_srcinfo
 *(SORT_BY_ALIGNMENT(.debug_srcinfo))

.debug_sfnames
 *(SORT_BY_ALIGNMENT(.debug_sfnames))

.debug_aranges  0x0000000000000000      0xf38
 *(SORT_BY_ALIGNMENT(.debug_aranges))
 .debug_aranges
                0x0000000000000000       0x30 zephyr/arch/arch/arm/core/aarch32/libarch__arm__core__aarch32.a(cpu_idle.S.obj)
 .debug_aranges
                0x0000000000000030       0x20 zephyr/arch/arch/arm/core/aarch32/libarch__arm__core__aarch32.a(nmi_on_reset.S.obj)
 .debug_aranges
                0x0000000000000050       0x28 zephyr/arch/arch/arm/core/aarch32/libarch__arm__core__aarch32.a(swap_helper.S.obj)
 .debug_aranges
                0x0000000000000078       0x20 zephyr/arch/arch/arm/core/aarch32/libarch__arm__core__aarch32.a(isr_wrapper.S.obj)
 .debug_aranges
                0x0000000000000098       0x20 zephyr/arch/arch/arm/core/aarch32/cortex_m/libarch__arm__core__aarch32__cortex_m.a(exc_exit.S.obj)
 .debug_aranges
                0x00000000000000b8       0x20 zephyr/arch/arch/arm/core/aarch32/cortex_m/libarch__arm__core__aarch32__cortex_m.a(fault_s.S.obj)
 .debug_aranges
                0x00000000000000d8       0x20 zephyr/arch/arch/arm/core/aarch32/cortex_m/libarch__arm__core__aarch32__cortex_m.a(reset.S.obj)
 .debug_aranges
                0x00000000000000f8       0x18 zephyr/CMakeFiles/zephyr_pre1.dir/dev_handles.c.obj
 .debug_aranges
                0x0000000000000110       0x20 zephyr/CMakeFiles/offsets.dir/./arch/arm/core/offsets/offsets.c.obj
 .debug_aranges
                0x0000000000000130       0xe0 app/libapp.a(main.c.obj)
 .debug_aranges
                0x0000000000000210       0x68 zephyr/libzephyr.a(printk.c.obj)
 .debug_aranges
                0x0000000000000278       0x20 zephyr/libzephyr.a(thread_entry.c.obj)
 .debug_aranges
                0x0000000000000298       0x30 zephyr/libzephyr.a(cbprintf_complete.c.obj)
 .debug_aranges
                0x00000000000002c8       0x20 zephyr/libzephyr.a(configs.c.obj)
 .debug_aranges
                0x00000000000002e8       0x30 zephyr/arch/arch/arm/core/aarch32/libarch__arm__core__aarch32.a(fatal.c.obj)
 .debug_aranges
                0x0000000000000318       0x40 zephyr/arch/arch/arm/core/aarch32/libarch__arm__core__aarch32.a(irq_manage.c.obj)
 .debug_aranges
                0x0000000000000358       0x20 zephyr/arch/arch/arm/core/aarch32/libarch__arm__core__aarch32.a(nmi.c.obj)
 .debug_aranges
                0x0000000000000378       0x20 zephyr/arch/arch/arm/core/aarch32/libarch__arm__core__aarch32.a(prep_c.c.obj)
 .debug_aranges
                0x0000000000000398       0x20 zephyr/arch/arch/arm/core/aarch32/libarch__arm__core__aarch32.a(swap.c.obj)
 .debug_aranges
                0x00000000000003b8       0x28 zephyr/arch/arch/arm/core/aarch32/libarch__arm__core__aarch32.a(thread.c.obj)
 .debug_aranges
                0x00000000000003e0       0x28 zephyr/arch/arch/arm/core/aarch32/cortex_m/libarch__arm__core__aarch32__cortex_m.a(fault.c.obj)
 .debug_aranges
                0x0000000000000408       0x20 zephyr/arch/arch/arm/core/aarch32/cortex_m/libarch__arm__core__aarch32__cortex_m.a(irq_init.c.obj)
 .debug_aranges
                0x0000000000000428       0x20 zephyr/arch/arch/arm/core/aarch32/cortex_m/libarch__arm__core__aarch32__cortex_m.a(thread_abort.c.obj)
 .debug_aranges
                0x0000000000000448       0x98 zephyr/lib/libc/minimal/liblib__libc__minimal.a(string.c.obj)
 .debug_aranges
                0x00000000000004e0       0x58 zephyr/lib/libc/minimal/liblib__libc__minimal.a(stdout_console.c.obj)
 .debug_aranges
                0x0000000000000538       0x38 zephyr/lib/libc/minimal/liblib__libc__minimal.a(fprintf.c.obj)
 .debug_aranges
                0x0000000000000570       0x20 zephyr/soc/arm/rpi_pico/rp2/libsoc__arm__rpi_pico__rp2.a(soc.c.obj)
 .debug_aranges
                0x0000000000000590       0x30 zephyr/drivers/console/libdrivers__console.a(uart_console.c.obj)
 .debug_aranges
                0x00000000000005c0       0x70 zephyr/drivers/gpio/libdrivers__gpio.a(gpio_rpi_pico.c.obj)
 .debug_aranges
                0x0000000000000630       0x30 zephyr/drivers/pwm/libdrivers__pwm.a(pwm_rpi_pico.c.obj)
 .debug_aranges
                0x0000000000000660       0xd0 zephyr/drivers/serial/libdrivers__serial.a(uart_rpi_pico.c.obj)
 .debug_aranges
                0x0000000000000730       0x58 zephyr/drivers/timer/libdrivers__timer.a(cortex_m_systick.c.obj)
 .debug_aranges
                0x0000000000000788       0x20 zephyr/drivers/pinctrl/libdrivers__pinctrl.a(common.c.obj)
 .debug_aranges
                0x00000000000007a8       0x20 zephyr/drivers/pinctrl/libdrivers__pinctrl.a(pinctrl_rpi_pico.c.obj)
 .debug_aranges
                0x00000000000007c8       0x50 zephyr/drivers/reset/libdrivers__reset.a(reset_rpi_pico.c.obj)
 .debug_aranges
                0x0000000000000818       0x68 modules/hal_rpi_pico/libmodules__hal_rpi_pico.a(clocks.c.obj)
 .debug_aranges
                0x0000000000000880       0x28 modules/hal_rpi_pico/libmodules__hal_rpi_pico.a(pll.c.obj)
 .debug_aranges
                0x00000000000008a8       0x30 modules/hal_rpi_pico/libmodules__hal_rpi_pico.a(xosc.c.obj)
 .debug_aranges
                0x00000000000008d8       0x58 modules/hal_rpi_pico/libmodules__hal_rpi_pico.a(watchdog.c.obj)
 .debug_aranges
                0x0000000000000930       0x28 modules/hal_rpi_pico/libmodules__hal_rpi_pico.a(platform.c.obj)
 .debug_aranges
                0x0000000000000958       0xd0 modules/hal_rpi_pico/libmodules__hal_rpi_pico.a(gpio.c.obj)
 .debug_aranges
                0x0000000000000a28       0x40 modules/hal_rpi_pico/libmodules__hal_rpi_pico.a(uart.c.obj)
 .debug_aranges
                0x0000000000000a68       0x50 zephyr/kernel/libkernel.a(device.c.obj)
 .debug_aranges
                0x0000000000000ab8       0x20 zephyr/kernel/libkernel.a(errno.c.obj)
 .debug_aranges
                0x0000000000000ad8       0x60 zephyr/kernel/libkernel.a(fatal.c.obj)
 .debug_aranges
                0x0000000000000b38       0x50 zephyr/kernel/libkernel.a(init.c.obj)
 .debug_aranges
                0x0000000000000b88       0xb8 zephyr/kernel/libkernel.a(thread.c.obj)
 .debug_aranges
                0x0000000000000c40       0x28 zephyr/kernel/libkernel.a(idle.c.obj)
 .debug_aranges
                0x0000000000000c68      0x1e0 zephyr/kernel/libkernel.a(sched.c.obj)
 .debug_aranges
                0x0000000000000e48       0x20 zephyr/kernel/libkernel.a(xip.c.obj)
 .debug_aranges
                0x0000000000000e68       0x98 zephyr/kernel/libkernel.a(timeout.c.obj)
 .debug_aranges
                0x0000000000000f00       0x20 zephyr/kernel/libkernel.a(banner.c.obj)
 .debug_aranges
                0x0000000000000f20       0x18 zephyr/arch/common/libisr_tables.a(isr_tables.c.obj)

.debug_pubnames
 *(SORT_BY_ALIGNMENT(.debug_pubnames))

.debug_info     0x0000000000000000    0x2700e
 *(SORT_BY_ALIGNMENT(.debug_info) SORT_BY_ALIGNMENT(.gnu.linkonce.wi.*))
 .debug_info    0x0000000000000000      0x121 zephyr/CMakeFiles/zephyr_pre1.dir/dev_handles.c.obj
 .debug_info    0x0000000000000121       0xd0 zephyr/CMakeFiles/offsets.dir/./arch/arm/core/offsets/offsets.c.obj
 .debug_info    0x00000000000001f1     0x2d6e app/libapp.a(main.c.obj)
 .debug_info    0x0000000000002f5f      0x6a4 zephyr/libzephyr.a(printk.c.obj)
 .debug_info    0x0000000000003603      0x5d2 zephyr/libzephyr.a(thread_entry.c.obj)
 .debug_info    0x0000000000003bd5     0x1081 zephyr/libzephyr.a(cbprintf_complete.c.obj)
 .debug_info    0x0000000000004c56       0x38 zephyr/libzephyr.a(configs.c.obj)
 .debug_info    0x0000000000004c8e       0x22 zephyr/arch/arch/arm/core/aarch32/libarch__arm__core__aarch32.a(cpu_idle.S.obj)
 .debug_info    0x0000000000004cb0     0x2559 zephyr/arch/arch/arm/core/aarch32/libarch__arm__core__aarch32.a(fatal.c.obj)
 .debug_info    0x0000000000007209      0x660 zephyr/arch/arch/arm/core/aarch32/libarch__arm__core__aarch32.a(irq_manage.c.obj)
 .debug_info    0x0000000000007869       0xb6 zephyr/arch/arch/arm/core/aarch32/libarch__arm__core__aarch32.a(nmi.c.obj)
 .debug_info    0x000000000000791f       0x23 zephyr/arch/arch/arm/core/aarch32/libarch__arm__core__aarch32.a(nmi_on_reset.S.obj)
 .debug_info    0x0000000000007942      0x21d zephyr/arch/arch/arm/core/aarch32/libarch__arm__core__aarch32.a(prep_c.c.obj)
 .debug_info    0x0000000000007b5f      0x670 zephyr/arch/arch/arm/core/aarch32/libarch__arm__core__aarch32.a(swap.c.obj)
 .debug_info    0x00000000000081cf       0x22 zephyr/arch/arch/arm/core/aarch32/libarch__arm__core__aarch32.a(swap_helper.S.obj)
 .debug_info    0x00000000000081f1      0x7d9 zephyr/arch/arch/arm/core/aarch32/libarch__arm__core__aarch32.a(thread.c.obj)
 .debug_info    0x00000000000089ca       0x23 zephyr/arch/arch/arm/core/aarch32/libarch__arm__core__aarch32.a(isr_wrapper.S.obj)
 .debug_info    0x00000000000089ed       0x23 zephyr/arch/arch/arm/core/aarch32/cortex_m/libarch__arm__core__aarch32__cortex_m.a(exc_exit.S.obj)
 .debug_info    0x0000000000008a10     0x250b zephyr/arch/arch/arm/core/aarch32/cortex_m/libarch__arm__core__aarch32__cortex_m.a(fault.c.obj)
 .debug_info    0x000000000000af1b       0x23 zephyr/arch/arch/arm/core/aarch32/cortex_m/libarch__arm__core__aarch32__cortex_m.a(fault_s.S.obj)
 .debug_info    0x000000000000af3e      0x309 zephyr/arch/arch/arm/core/aarch32/cortex_m/libarch__arm__core__aarch32__cortex_m.a(irq_init.c.obj)
 .debug_info    0x000000000000b247       0x23 zephyr/arch/arch/arm/core/aarch32/cortex_m/libarch__arm__core__aarch32__cortex_m.a(reset.S.obj)
 .debug_info    0x000000000000b26a      0x6b0 zephyr/arch/arch/arm/core/aarch32/cortex_m/libarch__arm__core__aarch32__cortex_m.a(thread_abort.c.obj)
 .debug_info    0x000000000000b91a      0x717 zephyr/lib/libc/minimal/liblib__libc__minimal.a(string.c.obj)
 .debug_info    0x000000000000c031      0x719 zephyr/lib/libc/minimal/liblib__libc__minimal.a(stdout_console.c.obj)
 .debug_info    0x000000000000c74a      0x45c zephyr/lib/libc/minimal/liblib__libc__minimal.a(fprintf.c.obj)
 .debug_info    0x000000000000cba6      0x453 zephyr/soc/arm/rpi_pico/rp2/libsoc__arm__rpi_pico__rp2.a(soc.c.obj)
 .debug_info    0x000000000000cff9      0x8d8 zephyr/drivers/console/libdrivers__console.a(uart_console.c.obj)
 .debug_info    0x000000000000d8d1     0x1a9b zephyr/drivers/gpio/libdrivers__gpio.a(gpio_rpi_pico.c.obj)
 .debug_info    0x000000000000f36c     0x1ade zephyr/drivers/pwm/libdrivers__pwm.a(pwm_rpi_pico.c.obj)
 .debug_info    0x0000000000010e4a     0x1791 zephyr/drivers/serial/libdrivers__serial.a(uart_rpi_pico.c.obj)
 .debug_info    0x00000000000125db      0xa0b zephyr/drivers/timer/libdrivers__timer.a(cortex_m_systick.c.obj)
 .debug_info    0x0000000000012fe6      0x200 zephyr/drivers/pinctrl/libdrivers__pinctrl.a(common.c.obj)
 .debug_info    0x00000000000131e6      0x377 zephyr/drivers/pinctrl/libdrivers__pinctrl.a(pinctrl_rpi_pico.c.obj)
 .debug_info    0x000000000001355d      0x9c7 zephyr/drivers/reset/libdrivers__reset.a(reset_rpi_pico.c.obj)
 .debug_info    0x0000000000013f24      0xfa2 modules/hal_rpi_pico/libmodules__hal_rpi_pico.a(clocks.c.obj)
 .debug_info    0x0000000000014ec6      0x3ff modules/hal_rpi_pico/libmodules__hal_rpi_pico.a(pll.c.obj)
 .debug_info    0x00000000000152c5      0x1b5 modules/hal_rpi_pico/libmodules__hal_rpi_pico.a(xosc.c.obj)
 .debug_info    0x000000000001547a      0x501 modules/hal_rpi_pico/libmodules__hal_rpi_pico.a(watchdog.c.obj)
 .debug_info    0x000000000001597b      0x12e modules/hal_rpi_pico/libmodules__hal_rpi_pico.a(platform.c.obj)
 .debug_info    0x0000000000015aa9     0x138b modules/hal_rpi_pico/libmodules__hal_rpi_pico.a(gpio.c.obj)
 .debug_info    0x0000000000016e34      0xa97 modules/hal_rpi_pico/libmodules__hal_rpi_pico.a(uart.c.obj)
 .debug_info    0x00000000000178cb      0x6cf zephyr/kernel/libkernel.a(device.c.obj)
 .debug_info    0x0000000000017f9a      0x5f7 zephyr/kernel/libkernel.a(errno.c.obj)
 .debug_info    0x0000000000018591     0x27b1 zephyr/kernel/libkernel.a(fatal.c.obj)
 .debug_info    0x000000000001ad42     0x128a zephyr/kernel/libkernel.a(init.c.obj)
 .debug_info    0x000000000001bfcc     0x2733 zephyr/kernel/libkernel.a(thread.c.obj)
 .debug_info    0x000000000001e6ff      0x220 zephyr/kernel/libkernel.a(idle.c.obj)
 .debug_info    0x000000000001e91f     0x6825 zephyr/kernel/libkernel.a(sched.c.obj)
 .debug_info    0x0000000000025144      0x139 zephyr/kernel/libkernel.a(xip.c.obj)
 .debug_info    0x000000000002527d     0x1b4c zephyr/kernel/libkernel.a(timeout.c.obj)
 .debug_info    0x0000000000026dc9       0xc5 zephyr/kernel/libkernel.a(banner.c.obj)
 .debug_info    0x0000000000026e8e      0x180 zephyr/arch/common/libisr_tables.a(isr_tables.c.obj)

.debug_abbrev   0x0000000000000000     0x77c6
 *(SORT_BY_ALIGNMENT(.debug_abbrev))
 .debug_abbrev  0x0000000000000000       0x64 zephyr/CMakeFiles/zephyr_pre1.dir/dev_handles.c.obj
 .debug_abbrev  0x0000000000000064       0x62 zephyr/CMakeFiles/offsets.dir/./arch/arm/core/offsets/offsets.c.obj
 .debug_abbrev  0x00000000000000c6      0x5e2 app/libapp.a(main.c.obj)
 .debug_abbrev  0x00000000000006a8      0x30a zephyr/libzephyr.a(printk.c.obj)
 .debug_abbrev  0x00000000000009b2      0x23a zephyr/libzephyr.a(thread_entry.c.obj)
 .debug_abbrev  0x0000000000000bec      0x3f8 zephyr/libzephyr.a(cbprintf_complete.c.obj)
 .debug_abbrev  0x0000000000000fe4       0x2e zephyr/libzephyr.a(configs.c.obj)
 .debug_abbrev  0x0000000000001012       0x12 zephyr/arch/arch/arm/core/aarch32/libarch__arm__core__aarch32.a(cpu_idle.S.obj)
 .debug_abbrev  0x0000000000001024      0x2bb zephyr/arch/arch/arm/core/aarch32/libarch__arm__core__aarch32.a(fatal.c.obj)
 .debug_abbrev  0x00000000000012df      0x26f zephyr/arch/arch/arm/core/aarch32/libarch__arm__core__aarch32.a(irq_manage.c.obj)
 .debug_abbrev  0x000000000000154e       0x62 zephyr/arch/arch/arm/core/aarch32/libarch__arm__core__aarch32.a(nmi.c.obj)
 .debug_abbrev  0x00000000000015b0       0x14 zephyr/arch/arch/arm/core/aarch32/libarch__arm__core__aarch32.a(nmi_on_reset.S.obj)
 .debug_abbrev  0x00000000000015c4      0x14f zephyr/arch/arch/arm/core/aarch32/libarch__arm__core__aarch32.a(prep_c.c.obj)
 .debug_abbrev  0x0000000000001713      0x1d9 zephyr/arch/arch/arm/core/aarch32/libarch__arm__core__aarch32.a(swap.c.obj)
 .debug_abbrev  0x00000000000018ec       0x12 zephyr/arch/arch/arm/core/aarch32/libarch__arm__core__aarch32.a(swap_helper.S.obj)
 .debug_abbrev  0x00000000000018fe      0x207 zephyr/arch/arch/arm/core/aarch32/libarch__arm__core__aarch32.a(thread.c.obj)
 .debug_abbrev  0x0000000000001b05       0x14 zephyr/arch/arch/arm/core/aarch32/libarch__arm__core__aarch32.a(isr_wrapper.S.obj)
 .debug_abbrev  0x0000000000001b19       0x14 zephyr/arch/arch/arm/core/aarch32/cortex_m/libarch__arm__core__aarch32__cortex_m.a(exc_exit.S.obj)
 .debug_abbrev  0x0000000000001b2d      0x380 zephyr/arch/arch/arm/core/aarch32/cortex_m/libarch__arm__core__aarch32__cortex_m.a(fault.c.obj)
 .debug_abbrev  0x0000000000001ead       0x14 zephyr/arch/arch/arm/core/aarch32/cortex_m/libarch__arm__core__aarch32__cortex_m.a(fault_s.S.obj)
 .debug_abbrev  0x0000000000001ec1      0x15f zephyr/arch/arch/arm/core/aarch32/cortex_m/libarch__arm__core__aarch32__cortex_m.a(irq_init.c.obj)
 .debug_abbrev  0x0000000000002020       0x14 zephyr/arch/arch/arm/core/aarch32/cortex_m/libarch__arm__core__aarch32__cortex_m.a(reset.S.obj)
 .debug_abbrev  0x0000000000002034      0x224 zephyr/arch/arch/arm/core/aarch32/cortex_m/libarch__arm__core__aarch32__cortex_m.a(thread_abort.c.obj)
 .debug_abbrev  0x0000000000002258      0x182 zephyr/lib/libc/minimal/liblib__libc__minimal.a(string.c.obj)
 .debug_abbrev  0x00000000000023da      0x2a2 zephyr/lib/libc/minimal/liblib__libc__minimal.a(stdout_console.c.obj)
 .debug_abbrev  0x000000000000267c      0x1b2 zephyr/lib/libc/minimal/liblib__libc__minimal.a(fprintf.c.obj)
 .debug_abbrev  0x000000000000282e      0x208 zephyr/soc/arm/rpi_pico/rp2/libsoc__arm__rpi_pico__rp2.a(soc.c.obj)
 .debug_abbrev  0x0000000000002a36      0x392 zephyr/drivers/console/libdrivers__console.a(uart_console.c.obj)
 .debug_abbrev  0x0000000000002dc8      0x4c6 zephyr/drivers/gpio/libdrivers__gpio.a(gpio_rpi_pico.c.obj)
 .debug_abbrev  0x000000000000328e      0x465 zephyr/drivers/pwm/libdrivers__pwm.a(pwm_rpi_pico.c.obj)
 .debug_abbrev  0x00000000000036f3      0x4a1 zephyr/drivers/serial/libdrivers__serial.a(uart_rpi_pico.c.obj)
 .debug_abbrev  0x0000000000003b94      0x3f8 zephyr/drivers/timer/libdrivers__timer.a(cortex_m_systick.c.obj)
 .debug_abbrev  0x0000000000003f8c       0xe7 zephyr/drivers/pinctrl/libdrivers__pinctrl.a(common.c.obj)
 .debug_abbrev  0x0000000000004073      0x169 zephyr/drivers/pinctrl/libdrivers__pinctrl.a(pinctrl_rpi_pico.c.obj)
 .debug_abbrev  0x00000000000041dc      0x2d2 zephyr/drivers/reset/libdrivers__reset.a(reset_rpi_pico.c.obj)
 .debug_abbrev  0x00000000000044ae      0x4a0 modules/hal_rpi_pico/libmodules__hal_rpi_pico.a(clocks.c.obj)
 .debug_abbrev  0x000000000000494e      0x1a8 modules/hal_rpi_pico/libmodules__hal_rpi_pico.a(pll.c.obj)
 .debug_abbrev  0x0000000000004af6      0x107 modules/hal_rpi_pico/libmodules__hal_rpi_pico.a(xosc.c.obj)
 .debug_abbrev  0x0000000000004bfd      0x206 modules/hal_rpi_pico/libmodules__hal_rpi_pico.a(watchdog.c.obj)
 .debug_abbrev  0x0000000000004e03       0x95 modules/hal_rpi_pico/libmodules__hal_rpi_pico.a(platform.c.obj)
 .debug_abbrev  0x0000000000004e98      0x356 modules/hal_rpi_pico/libmodules__hal_rpi_pico.a(gpio.c.obj)
 .debug_abbrev  0x00000000000051ee      0x306 modules/hal_rpi_pico/libmodules__hal_rpi_pico.a(uart.c.obj)
 .debug_abbrev  0x00000000000054f4      0x2c6 zephyr/kernel/libkernel.a(device.c.obj)
 .debug_abbrev  0x00000000000057ba      0x17c zephyr/kernel/libkernel.a(errno.c.obj)
 .debug_abbrev  0x0000000000005936      0x416 zephyr/kernel/libkernel.a(fatal.c.obj)
 .debug_abbrev  0x0000000000005d4c      0x598 zephyr/kernel/libkernel.a(init.c.obj)
 .debug_abbrev  0x00000000000062e4      0x5ae zephyr/kernel/libkernel.a(thread.c.obj)
 .debug_abbrev  0x0000000000006892      0x147 zephyr/kernel/libkernel.a(idle.c.obj)
 .debug_abbrev  0x00000000000069d9      0x6c4 zephyr/kernel/libkernel.a(sched.c.obj)
 .debug_abbrev  0x000000000000709d       0xc3 zephyr/kernel/libkernel.a(xip.c.obj)
 .debug_abbrev  0x0000000000007160      0x4de zephyr/kernel/libkernel.a(timeout.c.obj)
 .debug_abbrev  0x000000000000763e       0x8c zephyr/kernel/libkernel.a(banner.c.obj)
 .debug_abbrev  0x00000000000076ca       0xfc zephyr/arch/common/libisr_tables.a(isr_tables.c.obj)

.debug_line     0x0000000000000000    0x11c43
 *(SORT_BY_ALIGNMENT(.debug_line) SORT_BY_ALIGNMENT(.debug_line.*) SORT_BY_ALIGNMENT(.debug_line_end))
 .debug_line    0x0000000000000000       0xf9 zephyr/CMakeFiles/zephyr_pre1.dir/dev_handles.c.obj